Setting up ESP32 Dev Environment and building firmware...
Building firmware with ESP-IDF...
Adding "set-target"'s dependency "fullclean" to list of commands with default set of options.
Executing action: fullclean
Executing action: set-target
Set Target to: esp32s3, new sdkconfig will be created.
Running cmake in directory /app/build
Executing "cmake -G Ninja -DPYTHON_DEPS_CHECKED=1 -DPYTHON=/home/jules/.espressif/python_env/idf5.4_py3.12_env/bin/python -DESP_PLATFORM=1 -DIDF_TARGET=esp32s3 -DCCACHE_ENABLE=0 /app"...
-- Existing sdkconfig '/app/sdkconfig' renamed to '/app/sdkconfig.old'.
-- Found Git: /usr/bin/git (found version "2.53.0")
-- Component directory /app/components/usb does not contain a CMakeLists.txt file. No component will be added
-- The C compiler identification is GNU 14.2.0
-- The CXX compiler identification is GNU 14.2.0
-- The ASM compiler identification is GNU
-- Found assembler: /home/jules/.espressif/tools/xtensa-esp-elf/esp-14.2.0_20241119/xtensa-esp-elf/bin/xtensa-esp32s3-elf-gcc
-- Detecting C compiler ABI info
-- Detecting C compiler ABI info - done
-- Check for working C compiler: /home/jules/.espressif/tools/xtensa-esp-elf/esp-14.2.0_20241119/xtensa-esp-elf/bin/xtensa-esp32s3-elf-gcc - skipped
-- Detecting C compile features
-- Detecting C compile features - done
-- Detecting CXX compiler ABI info
-- Detecting CXX compiler ABI info - done
-- Check for working CXX compiler: /home/jules/.espressif/tools/xtensa-esp-elf/esp-14.2.0_20241119/xtensa-esp-elf/bin/xtensa-esp32s3-elf-g++ - skipped
-- Detecting CXX compile features
-- Detecting CXX compile features - done
-- Building ESP-IDF components for target esp32s3
NOTICE: Skipping optional dependency: espressif/usb
NOTICE:
Following dependencies have new versions available:
Dependency "espressif/usb_host_hid": "1.2.0" -> "1.2.1"
Dependency "espressif/usb_host_msc": "1.2.0" -> "1.3.0"
Dependency "jgromes/radiolib": "7.7.1" -> "7.8.1"
Consider running "idf.py update-dependencies" to update your lock file.
NOTICE: Processing 6 dependencies:
NOTICE: [1/6] espressif/cjson (1.7.19~2)
NOTICE: [2/6] espressif/led_strip (3.0.3)
NOTICE: [3/6] espressif/usb_host_hid (1.2.0)
NOTICE: [4/6] espressif/usb_host_msc (1.2.0)
NOTICE: [5/6] jgromes/radiolib (7.7.1)
NOTICE: [6/6] idf (5.4.1)
NOTICE: Skipping optional dependency: espressif/usb
-- Project sdkconfig file /app/sdkconfig
Loading defaults file /app/sdkconfig.defaults...
-- Compiler supported targets: xtensa-esp-elf
-- Found Python3: /home/jules/.espressif/python_env/idf5.4_py3.12_env/bin/python (found version "3.12.13") found components: Interpreter
-- Performing Test CMAKE_HAVE_LIBC_PTHREAD
-- Performing Test CMAKE_HAVE_LIBC_PTHREAD - Success
-- Found Threads: TRUE
-- Performing Test C_COMPILER_SUPPORTS_WFORMAT_SIGNEDNESS
-- Performing Test C_COMPILER_SUPPORTS_WFORMAT_SIGNEDNESS - Success
-- App "app" version: 76dd794-dirty
-- Adding linker script /app/build/esp-idf/esp_system/ld/memory.ld
-- Adding linker script /app/build/esp-idf/esp_system/ld/sections.ld.in
-- Adding linker script /home/jules/esp/esp-idf/components/esp_rom/esp32s3/ld/esp32s3.rom.ld
-- Adding linker script /home/jules/esp/esp-idf/components/esp_rom/esp32s3/ld/esp32s3.rom.api.ld
-- Adding linker script /home/jules/esp/esp-idf/components/esp_rom/esp32s3/ld/esp32s3.rom.bt_funcs.ld
-- Adding linker script /home/jules/esp/esp-idf/components/esp_rom/esp32s3/ld/esp32s3.rom.libgcc.ld
-- Adding linker script /home/jules/esp/esp-idf/components/esp_rom/esp32s3/ld/esp32s3.rom.wdt.ld
-- Adding linker script /home/jules/esp/esp-idf/components/esp_rom/esp32s3/ld/esp32s3.rom.version.ld
-- Adding linker script /home/jules/esp/esp-idf/components/esp_rom/esp32s3/ld/esp32s3.rom.newlib.ld
-- Adding linker script /home/jules/esp/esp-idf/components/soc/esp32s3/ld/esp32s3.peripherals.ld
-- Components: app_trace app_update bootloader bootloader_support bt cmock console cxx driver efuse esp-tls esp_adc esp_app_format esp_bootloader_format esp_coex esp_common esp_driver_ana_cmpr esp_driver_cam esp_driver_dac esp_driver_gpio esp_driver_gptimer esp_driver_i2c esp_driver_i2s esp_driver_isp esp_driver_jpeg esp_driver_ledc esp_driver_mcpwm esp_driver_parlio esp_driver_pcnt esp_driver_ppa esp_driver_rmt esp_driver_sdio esp_driver_sdm esp_driver_sdmmc esp_driver_sdspi esp_driver_spi esp_driver_touch_sens esp_driver_tsens esp_driver_uart esp_driver_usb_serial_jtag esp_eth esp_event esp_gdbstub esp_hid esp_http_client esp_http_server esp_https_ota esp_https_server esp_hw_support esp_lcd esp_local_ctrl esp_mm esp_netif esp_netif_stack esp_partition esp_phy esp_pm esp_psram esp_ringbuf esp_rom esp_security esp_system esp_timer esp_vfs_console esp_wifi espcoredump espressif__cjson espressif__led_strip espressif__usb_host_hid espressif__usb_host_msc esptool_py fatfs freertos hal heap http_parser idf_test ieee802154 jgromes__radiolib json log lwip main mbedtls mqtt newlib nvs_flash nvs_sec_provider openthread partition_table perfmon protobuf-c protocomm pthread rt sdmmc soc spi_flash spiffs sqlite3 tcp_transport touch_element ulp unity usb vfs wear_levelling wifi_provisioning wpa_supplicant xtensa
-- Component paths: /home/jules/esp/esp-idf/components/app_trace /home/jules/esp/esp-idf/components/app_update /home/jules/esp/esp-idf/components/bootloader /home/jules/esp/esp-idf/components/bootloader_support /home/jules/esp/esp-idf/components/bt /home/jules/esp/esp-idf/components/cmock /home/jules/esp/esp-idf/components/console /home/jules/esp/esp-idf/components/cxx /home/jules/esp/esp-idf/components/driver /home/jules/esp/esp-idf/components/efuse /home/jules/esp/esp-idf/components/esp-tls /home/jules/esp/esp-idf/components/esp_adc /home/jules/esp/esp-idf/components/esp_app_format /home/jules/esp/esp-idf/components/esp_bootloader_format /home/jules/esp/esp-idf/components/esp_coex /home/jules/esp/esp-idf/components/esp_common /home/jules/esp/esp-idf/components/esp_driver_ana_cmpr /home/jules/esp/esp-idf/components/esp_driver_cam /home/jules/esp/esp-idf/components/esp_driver_dac /home/jules/esp/esp-idf/components/esp_driver_gpio /home/jules/esp/esp-idf/components/esp_driver_gptimer /home/jules/esp/esp-idf/components/esp_driver_i2c /home/jules/esp/esp-idf/components/esp_driver_i2s /home/jules/esp/esp-idf/components/esp_driver_isp /home/jules/esp/esp-idf/components/esp_driver_jpeg /home/jules/esp/esp-idf/components/esp_driver_ledc /home/jules/esp/esp-idf/components/esp_driver_mcpwm /home/jules/esp/esp-idf/components/esp_driver_parlio /home/jules/esp/esp-idf/components/esp_driver_pcnt /home/jules/esp/esp-idf/components/esp_driver_ppa /home/jules/esp/esp-idf/components/esp_driver_rmt /home/jules/esp/esp-idf/components/esp_driver_sdio /home/jules/esp/esp-idf/components/esp_driver_sdm /home/jules/esp/esp-idf/components/esp_driver_sdmmc /home/jules/esp/esp-idf/components/esp_driver_sdspi /home/jules/esp/esp-idf/components/esp_driver_spi /home/jules/esp/esp-idf/components/esp_driver_touch_sens /home/jules/esp/esp-idf/components/esp_driver_tsens /home/jules/esp/esp-idf/components/esp_driver_uart /home/jules/esp/esp-idf/components/esp_driver_usb_serial_jtag /home/jules/esp/esp-idf/components/esp_eth /home/jules/esp/esp-idf/components/esp_event /home/jules/esp/esp-idf/components/esp_gdbstub /home/jules/esp/esp-idf/components/esp_hid /home/jules/esp/esp-idf/components/esp_http_client /home/jules/esp/esp-idf/components/esp_http_server /home/jules/esp/esp-idf/components/esp_https_ota /home/jules/esp/esp-idf/components/esp_https_server /home/jules/esp/esp-idf/components/esp_hw_support /home/jules/esp/esp-idf/components/esp_lcd /home/jules/esp/esp-idf/components/esp_local_ctrl /home/jules/esp/esp-idf/components/esp_mm /home/jules/esp/esp-idf/components/esp_netif /home/jules/esp/esp-idf/components/esp_netif_stack /home/jules/esp/esp-idf/components/esp_partition /home/jules/esp/esp-idf/components/esp_phy /home/jules/esp/esp-idf/components/esp_pm /home/jules/esp/esp-idf/components/esp_psram /home/jules/esp/esp-idf/components/esp_ringbuf /home/jules/esp/esp-idf/components/esp_rom /home/jules/esp/esp-idf/components/esp_security /home/jules/esp/esp-idf/components/esp_system /home/jules/esp/esp-idf/components/esp_timer /home/jules/esp/esp-idf/components/esp_vfs_console /home/jules/esp/esp-idf/components/esp_wifi /home/jules/esp/esp-idf/components/espcoredump /app/managed_components/espressif__cjson /app/managed_components/espressif__led_strip /app/managed_components/espressif__usb_host_hid /app/managed_components/espressif__usb_host_msc /home/jules/esp/esp-idf/components/esptool_py /home/jules/esp/esp-idf/components/fatfs /home/jules/esp/esp-idf/components/freertos /home/jules/esp/esp-idf/components/hal /home/jules/esp/esp-idf/components/heap /home/jules/esp/esp-idf/components/http_parser /home/jules/esp/esp-idf/components/idf_test /home/jules/esp/esp-idf/components/ieee802154 /app/managed_components/jgromes__radiolib /home/jules/esp/esp-idf/components/json /home/jules/esp/esp-idf/components/log /home/jules/esp/esp-idf/components/lwip /app/main /home/jules/esp/esp-idf/components/mbedtls /home/jules/esp/esp-idf/components/mqtt /home/jules/esp/esp-idf/components/newlib /home/jules/esp/esp-idf/components/nvs_flash /home/jules/esp/esp-idf/components/nvs_sec_provider /home/jules/esp/esp-idf/components/openthread /home/jules/esp/esp-idf/components/partition_table /home/jules/esp/esp-idf/components/perfmon /home/jules/esp/esp-idf/components/protobuf-c /home/jules/esp/esp-idf/components/protocomm /home/jules/esp/esp-idf/components/pthread /home/jules/esp/esp-idf/components/rt /home/jules/esp/esp-idf/components/sdmmc /home/jules/esp/esp-idf/components/soc /home/jules/esp/esp-idf/components/spi_flash /home/jules/esp/esp-idf/components/spiffs /app/sqlite3 /home/jules/esp/esp-idf/components/tcp_transport /home/jules/esp/esp-idf/components/touch_element /home/jules/esp/esp-idf/components/ulp /home/jules/esp/esp-idf/components/unity /home/jules/esp/esp-idf/components/usb /home/jules/esp/esp-idf/components/vfs /home/jules/esp/esp-idf/components/wear_levelling /home/jules/esp/esp-idf/components/wifi_provisioning /home/jules/esp/esp-idf/components/wpa_supplicant /home/jules/esp/esp-idf/components/xtensa
-- Configuring done (9.6s)
-- Generating done (0.8s)
-- Build files have been written to: /app/build
Executing action: all (aliases: build)
Running ninja in directory /app/build
Executing "ninja all"...
[1/1459] Generating project_elf_src_esp32s3.c
[2/1459] Generating /app/build/esp-idf/esp_system/ld/memory.ld linker script...
[3/1459] Generating /app/build/esp-idf/esp_system/ld/sections.ld.in linker script...
[4/1459] Generating ../../ota_data_initial.bin
[5/1459] Building C object esp-idf/mbedtls/mbedtls/3rdparty/everest/CMakeFiles/everest.dir/library/Hacl_Curve25519_joined.c.obj
[6/1459] Building C object esp-idf/mbedtls/mbedtls/3rdparty/everest/CMakeFiles/everest.dir/library/everest.c.obj
[7/1459] Building C object esp-idf/mbedtls/mbedtls/3rdparty/everest/CMakeFiles/everest.dir/library/x25519.c.obj
[8/1459] Generating ../../partition_table/partition-table.bin
Partition table binary generated. Contents:
*******************************************************************************
# ESP-IDF Partition Table
# Name, Type, SubType, Offset, Size, Flags
nvs,data,nvs,0x9000,36K,
otadata,data,ota,0x12000,8K,
app0,app,ota_0,0x20000,3M,
storage,data,spiffs,0x400000,1M,
*******************************************************************************
[9/1459] cd /app/build/esp-idf/main && /home/jules/.espressif/python_env/idf5.4_py3.12_env/bin/python /home/jules/esp/esp-idf/components/spiffs/spiffsgen.py 0x100000 /app/main/web_assets /app/build/storage.bin --page-size=256 --obj-name-len=32 --meta-len=4 --use-magic --use-magic-len
[10/1459] Building C object esp-idf/mbedtls/mbedtls/3rdparty/p256-m/CMakeFiles/p256m.dir/p256-m_driver_entrypoints.c.obj
[11/1459] Building C object esp-idf/mbedtls/mbedtls/3rdparty/p256-m/CMakeFiles/p256m.dir/p256-m/p256-m.c.obj
[12/1459] Building C object esp-idf/mbedtls/mbedtls/library/CMakeFiles/mbedcrypto.dir/aesce.c.obj
[13/1459] Building C object esp-idf/mbedtls/mbedtls/library/CMakeFiles/mbedcrypto.dir/aesni.c.obj
[14/1459] Building C object esp-idf/mbedtls/mbedtls/library/CMakeFiles/mbedcrypto.dir/aes.c.obj
[15/1459] Building C object esp-idf/mbedtls/mbedtls/library/CMakeFiles/mbedcrypto.dir/asn1write.c.obj
[16/1459] Building C object esp-idf/mbedtls/mbedtls/library/CMakeFiles/mbedcrypto.dir/bignum_mod.c.obj
[17/1459] Building C object esp-idf/mbedtls/mbedtls/library/CMakeFiles/mbedcrypto.dir/asn1parse.c.obj
[18/1459] Building C object esp-idf/mbedtls/mbedtls/library/CMakeFiles/mbedcrypto.dir/aria.c.obj
[19/1459] Building C object esp-idf/mbedtls/mbedtls/library/CMakeFiles/mbedcrypto.dir/base64.c.obj
[20/1459] Building C object esp-idf/mbedtls/mbedtls/library/CMakeFiles/mbedcrypto.dir/block_cipher.c.obj
[21/1459] Building C object esp-idf/mbedtls/mbedtls/library/CMakeFiles/mbedcrypto.dir/bignum_mod_raw.c.obj
[22/1459] Building C object esp-idf/mbedtls/mbedtls/library/CMakeFiles/mbedcrypto.dir/camellia.c.obj
[23/1459] Building C object esp-idf/mbedtls/mbedtls/library/CMakeFiles/mbedcrypto.dir/chacha20.c.obj
[24/1459] Building C object esp-idf/mbedtls/mbedtls/library/CMakeFiles/mbedcrypto.dir/chachapoly.c.obj
[25/1459] Building C object esp-idf/mbedtls/mbedtls/library/CMakeFiles/mbedcrypto.dir/bignum_core.c.obj
[26/1459] Building C object esp-idf/mbedtls/mbedtls/library/CMakeFiles/mbedcrypto.dir/ccm.c.obj
[27/1459] Building C object esp-idf/mbedtls/mbedtls/library/CMakeFiles/mbedcrypto.dir/bignum.c.obj
[28/1459] Building C object esp-idf/mbedtls/mbedtls/library/CMakeFiles/mbedcrypto.dir/constant_time.c.obj
[29/1459] Building C object esp-idf/mbedtls/mbedtls/library/CMakeFiles/mbedcrypto.dir/cipher_wrap.c.obj
[30/1459] Building C object esp-idf/mbedtls/mbedtls/library/CMakeFiles/mbedcrypto.dir/dhm.c.obj
[31/1459] Building C object esp-idf/mbedtls/mbedtls/library/CMakeFiles/mbedcrypto.dir/des.c.obj
[32/1459] Building C object esp-idf/mbedtls/mbedtls/library/CMakeFiles/mbedcrypto.dir/cmac.c.obj
[33/1459] Building C object esp-idf/mbedtls/mbedtls/library/CMakeFiles/mbedcrypto.dir/cipher.c.obj
[34/1459] Building C object esp-idf/mbedtls/mbedtls/library/CMakeFiles/mbedcrypto.dir/ecjpake.c.obj
[35/1459] Building C object esp-idf/mbedtls/mbedtls/library/CMakeFiles/mbedcrypto.dir/ctr_drbg.c.obj
[36/1459] Building C object esp-idf/mbedtls/mbedtls/library/CMakeFiles/mbedcrypto.dir/ecdh.c.obj
[37/1459] Building C object esp-idf/mbedtls/mbedtls/library/CMakeFiles/mbedcrypto.dir/ecp_curves_new.c.obj
[38/1459] Building C object esp-idf/mbedtls/mbedtls/library/CMakeFiles/mbedcrypto.dir/ecdsa.c.obj
[39/1459] Building C object esp-idf/mbedtls/mbedtls/library/CMakeFiles/mbedcrypto.dir/entropy_poll.c.obj
[40/1459] Building C object esp-idf/mbedtls/mbedtls/library/CMakeFiles/mbedcrypto.dir/hkdf.c.obj
[41/1459] Building C object esp-idf/mbedtls/mbedtls/library/CMakeFiles/mbedcrypto.dir/entropy.c.obj
[42/1459] Building C object esp-idf/mbedtls/mbedtls/library/CMakeFiles/mbedcrypto.dir/error.c.obj
[43/1459] Building C object esp-idf/mbedtls/mbedtls/library/CMakeFiles/mbedcrypto.dir/ecp_curves.c.obj
[44/1459] Building C object esp-idf/mbedtls/mbedtls/library/CMakeFiles/mbedcrypto.dir/hmac_drbg.c.obj
[45/1459] Building C object esp-idf/mbedtls/mbedtls/library/CMakeFiles/mbedcrypto.dir/gcm.c.obj
[46/1459] Building C object esp-idf/mbedtls/mbedtls/library/CMakeFiles/mbedcrypto.dir/lmots.c.obj
[47/1459] Building C object esp-idf/mbedtls/mbedtls/library/CMakeFiles/mbedcrypto.dir/ecp.c.obj
[48/1459] Building C object esp-idf/mbedtls/mbedtls/library/CMakeFiles/mbedcrypto.dir/memory_buffer_alloc.c.obj
[49/1459] Building C object esp-idf/mbedtls/mbedtls/library/CMakeFiles/mbedcrypto.dir/nist_kw.c.obj
[50/1459] Building C object esp-idf/mbedtls/mbedtls/library/CMakeFiles/mbedcrypto.dir/md5.c.obj
[51/1459] Building C object esp-idf/mbedtls/mbedtls/library/CMakeFiles/mbedcrypto.dir/lms.c.obj
[52/1459] Building C object esp-idf/mbedtls/mbedtls/library/CMakeFiles/mbedcrypto.dir/padlock.c.obj
[53/1459] Building C object esp-idf/mbedtls/mbedtls/library/CMakeFiles/mbedcrypto.dir/md.c.obj
[54/1459] Building C object esp-idf/mbedtls/mbedtls/library/CMakeFiles/mbedcrypto.dir/pem.c.obj
[55/1459] Building C object esp-idf/mbedtls/mbedtls/library/CMakeFiles/mbedcrypto.dir/pk_wrap.c.obj
[56/1459] Building C object esp-idf/mbedtls/mbedtls/library/CMakeFiles/mbedcrypto.dir/pk_ecc.c.obj
[57/1459] Building C object esp-idf/mbedtls/mbedtls/library/CMakeFiles/mbedcrypto.dir/pkcs12.c.obj
[58/1459] Building C object esp-idf/mbedtls/mbedtls/library/CMakeFiles/mbedcrypto.dir/oid.c.obj
[59/1459] Building C object esp-idf/mbedtls/mbedtls/library/CMakeFiles/mbedcrypto.dir/pk.c.obj
[60/1459] Building C object esp-idf/mbedtls/mbedtls/library/CMakeFiles/mbedcrypto.dir/pkcs5.c.obj
[61/1459] Building C object esp-idf/mbedtls/mbedtls/library/CMakeFiles/mbedcrypto.dir/platform_util.c.obj
[62/1459] Building C object esp-idf/mbedtls/mbedtls/library/CMakeFiles/mbedcrypto.dir/platform.c.obj
[63/1459] Building C object esp-idf/mbedtls/mbedtls/library/CMakeFiles/mbedcrypto.dir/pkwrite.c.obj
[64/1459] Building C object esp-idf/mbedtls/mbedtls/library/CMakeFiles/mbedcrypto.dir/poly1305.c.obj
[65/1459] Building C object esp-idf/mbedtls/mbedtls/library/CMakeFiles/mbedcrypto.dir/psa_crypto_client.c.obj
[66/1459] Building C object esp-idf/mbedtls/mbedtls/library/CMakeFiles/mbedcrypto.dir/psa_crypto_aead.c.obj
[67/1459] Building C object esp-idf/mbedtls/mbedtls/library/CMakeFiles/mbedcrypto.dir/pkparse.c.obj
[68/1459] Building C object esp-idf/mbedtls/mbedtls/library/CMakeFiles/mbedcrypto.dir/psa_crypto_driver_wrappers_no_static.c.obj
[69/1459] Building C object esp-idf/mbedtls/mbedtls/library/CMakeFiles/mbedcrypto.dir/psa_crypto_cipher.c.obj
[70/1459] Building C object esp-idf/mbedtls/mbedtls/library/CMakeFiles/mbedcrypto.dir/psa_crypto_ffdh.c.obj
[71/1459] Building C object esp-idf/mbedtls/mbedtls/library/CMakeFiles/mbedcrypto.dir/psa_crypto_hash.c.obj
[72/1459] Building C object esp-idf/mbedtls/mbedtls/library/CMakeFiles/mbedcrypto.dir/psa_crypto_ecp.c.obj
[73/1459] Building C object esp-idf/mbedtls/mbedtls/library/CMakeFiles/mbedcrypto.dir/psa_crypto_se.c.obj
[74/1459] Building C object esp-idf/mbedtls/mbedtls/library/CMakeFiles/mbedcrypto.dir/psa_crypto_pake.c.obj
[75/1459] Building C object esp-idf/mbedtls/mbedtls/library/CMakeFiles/mbedcrypto.dir/psa_crypto_mac.c.obj
[76/1459] Building C object esp-idf/mbedtls/mbedtls/library/CMakeFiles/mbedcrypto.dir/psa_crypto_storage.c.obj
[77/1459] Building C object esp-idf/mbedtls/mbedtls/library/CMakeFiles/mbedcrypto.dir/psa_crypto_rsa.c.obj
[78/1459] Building C object esp-idf/mbedtls/mbedtls/library/CMakeFiles/mbedcrypto.dir/psa_its_file.c.obj
[79/1459] Building C object esp-idf/mbedtls/mbedtls/library/CMakeFiles/mbedcrypto.dir/ripemd160.c.obj
[80/1459] Building C object esp-idf/mbedtls/mbedtls/library/CMakeFiles/mbedcrypto.dir/psa_crypto_slot_management.c.obj
[81/1459] Building C object esp-idf/mbedtls/mbedtls/library/CMakeFiles/mbedcrypto.dir/psa_util.c.obj
[82/1459] Building C object esp-idf/mbedtls/mbedtls/library/CMakeFiles/mbedcrypto.dir/sha1.c.obj
[83/1459] Building C object esp-idf/mbedtls/mbedtls/library/CMakeFiles/mbedcrypto.dir/rsa_alt_helpers.c.obj
[84/1459] Building C object esp-idf/mbedtls/mbedtls/library/CMakeFiles/mbedcrypto.dir/sha256.c.obj
[85/1459] Building C object esp-idf/mbedtls/mbedtls/library/CMakeFiles/mbedcrypto.dir/sha3.c.obj
[86/1459] Building C object esp-idf/mbedtls/mbedtls/library/CMakeFiles/mbedcrypto.dir/threading.c.obj
[87/1459] Building C object esp-idf/mbedtls/mbedtls/library/CMakeFiles/mbedcrypto.dir/sha512.c.obj
[88/1459] Building C object esp-idf/mbedtls/mbedtls/library/CMakeFiles/mbedcrypto.dir/version.c.obj
[89/1459] Building C object esp-idf/mbedtls/mbedtls/library/CMakeFiles/mbedcrypto.dir/timing.c.obj
[90/1459] Building C object esp-idf/mbedtls/mbedtls/library/CMakeFiles/mbedcrypto.dir/version_features.c.obj
[91/1459] Building C object esp-idf/mbedtls/mbedtls/library/CMakeFiles/mbedcrypto.dir/home/jules/esp/esp-idf/components/mbedtls/port/sha/dma/esp_sha_gdma_impl.c.obj
[92/1459] Building C object esp-idf/mbedtls/mbedtls/library/CMakeFiles/mbedcrypto.dir/home/jules/esp/esp-idf/components/mbedtls/port/aes/dma/esp_aes_gdma_impl.c.obj
[93/1459] Building C object esp-idf/mbedtls/mbedtls/library/CMakeFiles/mbedcrypto.dir/home/jules/esp/esp-idf/components/mbedtls/port/crypto_shared_gdma/esp_crypto_shared_gdma.c.obj
[94/1459] Building C object esp-idf/mbedtls/mbedtls/library/CMakeFiles/mbedcrypto.dir/home/jules/esp/esp-idf/components/mbedtls/port/esp_hardware.c.obj
[95/1459] Building C object esp-idf/mbedtls/mbedtls/library/CMakeFiles/mbedcrypto.dir/home/jules/esp/esp-idf/components/mbedtls/port/aes/dma/esp_aes_dma_core.c.obj
[96/1459] Building C object esp-idf/mbedtls/mbedtls/library/CMakeFiles/mbedcrypto.dir/home/jules/esp/esp-idf/components/mbedtls/port/esp_mem.c.obj
[97/1459] Building C object esp-idf/mbedtls/mbedtls/library/CMakeFiles/mbedcrypto.dir/home/jules/esp/esp-idf/components/mbedtls/port/esp_timing.c.obj
[98/1459] Building C object esp-idf/mbedtls/mbedtls/library/CMakeFiles/mbedcrypto.dir/home/jules/esp/esp-idf/components/mbedtls/port/aes/esp_aes_xts.c.obj
[99/1459] Building C object esp-idf/mbedtls/mbedtls/library/CMakeFiles/mbedcrypto.dir/home/jules/esp/esp-idf/components/mbedtls/port/aes/esp_aes_common.c.obj
[100/1459] Building C object esp-idf/mbedtls/mbedtls/library/CMakeFiles/mbedcrypto.dir/home/jules/esp/esp-idf/components/mbedtls/port/sha/esp_sha.c.obj
[101/1459] Building C object esp-idf/mbedtls/mbedtls/library/CMakeFiles/mbedcrypto.dir/home/jules/esp/esp-idf/components/mbedtls/port/aes/dma/esp_aes.c.obj
[102/1459] Building C object esp-idf/mbedtls/mbedtls/library/CMakeFiles/mbedcrypto.dir/rsa.c.obj
[103/1459] Building C object esp-idf/mbedtls/mbedtls/library/CMakeFiles/mbedcrypto.dir/home/jules/esp/esp-idf/components/mbedtls/port/sha/dma/sha.c.obj
[104/1459] Building C object esp-idf/mbedtls/mbedtls/library/CMakeFiles/mbedcrypto.dir/home/jules/esp/esp-idf/components/mbedtls/port/bignum/esp_bignum.c.obj
[105/1459] Building C object esp-idf/mbedtls/mbedtls/library/CMakeFiles/mbedcrypto.dir/home/jules/esp/esp-idf/components/mbedtls/port/bignum/bignum_alt.c.obj
[106/1459] Building C object esp-idf/mbedtls/mbedtls/library/CMakeFiles/mbedcrypto.dir/psa_crypto.c.obj
[107/1459] Building C object esp-idf/mbedtls/mbedtls/library/CMakeFiles/mbedcrypto.dir/home/jules/esp/esp-idf/components/mbedtls/port/esp_ds/esp_rsa_sign_alt.c.obj
[108/1459] Building C object esp-idf/mbedtls/mbedtls/library/CMakeFiles/mbedcrypto.dir/home/jules/esp/esp-idf/components/mbedtls/port/sha/dma/esp_sha1.c.obj
[109/1459] Building C object esp-idf/mbedtls/mbedtls/library/CMakeFiles/mbedcrypto.dir/home/jules/esp/esp-idf/components/mbedtls/port/md/esp_md.c.obj
[110/1459] Building C object esp-idf/mbedtls/mbedtls/library/CMakeFiles/mbedcrypto.dir/home/jules/esp/esp-idf/components/mbedtls/port/sha/dma/esp_sha512.c.obj
[111/1459] Building C object esp-idf/mbedtls/mbedtls/library/CMakeFiles/mbedcrypto.dir/home/jules/esp/esp-idf/components/mbedtls/port/sha/dma/esp_sha256.c.obj
[112/1459] Building C object esp-idf/mbedtls/mbedtls/library/CMakeFiles/mbedcrypto.dir/home/jules/esp/esp-idf/components/mbedtls/port/aes/esp_aes_gcm.c.obj
[113/1459] Building C object esp-idf/mbedtls/mbedtls/library/CMakeFiles/mbedx509.dir/pkcs7.c.obj
[114/1459] Building C object esp-idf/mbedtls/mbedtls/library/CMakeFiles/mbedx509.dir/x509_crl.c.obj
[115/1459] Building C object esp-idf/mbedtls/mbedtls/library/CMakeFiles/mbedx509.dir/x509_create.c.obj
[116/1459] Building C object esp-idf/mbedtls/mbedtls/library/CMakeFiles/mbedx509.dir/x509write.c.obj
[117/1459] Building C object esp-idf/mbedtls/mbedtls/library/CMakeFiles/mbedx509.dir/x509_csr.c.obj
[118/1459] Building C object esp-idf/mbedtls/mbedtls/library/CMakeFiles/mbedtls.dir/debug.c.obj
[119/1459] Building C object esp-idf/mbedtls/mbedtls/library/CMakeFiles/mbedx509.dir/x509write_csr.c.obj
[120/1459] Building C object esp-idf/mbedtls/mbedtls/library/CMakeFiles/mbedtls.dir/mps_reader.c.obj
[121/1459] Building C object esp-idf/mbedtls/mbedtls/library/CMakeFiles/mbedtls.dir/mps_trace.c.obj
[122/1459] Building C object esp-idf/mbedtls/mbedtls/library/CMakeFiles/mbedx509.dir/x509.c.obj
[123/1459] Building C object esp-idf/mbedtls/mbedtls/library/CMakeFiles/mbedx509.dir/x509write_crt.c.obj
[124/1459] Building C object esp-idf/mbedtls/mbedtls/library/CMakeFiles/mbedtls.dir/ssl_debug_helpers_generated.c.obj
[125/1459] Building C object esp-idf/mbedtls/mbedtls/library/CMakeFiles/mbedx509.dir/x509_crt.c.obj
[126/1459] Building C object esp-idf/mbedtls/mbedtls/library/CMakeFiles/mbedtls.dir/ssl_cookie.c.obj
[127/1459] Building C object esp-idf/mbedtls/mbedtls/library/CMakeFiles/mbedtls.dir/ssl_cache.c.obj
[128/1459] Building C object esp-idf/mbedtls/mbedtls/library/CMakeFiles/mbedtls.dir/ssl_ciphersuites.c.obj
[129/1459] Building C object esp-idf/mbedtls/mbedtls/library/CMakeFiles/mbedtls.dir/ssl_ticket.c.obj
[130/1459] Building C object esp-idf/mbedtls/mbedtls/library/CMakeFiles/mbedtls.dir/ssl_client.c.obj
[131/1459] Building C object esp-idf/mbedtls/mbedtls/library/CMakeFiles/mbedtls.dir/ssl_tls13_server.c.obj
[132/1459] Building C object esp-idf/mbedtls/mbedtls/library/CMakeFiles/mbedtls.dir/ssl_tls13_keys.c.obj
[133/1459] Building C object esp-idf/mbedtls/mbedtls/library/CMakeFiles/mbedtls.dir/ssl_msg.c.obj
[134/1459] Building C object esp-idf/mbedtls/mbedtls/library/CMakeFiles/mbedtls.dir/ssl_tls13_client.c.obj
[135/1459] Building C object esp-idf/mbedtls/mbedtls/library/CMakeFiles/mbedtls.dir/ssl_tls13_generic.c.obj
[136/1459] Building C object esp-idf/mbedtls/mbedtls/library/CMakeFiles/mbedtls.dir/home/jules/esp/esp-idf/components/mbedtls/port/mbedtls_debug.c.obj
[137/1459] Creating directories for 'bootloader'
[138/1459] Building C object esp-idf/mbedtls/mbedtls/library/CMakeFiles/mbedtls.dir/home/jules/esp/esp-idf/components/mbedtls/port/esp_platform_time.c.obj
[139/1459] No download step for 'bootloader'
[140/1459] No update step for 'bootloader'
[141/1459] Building C object esp-idf/mbedtls/mbedtls/library/CMakeFiles/mbedtls.dir/ssl_tls12_client.c.obj
[142/1459] Building C object esp-idf/esp_app_format/CMakeFiles/__idf_esp_app_format.dir/esp_app_desc.c.obj
[143/1459] No patch step for 'bootloader'
[144/1459] Building C object esp-idf/mbedtls/mbedtls/library/CMakeFiles/mbedtls.dir/ssl_tls12_server.c.obj
[145/1459] Building C object esp-idf/mbedtls/mbedtls/library/CMakeFiles/mbedtls.dir/home/jules/esp/esp-idf/components/mbedtls/port/net_sockets.c.obj
[146/1459] Building C object esp-idf/esp_bootloader_format/CMakeFiles/__idf_esp_bootloader_format.dir/esp_bootloader_desc.c.obj
[147/1459] Building C object esp-idf/app_update/CMakeFiles/__idf_app_update.dir/esp_ota_app_desc.c.obj
[148/1459] Building C object esp-idf/efuse/CMakeFiles/__idf_efuse.dir/esp32s3/esp_efuse_table.c.obj
[149/1459] Building C object esp-idf/esp_partition/CMakeFiles/__idf_esp_partition.dir/partition_target.c.obj
[150/1459] Building C object esp-idf/efuse/CMakeFiles/__idf_efuse.dir/esp32s3/esp_efuse_fields.c.obj
[151/1459] Building C object esp-idf/mbedtls/mbedtls/library/CMakeFiles/mbedtls.dir/ssl_tls.c.obj
[152/1459] Building C object esp-idf/esp_partition/CMakeFiles/__idf_esp_partition.dir/partition.c.obj
[153/1459] Building C object esp-idf/efuse/CMakeFiles/__idf_efuse.dir/esp32s3/esp_efuse_rtc_calib.c.obj
[154/1459] Building C object esp-idf/app_update/CMakeFiles/__idf_app_update.dir/esp_ota_ops.c.obj
[155/1459] Building C object esp-idf/efuse/CMakeFiles/__idf_efuse.dir/esp32s3/esp_efuse_utility.c.obj
[156/1459] Building C object esp-idf/efuse/CMakeFiles/__idf_efuse.dir/src/esp_efuse_api.c.obj
[157/1459] Building C object esp-idf/efuse/CMakeFiles/__idf_efuse.dir/src/esp_efuse_fields.c.obj
[158/1459] Building C object esp-idf/efuse/CMakeFiles/__idf_efuse.dir/src/esp_efuse_utility.c.obj
[159/1459] Building C object esp-idf/efuse/CMakeFiles/__idf_efuse.dir/src/esp_efuse_startup.c.obj
[160/1459] Building C object esp-idf/efuse/CMakeFiles/__idf_efuse.dir/src/efuse_controller/keys/with_key_purposes/esp_efuse_api_key.c.obj
[161/1459] Building C object esp-idf/bootloader_support/CMakeFiles/__idf_bootloader_support.dir/src/bootloader_clock_init.c.obj
[162/1459] Building C object esp-idf/bootloader_support/CMakeFiles/__idf_bootloader_support.dir/src/bootloader_mem.c.obj
[163/1459] Building C object esp-idf/bootloader_support/CMakeFiles/__idf_bootloader_support.dir/src/bootloader_random.c.obj
[164/1459] Building C object esp-idf/bootloader_support/CMakeFiles/__idf_bootloader_support.dir/src/bootloader_common.c.obj
[165/1459] Building C object esp-idf/bootloader_support/CMakeFiles/__idf_bootloader_support.dir/src/bootloader_efuse.c.obj
[166/1459] Building C object esp-idf/bootloader_support/CMakeFiles/__idf_bootloader_support.dir/src/bootloader_common_loader.c.obj
[167/1459] Building C object esp-idf/bootloader_support/CMakeFiles/__idf_bootloader_support.dir/src/bootloader_random_esp32s3.c.obj
[168/1459] Building C object esp-idf/bootloader_support/CMakeFiles/__idf_bootloader_support.dir/src/flash_encrypt.c.obj
[169/1459] Building C object esp-idf/bootloader_support/CMakeFiles/__idf_bootloader_support.dir/src/secure_boot.c.obj
[170/1459] Building C object esp-idf/bootloader_support/CMakeFiles/__idf_bootloader_support.dir/bootloader_flash/src/flash_qio_mode.c.obj
[171/1459] Building C object esp-idf/bootloader_support/CMakeFiles/__idf_bootloader_support.dir/src/flash_partitions.c.obj
[172/1459] Building C object esp-idf/bootloader_support/CMakeFiles/__idf_bootloader_support.dir/bootloader_flash/src/bootloader_flash_config_esp32s3.c.obj
[173/1459] Building C object esp-idf/bootloader_support/CMakeFiles/__idf_bootloader_support.dir/bootloader_flash/src/bootloader_flash.c.obj
[174/1459] Building C object esp-idf/bootloader_support/CMakeFiles/__idf_bootloader_support.dir/src/esp32s3/secure_boot_secure_features.c.obj
[175/1459] Building C object esp-idf/bootloader_support/CMakeFiles/__idf_bootloader_support.dir/src/idf/bootloader_sha.c.obj
[176/1459] Building C object esp-idf/esp_mm/CMakeFiles/__idf_esp_mm.dir/port/esp32s3/ext_mem_layout.c.obj
[177/1459] Building C object esp-idf/bootloader_support/CMakeFiles/__idf_bootloader_support.dir/src/esp_image_format.c.obj
[178/1459] Building C object esp-idf/bootloader_support/CMakeFiles/__idf_bootloader_support.dir/src/bootloader_utility.c.obj
[179/1459] Building C object esp-idf/spi_flash/CMakeFiles/__idf_spi_flash.dir/flash_brownout_hook.c.obj
[180/1459] Building C object esp-idf/esp_mm/CMakeFiles/__idf_esp_mm.dir/heap_align_hw.c.obj
[181/1459] Building C object esp-idf/esp_mm/CMakeFiles/__idf_esp_mm.dir/esp_cache.c.obj
[182/1459] Building C object esp-idf/spi_flash/CMakeFiles/__idf_spi_flash.dir/spi_flash_chip_drivers.c.obj
[183/1459] Building C object esp-idf/esp_mm/CMakeFiles/__idf_esp_mm.dir/esp_mmu_map.c.obj
[184/1459] Building C object esp-idf/spi_flash/CMakeFiles/__idf_spi_flash.dir/esp32s3/spi_flash_oct_flash_init.c.obj
[185/1459] Building C object esp-idf/spi_flash/CMakeFiles/__idf_spi_flash.dir/spi_flash_hpm_enable.c.obj
[186/1459] Building C object esp-idf/spi_flash/CMakeFiles/__idf_spi_flash.dir/spi_flash_chip_issi.c.obj
[187/1459] Building C object esp-idf/spi_flash/CMakeFiles/__idf_spi_flash.dir/spi_flash_chip_mxic.c.obj
[188/1459] Building C object esp-idf/spi_flash/CMakeFiles/__idf_spi_flash.dir/spi_flash_chip_gd.c.obj
[189/1459] Building C object esp-idf/spi_flash/CMakeFiles/__idf_spi_flash.dir/spi_flash_chip_winbond.c.obj
[190/1459] Building C object esp-idf/spi_flash/CMakeFiles/__idf_spi_flash.dir/spi_flash_chip_boya.c.obj
[191/1459] Building C object esp-idf/spi_flash/CMakeFiles/__idf_spi_flash.dir/spi_flash_chip_th.c.obj
[192/1459] Building C object esp-idf/spi_flash/CMakeFiles/__idf_spi_flash.dir/spi_flash_chip_generic.c.obj
[193/1459] Building C object esp-idf/spi_flash/CMakeFiles/__idf_spi_flash.dir/spi_flash_chip_mxic_opi.c.obj
[194/1459] Building C object esp-idf/spi_flash/CMakeFiles/__idf_spi_flash.dir/memspi_host_driver.c.obj
[195/1459] Building C object esp-idf/spi_flash/CMakeFiles/__idf_spi_flash.dir/spi_flash_wrap.c.obj
[196/1459] Building C object esp-idf/spi_flash/CMakeFiles/__idf_spi_flash.dir/cache_utils.c.obj
[197/1459] Building C object esp-idf/spi_flash/CMakeFiles/__idf_spi_flash.dir/flash_mmap.c.obj
[198/1459] Building C object esp-idf/spi_flash/CMakeFiles/__idf_spi_flash.dir/flash_ops.c.obj
[199/1459] Building C object esp-idf/spi_flash/CMakeFiles/__idf_spi_flash.dir/spi_flash_os_func_noos.c.obj
[200/1459] Building C object esp-idf/esp_system/CMakeFiles/__idf_esp_system.dir/esp_err.c.obj
[201/1459] Building C object esp-idf/spi_flash/CMakeFiles/__idf_spi_flash.dir/spi_flash_os_func_app.c.obj
[202/1459] Building C object esp-idf/spi_flash/CMakeFiles/__idf_spi_flash.dir/esp_flash_spi_init.c.obj
[203/1459] Building C object esp-idf/esp_system/CMakeFiles/__idf_esp_system.dir/crosscore_int.c.obj
[204/1459] Building C object esp-idf/spi_flash/CMakeFiles/__idf_spi_flash.dir/esp_flash_api.c.obj
[205/1459] Building C object esp-idf/esp_system/CMakeFiles/__idf_esp_system.dir/esp_ipc.c.obj
[206/1459] Building C object esp-idf/esp_system/CMakeFiles/__idf_esp_system.dir/freertos_hooks.c.obj
[207/1459] Building C object esp-idf/esp_system/CMakeFiles/__idf_esp_system.dir/int_wdt.c.obj
[208/1459] Building C object esp-idf/esp_system/CMakeFiles/__idf_esp_system.dir/esp_system.c.obj
[209/1459] Building C object esp-idf/esp_system/CMakeFiles/__idf_esp_system.dir/startup.c.obj
[210/1459] Building C object esp-idf/esp_system/CMakeFiles/__idf_esp_system.dir/panic.c.obj
[211/1459] Building C object esp-idf/esp_system/CMakeFiles/__idf_esp_system.dir/stack_check.c.obj
[212/1459] Building C object esp-idf/esp_system/CMakeFiles/__idf_esp_system.dir/system_time.c.obj
[213/1459] Building C object esp-idf/esp_system/CMakeFiles/__idf_esp_system.dir/ubsan.c.obj
[214/1459] Building C object esp-idf/esp_system/CMakeFiles/__idf_esp_system.dir/startup_funcs.c.obj
[215/1459] Building C object esp-idf/esp_system/CMakeFiles/__idf_esp_system.dir/xt_wdt.c.obj
[216/1459] Building C object esp-idf/esp_system/CMakeFiles/__idf_esp_system.dir/port/panic_handler.c.obj
[217/1459] Building C object esp-idf/esp_system/CMakeFiles/__idf_esp_system.dir/task_wdt/task_wdt_impl_timergroup.c.obj
[218/1459] Building C object esp-idf/esp_system/CMakeFiles/__idf_esp_system.dir/port/esp_system_chip.c.obj
[219/1459] Building C object esp-idf/esp_system/CMakeFiles/__idf_esp_system.dir/port/cpu_start.c.obj
[220/1459] Building C object esp-idf/esp_system/CMakeFiles/__idf_esp_system.dir/task_wdt/task_wdt.c.obj
[221/1459] Building C object esp-idf/esp_system/CMakeFiles/__idf_esp_system.dir/port/image_process.c.obj
[222/1459] Building C object esp-idf/esp_system/CMakeFiles/__idf_esp_system.dir/port/arch/xtensa/esp_ipc_isr_port.c.obj
[223/1459] Building ASM object esp-idf/esp_system/CMakeFiles/__idf_esp_system.dir/port/arch/xtensa/esp_ipc_isr_routines.S.obj
[224/1459] Building C object esp-idf/esp_system/CMakeFiles/__idf_esp_system.dir/port/brownout.c.obj
[225/1459] Building ASM object esp-idf/esp_system/CMakeFiles/__idf_esp_system.dir/port/arch/xtensa/esp_ipc_isr_handler.S.obj
[226/1459] Building C object esp-idf/esp_system/CMakeFiles/__idf_esp_system.dir/port/esp_ipc_isr.c.obj
[227/1459] Building ASM object esp-idf/esp_system/CMakeFiles/__idf_esp_system.dir/port/arch/xtensa/panic_handler_asm.S.obj
[228/1459] Building ASM object esp-idf/esp_system/CMakeFiles/__idf_esp_system.dir/port/arch/xtensa/expression_with_stack_asm.S.obj
[229/1459] Building ASM object esp-idf/esp_system/CMakeFiles/__idf_esp_system.dir/port/arch/xtensa/debug_helpers_asm.S.obj
[230/1459] Building C object esp-idf/esp_system/CMakeFiles/__idf_esp_system.dir/port/arch/xtensa/expression_with_stack.c.obj
[231/1459] Building C object esp-idf/esp_system/CMakeFiles/__idf_esp_system.dir/port/arch/xtensa/debug_stubs.c.obj
[232/1459] Building C object esp-idf/esp_system/CMakeFiles/__idf_esp_system.dir/port/arch/xtensa/panic_arch.c.obj
[233/1459] Building C object esp-idf/esp_system/CMakeFiles/__idf_esp_system.dir/port/arch/xtensa/trax.c.obj
[234/1459] Building C object esp-idf/esp_system/CMakeFiles/__idf_esp_system.dir/port/arch/xtensa/debug_helpers.c.obj
[235/1459] Building ASM object esp-idf/esp_system/CMakeFiles/__idf_esp_system.dir/port/soc/esp32s3/highint_hdl.S.obj
[236/1459] Building C object esp-idf/esp_system/CMakeFiles/__idf_esp_system.dir/port/soc/esp32s3/reset_reason.c.obj
[237/1459] Building C object esp-idf/esp_system/CMakeFiles/__idf_esp_system.dir/port/soc/esp32s3/apb_backup_dma.c.obj
[238/1459] Building C object esp-idf/esp_system/CMakeFiles/__idf_esp_system.dir/port/soc/esp32s3/clk.c.obj
[239/1459] Building C object esp-idf/esp_system/CMakeFiles/__idf_esp_system.dir/port/soc/esp32s3/cache_err_int.c.obj
[240/1459] Building C object esp-idf/esp_rom/CMakeFiles/__idf_esp_rom.dir/patches/esp_rom_crc.c.obj
[241/1459] Building C object esp-idf/esp_rom/CMakeFiles/__idf_esp_rom.dir/patches/esp_rom_sys.c.obj
[242/1459] Building C object esp-idf/esp_system/CMakeFiles/__idf_esp_system.dir/port/soc/esp32s3/system_internal.c.obj
[243/1459] Building C object esp-idf/esp_rom/CMakeFiles/__idf_esp_rom.dir/patches/esp_rom_print.c.obj
[244/1459] Building C object esp-idf/esp_rom/CMakeFiles/__idf_esp_rom.dir/patches/esp_rom_spiflash.c.obj
[245/1459] Building C object esp-idf/esp_rom/CMakeFiles/__idf_esp_rom.dir/patches/esp_rom_efuse.c.obj
[246/1459] Building C object esp-idf/esp_rom/CMakeFiles/__idf_esp_rom.dir/patches/esp_rom_uart.c.obj
[247/1459] Building C object esp-idf/esp_common/CMakeFiles/__idf_esp_common.dir/src/esp_err_to_name.c.obj
[248/1459] Building ASM object esp-idf/esp_rom/CMakeFiles/__idf_esp_rom.dir/patches/esp_rom_longjmp.S.obj
[249/1459] Building C object esp-idf/esp_rom/CMakeFiles/__idf_esp_rom.dir/patches/esp_rom_gpio.c.obj
[250/1459] Building ASM object esp-idf/esp_rom/CMakeFiles/__idf_esp_rom.dir/patches/esp_rom_cache_writeback_esp32s3.S.obj
[251/1459] Building C object esp-idf/esp_rom/CMakeFiles/__idf_esp_rom.dir/patches/esp_rom_systimer.c.obj
[252/1459] Building C object esp-idf/esp_rom/CMakeFiles/__idf_esp_rom.dir/patches/esp_rom_wdt.c.obj
[253/1459] Building C object esp-idf/esp_rom/CMakeFiles/__idf_esp_rom.dir/patches/esp_rom_cache_esp32s2_esp32s3.c.obj
[254/1459] Building C object esp-idf/hal/CMakeFiles/__idf_hal.dir/mpu_hal.c.obj
[255/1459] Building C object esp-idf/hal/CMakeFiles/__idf_hal.dir/hal_utils.c.obj
[256/1459] Building C object esp-idf/hal/CMakeFiles/__idf_hal.dir/efuse_hal.c.obj
[257/1459] Building C object esp-idf/hal/CMakeFiles/__idf_hal.dir/color_hal.c.obj
[258/1459] Building C object esp-idf/hal/CMakeFiles/__idf_hal.dir/esp32s3/efuse_hal.c.obj
[259/1459] Building C object esp-idf/hal/CMakeFiles/__idf_hal.dir/mmu_hal.c.obj
[260/1459] Building C object esp-idf/hal/CMakeFiles/__idf_hal.dir/cache_hal.c.obj
[261/1459] Building C object esp-idf/hal/CMakeFiles/__idf_hal.dir/spi_flash_encrypt_hal_iram.c.obj
[262/1459] Building C object esp-idf/hal/CMakeFiles/__idf_hal.dir/spi_flash_hal.c.obj
[263/1459] Building C object esp-idf/hal/CMakeFiles/__idf_hal.dir/esp32s3/clk_tree_hal.c.obj
[264/1459] Building C object esp-idf/hal/CMakeFiles/__idf_hal.dir/spi_flash_hal_iram.c.obj
[265/1459] Building C object esp-idf/hal/CMakeFiles/__idf_hal.dir/systimer_hal.c.obj
[266/1459] Building C object esp-idf/hal/CMakeFiles/__idf_hal.dir/gpio_hal.c.obj
[267/1459] Building C object esp-idf/hal/CMakeFiles/__idf_hal.dir/uart_hal_iram.c.obj
[268/1459] Building C object esp-idf/hal/CMakeFiles/__idf_hal.dir/uart_hal.c.obj
[269/1459] Building C object esp-idf/hal/CMakeFiles/__idf_hal.dir/timer_hal.c.obj
[270/1459] Building C object esp-idf/hal/CMakeFiles/__idf_hal.dir/rtc_io_hal.c.obj
[271/1459] Building C object esp-idf/hal/CMakeFiles/__idf_hal.dir/ledc_hal.c.obj
[272/1459] Building C object esp-idf/hal/CMakeFiles/__idf_hal.dir/ledc_hal_iram.c.obj
[273/1459] Building C object esp-idf/hal/CMakeFiles/__idf_hal.dir/i2c_hal_iram.c.obj
[274/1459] Building C object esp-idf/hal/CMakeFiles/__idf_hal.dir/i2c_hal.c.obj
[275/1459] Building C object esp-idf/hal/CMakeFiles/__idf_hal.dir/pcnt_hal.c.obj
[276/1459] Building C object esp-idf/hal/CMakeFiles/__idf_hal.dir/rmt_hal.c.obj
[277/1459] Building C object esp-idf/hal/CMakeFiles/__idf_hal.dir/twai_hal_iram.c.obj
[278/1459] Building C object esp-idf/hal/CMakeFiles/__idf_hal.dir/mcpwm_hal.c.obj
[279/1459] Building C object esp-idf/hal/CMakeFiles/__idf_hal.dir/twai_hal.c.obj
[280/1459] Building C object esp-idf/hal/CMakeFiles/__idf_hal.dir/gdma_hal_top.c.obj
[281/1459] Building C object esp-idf/hal/CMakeFiles/__idf_hal.dir/sdm_hal.c.obj
[282/1459] Building C object esp-idf/hal/CMakeFiles/__idf_hal.dir/sdmmc_hal.c.obj
[283/1459] Building C object esp-idf/hal/CMakeFiles/__idf_hal.dir/gdma_hal_ahb_v1.c.obj
[284/1459] Building C object esp-idf/hal/CMakeFiles/__idf_hal.dir/adc_oneshot_hal.c.obj
[285/1459] Building C object esp-idf/hal/CMakeFiles/__idf_hal.dir/lcd_hal.c.obj
[286/1459] Building C object esp-idf/hal/CMakeFiles/__idf_hal.dir/adc_hal_common.c.obj
[287/1459] Building C object esp-idf/hal/CMakeFiles/__idf_hal.dir/mpi_hal.c.obj
[288/1459] Building C object esp-idf/hal/CMakeFiles/__idf_hal.dir/i2s_hal.c.obj
[289/1459] Building C object esp-idf/hal/CMakeFiles/__idf_hal.dir/sha_hal.c.obj
[290/1459] Building C object esp-idf/hal/CMakeFiles/__idf_hal.dir/aes_hal.c.obj
[291/1459] Building C object esp-idf/hal/CMakeFiles/__idf_hal.dir/adc_hal.c.obj
[292/1459] Building C object esp-idf/hal/CMakeFiles/__idf_hal.dir/brownout_hal.c.obj
[293/1459] Building C object esp-idf/hal/CMakeFiles/__idf_hal.dir/spi_hal.c.obj
[294/1459] Building C object esp-idf/hal/CMakeFiles/__idf_hal.dir/spi_slave_hal.c.obj
[295/1459] Building C object esp-idf/hal/CMakeFiles/__idf_hal.dir/spi_slave_hal_iram.c.obj
[296/1459] Building C object esp-idf/hal/CMakeFiles/__idf_hal.dir/spi_flash_hal_gpspi.c.obj
[297/1459] Building C object esp-idf/hal/CMakeFiles/__idf_hal.dir/hmac_hal.c.obj
[298/1459] Building C object esp-idf/hal/CMakeFiles/__idf_hal.dir/ds_hal.c.obj
[299/1459] Building C object esp-idf/hal/CMakeFiles/__idf_hal.dir/spi_slave_hd_hal.c.obj
[300/1459] Building C object esp-idf/hal/CMakeFiles/__idf_hal.dir/spi_hal_iram.c.obj
[301/1459] Building C object esp-idf/hal/CMakeFiles/__idf_hal.dir/usb_serial_jtag_hal.c.obj
[302/1459] Building C object esp-idf/hal/CMakeFiles/__idf_hal.dir/touch_sensor_hal.c.obj
[303/1459] Building C object esp-idf/hal/CMakeFiles/__idf_hal.dir/usb_wrap_hal.c.obj
[304/1459] Building C object esp-idf/hal/CMakeFiles/__idf_hal.dir/esp32s3/touch_sensor_hal.c.obj
[305/1459] Building C object esp-idf/hal/CMakeFiles/__idf_hal.dir/xt_wdt_hal.c.obj
[306/1459] Building C object esp-idf/hal/CMakeFiles/__idf_hal.dir/esp32s3/rtc_cntl_hal.c.obj
[307/1459] Building C object esp-idf/hal/CMakeFiles/__idf_hal.dir/usb_dwc_hal.c.obj
[308/1459] Building C object esp-idf/log/CMakeFiles/__idf_log.dir/src/os/log_timestamp.c.obj
[309/1459] Building C object esp-idf/log/CMakeFiles/__idf_log.dir/src/os/log_write.c.obj
[310/1459] Building C object esp-idf/log/CMakeFiles/__idf_log.dir/src/log_timestamp_common.c.obj
[311/1459] Building C object esp-idf/log/CMakeFiles/__idf_log.dir/src/util.c.obj
[312/1459] Building C object esp-idf/log/CMakeFiles/__idf_log.dir/src/os/log_lock.c.obj
[313/1459] Building C object esp-idf/log/CMakeFiles/__idf_log.dir/src/buffer/log_buffers.c.obj
[314/1459] Building C object esp-idf/log/CMakeFiles/__idf_log.dir/src/log_level/log_level.c.obj
[315/1459] Building C object esp-idf/log/CMakeFiles/__idf_log.dir/src/log_level/tag_log_level/tag_log_level.c.obj
[316/1459] Building C object esp-idf/log/CMakeFiles/__idf_log.dir/src/log_level/tag_log_level/linked_list/log_linked_list.c.obj
[317/1459] Building C object esp-idf/log/CMakeFiles/__idf_log.dir/src/log_level/tag_log_level/cache/log_binary_heap.c.obj
[318/1459] Building C object esp-idf/heap/CMakeFiles/__idf_heap.dir/heap_caps_base.c.obj
[319/1459] Building C object esp-idf/heap/CMakeFiles/__idf_heap.dir/heap_caps_init.c.obj
[320/1459] Building C object esp-idf/heap/CMakeFiles/__idf_heap.dir/port/memory_layout_utils.c.obj
[321/1459] Building C object esp-idf/heap/CMakeFiles/__idf_heap.dir/multi_heap.c.obj
[322/1459] Building C object esp-idf/soc/CMakeFiles/__idf_soc.dir/lldesc.c.obj
[323/1459] Building C object esp-idf/heap/CMakeFiles/__idf_heap.dir/heap_caps.c.obj
[324/1459] Building C object esp-idf/heap/CMakeFiles/__idf_heap.dir/port/esp32s3/memory_layout.c.obj
[325/1459] Building C object esp-idf/soc/CMakeFiles/__idf_soc.dir/dport_access_common.c.obj
[326/1459] Building C object esp-idf/soc/CMakeFiles/__idf_soc.dir/esp32s3/interrupts.c.obj
[327/1459] Building C object esp-idf/soc/CMakeFiles/__idf_soc.dir/esp32s3/adc_periph.c.obj
[328/1459] Building C object esp-idf/soc/CMakeFiles/__idf_soc.dir/esp32s3/gpio_periph.c.obj
[329/1459] Building C object esp-idf/soc/CMakeFiles/__idf_soc.dir/esp32s3/uart_periph.c.obj
[330/1459] Building C object esp-idf/soc/CMakeFiles/__idf_soc.dir/esp32s3/dedic_gpio_periph.c.obj
[331/1459] Building C object esp-idf/soc/CMakeFiles/__idf_soc.dir/esp32s3/gdma_periph.c.obj
[332/1459] Building C object esp-idf/soc/CMakeFiles/__idf_soc.dir/esp32s3/ledc_periph.c.obj
[333/1459] Building C object esp-idf/soc/CMakeFiles/__idf_soc.dir/esp32s3/spi_periph.c.obj
[334/1459] Building C object esp-idf/soc/CMakeFiles/__idf_soc.dir/esp32s3/pcnt_periph.c.obj
[335/1459] Building C object esp-idf/soc/CMakeFiles/__idf_soc.dir/esp32s3/rmt_periph.c.obj
[336/1459] Building C object esp-idf/soc/CMakeFiles/__idf_soc.dir/esp32s3/sdm_periph.c.obj
[337/1459] Building C object esp-idf/soc/CMakeFiles/__idf_soc.dir/esp32s3/i2s_periph.c.obj
[338/1459] Building C object esp-idf/soc/CMakeFiles/__idf_soc.dir/esp32s3/timer_periph.c.obj
[339/1459] Building C object esp-idf/soc/CMakeFiles/__idf_soc.dir/esp32s3/lcd_periph.c.obj
[340/1459] Building C object esp-idf/soc/CMakeFiles/__idf_soc.dir/esp32s3/temperature_sensor_periph.c.obj
[341/1459] Building C object esp-idf/soc/CMakeFiles/__idf_soc.dir/esp32s3/i2c_periph.c.obj
[342/1459] Building C object esp-idf/soc/CMakeFiles/__idf_soc.dir/esp32s3/mcpwm_periph.c.obj
[343/1459] Building C object esp-idf/soc/CMakeFiles/__idf_soc.dir/esp32s3/sdmmc_periph.c.obj
[344/1459] Building C object esp-idf/soc/CMakeFiles/__idf_soc.dir/esp32s3/touch_sensor_periph.c.obj
[345/1459] Building C object esp-idf/soc/CMakeFiles/__idf_soc.dir/esp32s3/mpi_periph.c.obj
[346/1459] Building C object esp-idf/soc/CMakeFiles/__idf_soc.dir/esp32s3/twai_periph.c.obj
[347/1459] Building C object esp-idf/soc/CMakeFiles/__idf_soc.dir/esp32s3/usb_dwc_periph.c.obj
[348/1459] Building C object esp-idf/heap/CMakeFiles/__idf_heap.dir/tlsf/tlsf.c.obj
[349/1459] Building C object esp-idf/soc/CMakeFiles/__idf_soc.dir/esp32s3/wdt_periph.c.obj
[350/1459] Building C object esp-idf/soc/CMakeFiles/__idf_soc.dir/esp32s3/rtc_io_periph.c.obj
[351/1459] Building C object esp-idf/esp_security/CMakeFiles/__idf_esp_security.dir/src/esp_crypto_lock.c.obj
[352/1459] Building C object esp-idf/esp_security/CMakeFiles/__idf_esp_security.dir/src/init.c.obj
[353/1459] Building C object esp-idf/esp_hw_support/CMakeFiles/__idf_esp_hw_support.dir/port/esp32s3/esp_cpu_intr.c.obj
[354/1459] Building C object esp-idf/esp_hw_support/CMakeFiles/__idf_esp_hw_support.dir/esp_memory_utils.c.obj
[355/1459] Building C object esp-idf/esp_security/CMakeFiles/__idf_esp_security.dir/src/esp_hmac.c.obj
[356/1459] Building C object esp-idf/esp_hw_support/CMakeFiles/__idf_esp_hw_support.dir/port/esp32s3/cpu_region_protect.c.obj
[357/1459] Building C object esp-idf/esp_hw_support/CMakeFiles/__idf_esp_hw_support.dir/cpu.c.obj
[358/1459] Building C object esp-idf/esp_security/CMakeFiles/__idf_esp_security.dir/src/esp_ds.c.obj
[359/1459] Building C object esp-idf/esp_hw_support/CMakeFiles/__idf_esp_hw_support.dir/hw_random.c.obj
[360/1459] Building C object esp-idf/esp_hw_support/CMakeFiles/__idf_esp_hw_support.dir/clk_ctrl_os.c.obj
[361/1459] Building C object esp-idf/esp_hw_support/CMakeFiles/__idf_esp_hw_support.dir/esp_clk.c.obj
[362/1459] Building C object esp-idf/esp_hw_support/CMakeFiles/__idf_esp_hw_support.dir/mac_addr.c.obj
[363/1459] Building C object esp-idf/esp_hw_support/CMakeFiles/__idf_esp_hw_support.dir/revision.c.obj
[364/1459] Building C object esp-idf/esp_hw_support/CMakeFiles/__idf_esp_hw_support.dir/rtc_module.c.obj
[365/1459] Building C object esp-idf/esp_hw_support/CMakeFiles/__idf_esp_hw_support.dir/periph_ctrl.c.obj
[366/1459] Building C object esp-idf/esp_hw_support/CMakeFiles/__idf_esp_hw_support.dir/sleep_modem.c.obj
[367/1459] Building C object esp-idf/esp_hw_support/CMakeFiles/__idf_esp_hw_support.dir/intr_alloc.c.obj
[368/1459] Building C object esp-idf/esp_hw_support/CMakeFiles/__idf_esp_hw_support.dir/sleep_usb.c.obj
[369/1459] Building C object esp-idf/esp_hw_support/CMakeFiles/__idf_esp_hw_support.dir/sleep_console.c.obj
[370/1459] Building C object esp-idf/esp_hw_support/CMakeFiles/__idf_esp_hw_support.dir/sleep_event.c.obj
[371/1459] Building C object esp-idf/esp_hw_support/CMakeFiles/__idf_esp_hw_support.dir/esp_gpio_reserve.c.obj
[372/1459] Performing configure step for 'bootloader'
-- Found Git: /usr/bin/git (found version "2.53.0")
-- The C compiler identification is GNU 14.2.0
-- The CXX compiler identification is GNU 14.2.0
-- The ASM compiler identification is GNU
-- Found assembler: /home/jules/.espressif/tools/xtensa-esp-elf/esp-14.2.0_20241119/xtensa-esp-elf/bin/xtensa-esp32s3-elf-gcc
-- Detecting C compiler ABI info
-- Detecting C compiler ABI info - done
-- Check for working C compiler: /home/jules/.espressif/tools/xtensa-esp-elf/esp-14.2.0_20241119/xtensa-esp-elf/bin/xtensa-esp32s3-elf-gcc - skipped
-- Detecting C compile features
-- Detecting C compile features - done
-- Detecting CXX compiler ABI info
-- Detecting CXX compiler ABI info - done
-- Check for working CXX compiler: /home/jules/.espressif/tools/xtensa-esp-elf/esp-14.2.0_20241119/xtensa-esp-elf/bin/xtensa-esp32s3-elf-g++ - skipped
-- Detecting CXX compile features
-- Detecting CXX compile features - done
-- Building ESP-IDF components for target esp32s3
-- Project sdkconfig file /app/sdkconfig
-- Compiler supported targets: xtensa-esp-elf
-- Adding linker script /home/jules/esp/esp-idf/components/soc/esp32s3/ld/esp32s3.peripherals.ld
-- Bootloader project name: "bootloader" version: 1
-- Adding linker script /home/jules/esp/esp-idf/components/esp_rom/esp32s3/ld/esp32s3.rom.ld
-- Adding linker script /home/jules/esp/esp-idf/components/esp_rom/esp32s3/ld/esp32s3.rom.api.ld
-- Adding linker script /home/jules/esp/esp-idf/components/esp_rom/esp32s3/ld/esp32s3.rom.bt_funcs.ld
-- Adding linker script /home/jules/esp/esp-idf/components/esp_rom/esp32s3/ld/esp32s3.rom.libgcc.ld
-- Adding linker script /home/jules/esp/esp-idf/components/esp_rom/esp32s3/ld/esp32s3.rom.wdt.ld
-- Adding linker script /home/jules/esp/esp-idf/components/esp_rom/esp32s3/ld/esp32s3.rom.version.ld
-- Adding linker script /home/jules/esp/esp-idf/components/esp_rom/esp32s3/ld/esp32s3.rom.newlib.ld
-- Adding linker script /home/jules/esp/esp-idf/components/bootloader/subproject/main/ld/esp32s3/bootloader.ld
-- Adding linker script /home/jules/esp/esp-idf/components/bootloader/subproject/main/ld/esp32s3/bootloader.rom.ld
-- Components: bootloader bootloader_support efuse esp_app_format esp_bootloader_format esp_common esp_hw_support esp_rom esp_security esp_system esptool_py freertos hal log main micro-ecc newlib partition_table soc spi_flash xtensa
-- Component paths: /home/jules/esp/esp-idf/components/bootloader /home/jules/esp/esp-idf/components/bootloader_support /home/jules/esp/esp-idf/components/efuse /home/jules/esp/esp-idf/components/esp_app_format /home/jules/esp/esp-idf/components/esp_bootloader_format /home/jules/esp/esp-idf/components/esp_common /home/jules/esp/esp-idf/components/esp_hw_support /home/jules/esp/esp-idf/components/esp_rom /home/jules/esp/esp-idf/components/esp_security /home/jules/esp/esp-idf/components/esp_system /home/jules/esp/esp-idf/components/esptool_py /home/jules/esp/esp-idf/components/freertos /home/jules/esp/esp-idf/components/hal /home/jules/esp/esp-idf/components/log /home/jules/esp/esp-idf/components/bootloader/subproject/main /home/jules/esp/esp-idf/components/bootloader/subproject/components/micro-ecc /home/jules/esp/esp-idf/components/newlib /home/jules/esp/esp-idf/components/partition_table /home/jules/esp/esp-idf/components/soc /home/jules/esp/esp-idf/components/spi_flash /home/jules/esp/esp-idf/components/xtensa
-- Configuring done (6.5s)
-- Generating done (0.1s)
-- Build files have been written to: /app/build/bootloader
[373/1459] Building C object esp-idf/esp_hw_support/CMakeFiles/__idf_esp_hw_support.dir/sleep_gpio.c.obj
[374/1459] Building C object esp-idf/esp_hw_support/CMakeFiles/__idf_esp_hw_support.dir/regi2c_ctrl.c.obj
[375/1459] Building C object esp-idf/esp_hw_support/CMakeFiles/__idf_esp_hw_support.dir/sar_periph_ctrl_common.c.obj
[376/1459] Building C object esp-idf/esp_hw_support/CMakeFiles/__idf_esp_hw_support.dir/port/esp32s3/io_mux.c.obj
[377/1459] Building C object esp-idf/esp_hw_support/CMakeFiles/__idf_esp_hw_support.dir/port/esp_clk_tree_common.c.obj
[378/1459] Building C object esp-idf/esp_hw_support/CMakeFiles/__idf_esp_hw_support.dir/port/esp32s3/esp_clk_tree.c.obj
[379/1459] Building C object esp-idf/esp_hw_support/CMakeFiles/__idf_esp_hw_support.dir/dma/gdma_link.c.obj
[380/1459] Building C object esp-idf/esp_hw_support/CMakeFiles/__idf_esp_hw_support.dir/sleep_modes.c.obj
[381/1459] Building C object esp-idf/esp_hw_support/CMakeFiles/__idf_esp_hw_support.dir/dma/esp_dma_utils.c.obj
[382/1459] Building C object esp-idf/esp_hw_support/CMakeFiles/__idf_esp_hw_support.dir/clk_utils.c.obj
[383/1459] Building C object esp-idf/esp_hw_support/CMakeFiles/__idf_esp_hw_support.dir/spi_share_hw_ctrl.c.obj
[384/1459] Building C object esp-idf/esp_hw_support/CMakeFiles/__idf_esp_hw_support.dir/spi_bus_lock.c.obj
[385/1459] Building C object esp-idf/esp_hw_support/CMakeFiles/__idf_esp_hw_support.dir/dma/esp_async_memcpy.c.obj
[386/1459] Building C object esp-idf/esp_hw_support/CMakeFiles/__idf_esp_hw_support.dir/deprecated/gdma_legacy.c.obj
[387/1459] Building C object esp-idf/esp_hw_support/CMakeFiles/__idf_esp_hw_support.dir/port/esp32s3/systimer.c.obj
[388/1459] Building C object esp-idf/esp_hw_support/CMakeFiles/__idf_esp_hw_support.dir/adc_share_hw_ctrl.c.obj
[389/1459] Building C object esp-idf/esp_hw_support/CMakeFiles/__idf_esp_hw_support.dir/mspi_timing_tuning.c.obj
[390/1459] Building C object esp-idf/esp_hw_support/CMakeFiles/__idf_esp_hw_support.dir/mspi_timing_by_mspi_delay.c.obj
[391/1459] Building C object esp-idf/esp_hw_support/CMakeFiles/__idf_esp_hw_support.dir/dma/async_memcpy_gdma.c.obj
[392/1459] Building C object esp-idf/esp_hw_support/CMakeFiles/__idf_esp_hw_support.dir/sleep_wake_stub.c.obj
[393/1459] Building C object esp-idf/esp_hw_support/CMakeFiles/__idf_esp_hw_support.dir/dma/gdma.c.obj
[394/1459] Building C object esp-idf/esp_hw_support/CMakeFiles/__idf_esp_hw_support.dir/esp_clock_output.c.obj
[395/1459] Building C object esp-idf/esp_hw_support/CMakeFiles/__idf_esp_hw_support.dir/port/esp32s3/rtc_clk_init.c.obj
[396/1459] Building C object esp-idf/esp_hw_support/CMakeFiles/__idf_esp_hw_support.dir/port/esp32s3/rtc_sleep.c.obj
[397/1459] Building C object esp-idf/esp_hw_support/CMakeFiles/__idf_esp_hw_support.dir/port/esp32s3/chip_info.c.obj
[398/1459] Building C object esp-idf/esp_hw_support/CMakeFiles/__idf_esp_hw_support.dir/port/esp32s3/rtc_time.c.obj
[399/1459] Building C object esp-idf/esp_hw_support/CMakeFiles/__idf_esp_hw_support.dir/port/esp32s3/rtc_clk.c.obj
[400/1459] Building C object esp-idf/esp_hw_support/CMakeFiles/__idf_esp_hw_support.dir/port/esp32s3/rtc_init.c.obj
[401/1459] Building C object esp-idf/esp_hw_support/CMakeFiles/__idf_esp_hw_support.dir/port/esp32s3/mspi_timing_config.c.obj
[402/1459] Building C object esp-idf/esp_hw_support/CMakeFiles/__idf_esp_hw_support.dir/port/esp_memprot_conv.c.obj
[403/1459] Building C object esp-idf/esp_hw_support/CMakeFiles/__idf_esp_hw_support.dir/port/esp32s3/sar_periph_ctrl.c.obj
[404/1459] Building C object esp-idf/freertos/CMakeFiles/__idf_freertos.dir/app_startup.c.obj
[405/1459] Building C object esp-idf/freertos/CMakeFiles/__idf_freertos.dir/port_common.c.obj
[406/1459] Building C object esp-idf/freertos/CMakeFiles/__idf_freertos.dir/heap_idf.c.obj
[407/1459] Building C object esp-idf/esp_hw_support/CMakeFiles/__idf_esp_hw_support.dir/lowpower/port/esp32s3/sleep_cpu.c.obj
[408/1459] Building C object esp-idf/freertos/CMakeFiles/__idf_freertos.dir/FreeRTOS-Kernel/list.c.obj
[409/1459] Building C object esp-idf/freertos/CMakeFiles/__idf_freertos.dir/port_systick.c.obj
[410/1459] Building C object esp-idf/freertos/CMakeFiles/__idf_freertos.dir/FreeRTOS-Kernel/event_groups.c.obj
[411/1459] Building C object esp-idf/freertos/CMakeFiles/__idf_freertos.dir/FreeRTOS-Kernel/timers.c.obj
[412/1459] Building C object esp-idf/freertos/CMakeFiles/__idf_freertos.dir/FreeRTOS-Kernel/queue.c.obj
[413/1459] Building ASM object esp-idf/freertos/CMakeFiles/__idf_freertos.dir/FreeRTOS-Kernel/portable/xtensa/portasm.S.obj
[414/1459] Building C object esp-idf/esp_hw_support/CMakeFiles/__idf_esp_hw_support.dir/port/esp32s3/esp_memprot.c.obj
[415/1459] Building C object esp-idf/freertos/CMakeFiles/__idf_freertos.dir/FreeRTOS-Kernel/portable/xtensa/xtensa_init.c.obj
[416/1459] Building C object esp-idf/freertos/CMakeFiles/__idf_freertos.dir/FreeRTOS-Kernel/portable/xtensa/xtensa_overlay_os_hook.c.obj
[417/1459] Building C object esp-idf/freertos/CMakeFiles/__idf_freertos.dir/FreeRTOS-Kernel/stream_buffer.c.obj
[418/1459] Building C object esp-idf/freertos/CMakeFiles/__idf_freertos.dir/FreeRTOS-Kernel/portable/xtensa/port.c.obj
[419/1459] Building C object esp-idf/freertos/CMakeFiles/__idf_freertos.dir/esp_additions/freertos_compatibility.c.obj
[420/1459] Building C object esp-idf/newlib/CMakeFiles/__idf_newlib.dir/abort.c.obj
[421/1459] Building C object esp-idf/freertos/CMakeFiles/__idf_freertos.dir/esp_additions/idf_additions_event_groups.c.obj
[422/1459] Building C object esp-idf/newlib/CMakeFiles/__idf_newlib.dir/assert.c.obj
[423/1459] Building C object esp-idf/newlib/CMakeFiles/__idf_newlib.dir/heap.c.obj
[424/1459] Building C object esp-idf/freertos/CMakeFiles/__idf_freertos.dir/esp_additions/idf_additions.c.obj
[425/1459] Building C object esp-idf/newlib/CMakeFiles/__idf_newlib.dir/flockfile.c.obj
[426/1459] Building C object esp-idf/newlib/CMakeFiles/__idf_newlib.dir/poll.c.obj
[427/1459] Building C object esp-idf/newlib/CMakeFiles/__idf_newlib.dir/pthread.c.obj
[428/1459] Building C object esp-idf/newlib/CMakeFiles/__idf_newlib.dir/random.c.obj
[429/1459] Building C object esp-idf/newlib/CMakeFiles/__idf_newlib.dir/locks.c.obj
[430/1459] Building C object esp-idf/freertos/CMakeFiles/__idf_freertos.dir/FreeRTOS-Kernel/tasks.c.obj
[431/1459] Building C object esp-idf/newlib/CMakeFiles/__idf_newlib.dir/reent_init.c.obj
[432/1459] Building C object esp-idf/newlib/CMakeFiles/__idf_newlib.dir/getentropy.c.obj
[433/1459] Building C object esp-idf/newlib/CMakeFiles/__idf_newlib.dir/termios.c.obj
[434/1459] Building C object esp-idf/newlib/CMakeFiles/__idf_newlib.dir/newlib_init.c.obj
[435/1459] Building C object esp-idf/newlib/CMakeFiles/__idf_newlib.dir/sysconf.c.obj
[436/1459] Building C object esp-idf/newlib/CMakeFiles/__idf_newlib.dir/syscalls.c.obj
[437/1459] Building C object esp-idf/newlib/CMakeFiles/__idf_newlib.dir/realpath.c.obj
[438/1459] Building C object esp-idf/newlib/CMakeFiles/__idf_newlib.dir/time.c.obj
[439/1459] Building C object esp-idf/newlib/CMakeFiles/__idf_newlib.dir/scandir.c.obj
[440/1459] Building C object esp-idf/newlib/CMakeFiles/__idf_newlib.dir/stdatomic.c.obj
[441/1459] Building C object esp-idf/newlib/CMakeFiles/__idf_newlib.dir/port/esp_time_impl.c.obj
[442/1459] Building C object esp-idf/pthread/CMakeFiles/__idf_pthread.dir/pthread_semaphore.c.obj
[443/1459] Building C object esp-idf/pthread/CMakeFiles/__idf_pthread.dir/pthread_cond_var.c.obj
[444/1459] Building C object esp-idf/pthread/CMakeFiles/__idf_pthread.dir/pthread_local_storage.c.obj
[445/1459] Building C object esp-idf/pthread/CMakeFiles/__idf_pthread.dir/pthread_rwlock.c.obj
[446/1459] Building C object esp-idf/pthread/CMakeFiles/__idf_pthread.dir/pthread.c.obj
[447/1459] Building CXX object esp-idf/cxx/CMakeFiles/__idf_cxx.dir/cxx_init.cpp.obj
[448/1459] Building CXX object esp-idf/cxx/CMakeFiles/__idf_cxx.dir/cxx_exception_stubs.cpp.obj
[449/1459] Building C object esp-idf/esp_timer/CMakeFiles/__idf_esp_timer.dir/src/esp_timer_init.c.obj
[450/1459] Building C object esp-idf/esp_timer/CMakeFiles/__idf_esp_timer.dir/src/ets_timer_legacy.c.obj
[451/1459] Building C object esp-idf/esp_timer/CMakeFiles/__idf_esp_timer.dir/src/esp_timer.c.obj
[452/1459] Building C object esp-idf/esp_timer/CMakeFiles/__idf_esp_timer.dir/src/system_time.c.obj
[453/1459] Building C object esp-idf/esp_timer/CMakeFiles/__idf_esp_timer.dir/src/esp_timer_impl_common.c.obj
[454/1459] Building C object esp-idf/esp_timer/CMakeFiles/__idf_esp_timer.dir/src/esp_timer_impl_systimer.c.obj
[455/1459] Building C object esp-idf/esp_driver_gptimer/CMakeFiles/__idf_esp_driver_gptimer.dir/src/gptimer_common.c.obj
[456/1459] Building C object esp-idf/esp_driver_gptimer/CMakeFiles/__idf_esp_driver_gptimer.dir/src/gptimer.c.obj
[457/1459] Building C object esp-idf/esp_event/CMakeFiles/__idf_esp_event.dir/default_event_loop.c.obj
[458/1459] Building CXX object esp-idf/cxx/CMakeFiles/__idf_cxx.dir/cxx_guards.cpp.obj
[459/1459] Building C object esp-idf/esp_ringbuf/CMakeFiles/__idf_esp_ringbuf.dir/ringbuf.c.obj
[460/1459] Building C object esp-idf/esp_driver_uart/CMakeFiles/__idf_esp_driver_uart.dir/src/uart_vfs.c.obj
[461/1459] Performing build step for 'bootloader'
[1/115] Generating project_elf_src_esp32s3.c
[2/115] Building C object esp-idf/xtensa/CMakeFiles/__idf_xtensa.dir/eri.c.obj
[3/115] Building C object esp-idf/soc/CMakeFiles/__idf_soc.dir/dport_access_common.c.obj
[4/115] Building C object esp-idf/soc/CMakeFiles/__idf_soc.dir/esp32s3/interrupts.c.obj
[5/115] Building C object CMakeFiles/bootloader.elf.dir/project_elf_src_esp32s3.c.obj
[6/115] Building C object esp-idf/xtensa/CMakeFiles/__idf_xtensa.dir/xt_trax.c.obj
[7/115] Building C object esp-idf/soc/CMakeFiles/__idf_soc.dir/esp32s3/uart_periph.c.obj
[8/115] Building C object esp-idf/soc/CMakeFiles/__idf_soc.dir/lldesc.c.obj
[9/115] Building C object esp-idf/soc/CMakeFiles/__idf_soc.dir/esp32s3/gpio_periph.c.obj
[10/115] Building C object esp-idf/soc/CMakeFiles/__idf_soc.dir/esp32s3/gdma_periph.c.obj
[11/115] Building C object esp-idf/soc/CMakeFiles/__idf_soc.dir/esp32s3/dedic_gpio_periph.c.obj
[12/115] Building C object esp-idf/soc/CMakeFiles/__idf_soc.dir/esp32s3/adc_periph.c.obj
[13/115] Building C object esp-idf/soc/CMakeFiles/__idf_soc.dir/esp32s3/sdm_periph.c.obj
[14/115] Building C object esp-idf/soc/CMakeFiles/__idf_soc.dir/esp32s3/rmt_periph.c.obj
[15/115] Building C object esp-idf/soc/CMakeFiles/__idf_soc.dir/esp32s3/ledc_periph.c.obj
[16/115] Building C object esp-idf/soc/CMakeFiles/__idf_soc.dir/esp32s3/pcnt_periph.c.obj
[17/115] Building C object esp-idf/soc/CMakeFiles/__idf_soc.dir/esp32s3/spi_periph.c.obj
[18/115] Building C object esp-idf/soc/CMakeFiles/__idf_soc.dir/esp32s3/i2s_periph.c.obj
[19/115] Building C object esp-idf/soc/CMakeFiles/__idf_soc.dir/esp32s3/mcpwm_periph.c.obj
[20/115] Building C object esp-idf/soc/CMakeFiles/__idf_soc.dir/esp32s3/lcd_periph.c.obj
[21/115] Building C object esp-idf/soc/CMakeFiles/__idf_soc.dir/esp32s3/i2c_periph.c.obj
[22/115] Building C object esp-idf/soc/CMakeFiles/__idf_soc.dir/esp32s3/temperature_sensor_periph.c.obj
[23/115] Building C object esp-idf/soc/CMakeFiles/__idf_soc.dir/esp32s3/timer_periph.c.obj
[24/115] Building C object esp-idf/soc/CMakeFiles/__idf_soc.dir/esp32s3/touch_sensor_periph.c.obj
[25/115] Building C object esp-idf/soc/CMakeFiles/__idf_soc.dir/esp32s3/mpi_periph.c.obj
[26/115] Building C object esp-idf/soc/CMakeFiles/__idf_soc.dir/esp32s3/sdmmc_periph.c.obj
[27/115] Building C object esp-idf/soc/CMakeFiles/__idf_soc.dir/esp32s3/twai_periph.c.obj
[28/115] Building C object esp-idf/soc/CMakeFiles/__idf_soc.dir/esp32s3/usb_dwc_periph.c.obj
[29/115] Building C object esp-idf/soc/CMakeFiles/__idf_soc.dir/esp32s3/wdt_periph.c.obj
[30/115] Building C object esp-idf/soc/CMakeFiles/__idf_soc.dir/esp32s3/rtc_io_periph.c.obj
[31/115] Building C object esp-idf/hal/CMakeFiles/__idf_hal.dir/hal_utils.c.obj
[32/115] Building C object esp-idf/hal/CMakeFiles/__idf_hal.dir/mpu_hal.c.obj
[33/115] Building C object esp-idf/hal/CMakeFiles/__idf_hal.dir/efuse_hal.c.obj
[34/115] Building C object esp-idf/hal/CMakeFiles/__idf_hal.dir/esp32s3/efuse_hal.c.obj
[35/115] Building C object esp-idf/hal/CMakeFiles/__idf_hal.dir/mmu_hal.c.obj
[36/115] Building C object esp-idf/esp_bootloader_format/CMakeFiles/__idf_esp_bootloader_format.dir/esp_bootloader_desc.c.obj
[37/115] Building C object esp-idf/spi_flash/CMakeFiles/__idf_spi_flash.dir/spi_flash_wrap.c.obj
[38/115] Building C object esp-idf/bootloader_support/CMakeFiles/__idf_bootloader_support.dir/src/bootloader_clock_init.c.obj
[39/115] Building C object esp-idf/hal/CMakeFiles/__idf_hal.dir/cache_hal.c.obj
[40/115] Building C object esp-idf/bootloader_support/CMakeFiles/__idf_bootloader_support.dir/src/bootloader_mem.c.obj
[41/115] Building C object esp-idf/bootloader_support/CMakeFiles/__idf_bootloader_support.dir/src/bootloader_common.c.obj
[42/115] Building C object esp-idf/bootloader_support/CMakeFiles/__idf_bootloader_support.dir/src/bootloader_common_loader.c.obj
[43/115] Building C object esp-idf/bootloader_support/CMakeFiles/__idf_bootloader_support.dir/src/bootloader_efuse.c.obj
[44/115] Building C object esp-idf/bootloader_support/CMakeFiles/__idf_bootloader_support.dir/src/bootloader_random.c.obj
[45/115] Building C object esp-idf/bootloader_support/CMakeFiles/__idf_bootloader_support.dir/src/secure_boot.c.obj
[46/115] Building C object esp-idf/bootloader_support/CMakeFiles/__idf_bootloader_support.dir/src/bootloader_random_esp32s3.c.obj
[47/115] Building C object esp-idf/bootloader_support/CMakeFiles/__idf_bootloader_support.dir/src/flash_encrypt.c.obj
[48/115] Building C object esp-idf/bootloader_support/CMakeFiles/__idf_bootloader_support.dir/bootloader_flash/src/flash_qio_mode.c.obj
[49/115] Building C object esp-idf/bootloader_support/CMakeFiles/__idf_bootloader_support.dir/src/flash_partitions.c.obj
[50/115] Building C object esp-idf/bootloader_support/CMakeFiles/__idf_bootloader_support.dir/bootloader_flash/src/bootloader_flash_config_esp32s3.c.obj
[51/115] Building C object esp-idf/bootloader_support/CMakeFiles/__idf_bootloader_support.dir/src/bootloader_clock_loader.c.obj
[52/115] Building C object esp-idf/bootloader_support/CMakeFiles/__idf_bootloader_support.dir/src/bootloader_utility.c.obj
[53/115] Building C object esp-idf/bootloader_support/CMakeFiles/__idf_bootloader_support.dir/src/bootloader_init.c.obj
[54/115] Building C object esp-idf/bootloader_support/CMakeFiles/__idf_bootloader_support.dir/bootloader_flash/src/bootloader_flash.c.obj
[55/115] Building C object esp-idf/bootloader_support/CMakeFiles/__idf_bootloader_support.dir/src/bootloader_console_loader.c.obj
[56/115] Building C object esp-idf/bootloader_support/CMakeFiles/__idf_bootloader_support.dir/src/bootloader_console.c.obj
[57/115] Building C object esp-idf/bootloader_support/CMakeFiles/__idf_bootloader_support.dir/src/esp32s3/bootloader_sha.c.obj
[58/115] Building C object esp-idf/bootloader_support/CMakeFiles/__idf_bootloader_support.dir/src/esp32s3/bootloader_soc.c.obj
[59/115] Building C object esp-idf/bootloader_support/CMakeFiles/__idf_bootloader_support.dir/src/bootloader_panic.c.obj
[60/115] Building C object esp-idf/efuse/CMakeFiles/__idf_efuse.dir/esp32s3/esp_efuse_table.c.obj
[61/115] Building C object esp-idf/efuse/CMakeFiles/__idf_efuse.dir/esp32s3/esp_efuse_fields.c.obj
[62/115] Building C object esp-idf/bootloader_support/CMakeFiles/__idf_bootloader_support.dir/src/esp32s3/bootloader_esp32s3.c.obj
[63/115] Building C object esp-idf/micro-ecc/CMakeFiles/__idf_micro-ecc.dir/uECC_verify_antifault.c.obj
[64/115] Building C object esp-idf/bootloader_support/CMakeFiles/__idf_bootloader_support.dir/src/esp_image_format.c.obj
[65/115] Building C object esp-idf/efuse/CMakeFiles/__idf_efuse.dir/esp32s3/esp_efuse_rtc_calib.c.obj
[66/115] Building C object esp-idf/efuse/CMakeFiles/__idf_efuse.dir/src/esp_efuse_fields.c.obj
[67/115] Building C object esp-idf/esp_system/CMakeFiles/__idf_esp_system.dir/esp_err.c.obj
[68/115] Building C object esp-idf/efuse/CMakeFiles/__idf_efuse.dir/esp32s3/esp_efuse_utility.c.obj
[69/115] Building C object esp-idf/efuse/CMakeFiles/__idf_efuse.dir/src/esp_efuse_api.c.obj
[70/115] Building C object esp-idf/esp_hw_support/CMakeFiles/__idf_esp_hw_support.dir/port/esp32s3/esp_cpu_intr.c.obj
[71/115] Building C object esp-idf/esp_hw_support/CMakeFiles/__idf_esp_hw_support.dir/cpu.c.obj
[72/115] Building C object esp-idf/esp_hw_support/CMakeFiles/__idf_esp_hw_support.dir/esp_memory_utils.c.obj
[73/115] Building C object esp-idf/esp_hw_support/CMakeFiles/__idf_esp_hw_support.dir/port/esp32s3/cpu_region_protect.c.obj
[74/115] Building C object esp-idf/efuse/CMakeFiles/__idf_efuse.dir/src/efuse_controller/keys/with_key_purposes/esp_efuse_api_key.c.obj
[75/115] Building C object esp-idf/efuse/CMakeFiles/__idf_efuse.dir/src/esp_efuse_utility.c.obj
[76/115] Building C object esp-idf/esp_hw_support/CMakeFiles/__idf_esp_hw_support.dir/port/esp32s3/rtc_clk_init.c.obj
[77/115] Building C object esp-idf/esp_hw_support/CMakeFiles/__idf_esp_hw_support.dir/port/esp32s3/chip_info.c.obj
[78/115] Building C object esp-idf/esp_hw_support/CMakeFiles/__idf_esp_hw_support.dir/port/esp32s3/rtc_sleep.c.obj
[79/115] Building C object esp-idf/esp_hw_support/CMakeFiles/__idf_esp_hw_support.dir/port/esp32s3/rtc_time.c.obj
[80/115] Building C object esp-idf/esp_common/CMakeFiles/__idf_esp_common.dir/src/esp_err_to_name.c.obj
[81/115] Building C object esp-idf/esp_rom/CMakeFiles/__idf_esp_rom.dir/patches/esp_rom_sys.c.obj
[82/115] Building C object esp-idf/esp_rom/CMakeFiles/__idf_esp_rom.dir/patches/esp_rom_crc.c.obj
[83/115] Building C object esp-idf/esp_hw_support/CMakeFiles/__idf_esp_hw_support.dir/port/esp32s3/rtc_init.c.obj
[84/115] Building C object esp-idf/esp_rom/CMakeFiles/__idf_esp_rom.dir/patches/esp_rom_efuse.c.obj
[85/115] Building C object esp-idf/esp_rom/CMakeFiles/__idf_esp_rom.dir/patches/esp_rom_uart.c.obj
[86/115] Building ASM object esp-idf/esp_rom/CMakeFiles/__idf_esp_rom.dir/patches/esp_rom_longjmp.S.obj
[87/115] Building C object esp-idf/esp_rom/CMakeFiles/__idf_esp_rom.dir/patches/esp_rom_spiflash.c.obj
[88/115] Building C object esp-idf/esp_hw_support/CMakeFiles/__idf_esp_hw_support.dir/port/esp32s3/rtc_clk.c.obj
[89/115] Building C object esp-idf/esp_rom/CMakeFiles/__idf_esp_rom.dir/patches/esp_rom_gpio.c.obj
[90/115] Building ASM object esp-idf/esp_rom/CMakeFiles/__idf_esp_rom.dir/patches/esp_rom_cache_writeback_esp32s3.S.obj
[91/115] Building C object esp-idf/esp_rom/CMakeFiles/__idf_esp_rom.dir/patches/esp_rom_systimer.c.obj
[92/115] Building C object esp-idf/esp_rom/CMakeFiles/__idf_esp_rom.dir/patches/esp_rom_print.c.obj
[93/115] Building C object esp-idf/log/CMakeFiles/__idf_log.dir/src/noos/log_timestamp.c.obj
[94/115] Building C object esp-idf/esp_rom/CMakeFiles/__idf_esp_rom.dir/patches/esp_rom_wdt.c.obj
[95/115] Building C object esp-idf/log/CMakeFiles/__idf_log.dir/src/noos/log_lock.c.obj
[96/115] Building C object esp-idf/esp_rom/CMakeFiles/__idf_esp_rom.dir/patches/esp_rom_cache_esp32s2_esp32s3.c.obj
[97/115] Building C object esp-idf/log/CMakeFiles/__idf_log.dir/src/log_timestamp_common.c.obj
[98/115] Linking C static library esp-idf/log/liblog.a
[99/115] Building C object esp-idf/main/CMakeFiles/__idf_main.dir/bootloader_start.c.obj
[100/115] Linking C static library esp-idf/esp_rom/libesp_rom.a
[101/115] Linking C static library esp-idf/esp_common/libesp_common.a
[102/115] Linking C static library esp-idf/esp_hw_support/libesp_hw_support.a
[103/115] Linking C static library esp-idf/esp_system/libesp_system.a
[104/115] Linking C static library esp-idf/efuse/libefuse.a
[105/115] Linking C static library esp-idf/bootloader_support/libbootloader_support.a
[106/115] Linking C static library esp-idf/esp_bootloader_format/libesp_bootloader_format.a
[107/115] Linking C static library esp-idf/spi_flash/libspi_flash.a
[108/115] Linking C static library esp-idf/hal/libhal.a
[109/115] Linking C static library esp-idf/micro-ecc/libmicro-ecc.a
[110/115] Linking C static library esp-idf/soc/libsoc.a
[111/115] Linking C static library esp-idf/xtensa/libxtensa.a
[112/115] Linking C static library esp-idf/main/libmain.a
[113/115] Linking C executable bootloader.elf
[114/115] Generating binary image from built executable
esptool.py v4.12.0
Creating esp32s3 image...
Merged 2 ELF sections
Successfully created esp32s3 image.
Generated /app/build/bootloader/bootloader.bin
[115/115] cd /app/build/bootloader/esp-idf/esptool_py && /home/jules/.espressif/python_env/idf5.4_py3.12_env/bin/python /home/jules/esp/esp-idf/components/partition_table/check_sizes.py --offset 0x8000 bootloader 0x0 /app/build/bootloader/bootloader.bin
Bootloader binary size 0x5220 bytes. 0x2de0 bytes (36%) free.
[462/1459] Building C object esp-idf/esp_event/CMakeFiles/__idf_esp_event.dir/esp_event_private.c.obj
[463/1459] No install step for 'bootloader'
[464/1459] Completed 'bootloader'
[465/1459] Building C object esp-idf/esp_event/CMakeFiles/__idf_esp_event.dir/esp_event.c.obj
[466/1459] Building C object esp-idf/esp_driver_uart/CMakeFiles/__idf_esp_driver_uart.dir/src/uart.c.obj
[467/1459] Building CXX object esp-idf/nvs_flash/CMakeFiles/__idf_nvs_flash.dir/src/nvs_item_hash_list.cpp.obj
[468/1459] Building CXX object esp-idf/nvs_flash/CMakeFiles/__idf_nvs_flash.dir/src/nvs_api.cpp.obj
[469/1459] Building CXX object esp-idf/nvs_flash/CMakeFiles/__idf_nvs_flash.dir/src/nvs_page.cpp.obj
[470/1459] Building CXX object esp-idf/nvs_flash/CMakeFiles/__idf_nvs_flash.dir/src/nvs_pagemanager.cpp.obj
[471/1459] Building CXX object esp-idf/nvs_flash/CMakeFiles/__idf_nvs_flash.dir/src/nvs_cxx_api.cpp.obj
[472/1459] Building CXX object esp-idf/nvs_flash/CMakeFiles/__idf_nvs_flash.dir/src/nvs_partition_lookup.cpp.obj
[473/1459] Building CXX object esp-idf/nvs_flash/CMakeFiles/__idf_nvs_flash.dir/src/nvs_partition.cpp.obj
[474/1459] Building CXX object esp-idf/nvs_flash/CMakeFiles/__idf_nvs_flash.dir/src/nvs_platform.cpp.obj
[475/1459] Building CXX object esp-idf/nvs_flash/CMakeFiles/__idf_nvs_flash.dir/src/nvs_storage.cpp.obj
[476/1459] Building C object esp-idf/nvs_flash/CMakeFiles/__idf_nvs_flash.dir/src/nvs_bootloader.c.obj
[477/1459] Building C object esp-idf/esp_driver_pcnt/CMakeFiles/__idf_esp_driver_pcnt.dir/src/pulse_cnt.c.obj
[478/1459] Building C object esp-idf/esp_driver_spi/CMakeFiles/__idf_esp_driver_spi.dir/src/gpspi/spi_common.c.obj
[479/1459] Building CXX object esp-idf/nvs_flash/CMakeFiles/__idf_nvs_flash.dir/src/nvs_handle_locked.cpp.obj
[480/1459] Building CXX object esp-idf/nvs_flash/CMakeFiles/__idf_nvs_flash.dir/src/nvs_handle_simple.cpp.obj
[481/1459] Building C object esp-idf/esp_driver_spi/CMakeFiles/__idf_esp_driver_spi.dir/src/gpspi/spi_dma.c.obj
[482/1459] Building C object esp-idf/esp_driver_spi/CMakeFiles/__idf_esp_driver_spi.dir/src/gpspi/spi_slave.c.obj
[483/1459] Building C object esp-idf/esp_driver_spi/CMakeFiles/__idf_esp_driver_spi.dir/src/gpspi/spi_master.c.obj
[484/1459] Building CXX object esp-idf/nvs_flash/CMakeFiles/__idf_nvs_flash.dir/src/nvs_partition_manager.cpp.obj
[485/1459] Building C object esp-idf/esp_driver_spi/CMakeFiles/__idf_esp_driver_spi.dir/src/gpspi/spi_slave_hd.c.obj
[486/1459] Building C object esp-idf/esp_driver_mcpwm/CMakeFiles/__idf_esp_driver_mcpwm.dir/src/mcpwm_cap.c.obj
[487/1459] Building C object esp-idf/esp_driver_mcpwm/CMakeFiles/__idf_esp_driver_mcpwm.dir/src/mcpwm_cmpr.c.obj
[488/1459] Building C object esp-idf/esp_driver_mcpwm/CMakeFiles/__idf_esp_driver_mcpwm.dir/src/mcpwm_com.c.obj
[489/1459] Building CXX object esp-idf/nvs_flash/CMakeFiles/__idf_nvs_flash.dir/src/nvs_types.cpp.obj
[490/1459] Building C object esp-idf/esp_driver_mcpwm/CMakeFiles/__idf_esp_driver_mcpwm.dir/src/mcpwm_gen.c.obj
[491/1459] Building C object esp-idf/esp_driver_mcpwm/CMakeFiles/__idf_esp_driver_mcpwm.dir/src/mcpwm_fault.c.obj
[492/1459] Building C object esp-idf/esp_driver_mcpwm/CMakeFiles/__idf_esp_driver_mcpwm.dir/src/mcpwm_oper.c.obj
[493/1459] Building C object esp-idf/esp_driver_mcpwm/CMakeFiles/__idf_esp_driver_mcpwm.dir/src/mcpwm_sync.c.obj
[494/1459] Building C object esp-idf/esp_driver_mcpwm/CMakeFiles/__idf_esp_driver_mcpwm.dir/src/mcpwm_timer.c.obj
[495/1459] Building C object esp-idf/esp_driver_i2s/CMakeFiles/__idf_esp_driver_i2s.dir/i2s_tdm.c.obj
[496/1459] Building C object esp-idf/esp_driver_i2s/CMakeFiles/__idf_esp_driver_i2s.dir/i2s_std.c.obj
[497/1459] Building C object esp-idf/esp_driver_i2s/CMakeFiles/__idf_esp_driver_i2s.dir/i2s_platform.c.obj
[498/1459] Building C object esp-idf/esp_driver_i2s/CMakeFiles/__idf_esp_driver_i2s.dir/i2s_pdm.c.obj
[499/1459] Building C object esp-idf/esp_driver_i2s/CMakeFiles/__idf_esp_driver_i2s.dir/i2s_common.c.obj
[500/1459] Building CXX object esp-idf/nvs_flash/CMakeFiles/__idf_nvs_flash.dir/src/nvs_encrypted_partition.cpp.obj
[501/1459] Building C object esp-idf/sdmmc/CMakeFiles/__idf_sdmmc.dir/sdmmc_common.c.obj
[502/1459] Building C object esp-idf/sdmmc/CMakeFiles/__idf_sdmmc.dir/sdmmc_cmd.c.obj
[503/1459] Building C object esp-idf/sdmmc/CMakeFiles/__idf_sdmmc.dir/sdmmc_init.c.obj
[504/1459] Building C object esp-idf/sdmmc/CMakeFiles/__idf_sdmmc.dir/sd_pwr_ctrl/sd_pwr_ctrl.c.obj
[505/1459] Building C object esp-idf/esp_driver_sdspi/CMakeFiles/__idf_esp_driver_sdspi.dir/src/sdspi_crc.c.obj
[506/1459] Building C object esp-idf/sdmmc/CMakeFiles/__idf_sdmmc.dir/sdmmc_mmc.c.obj
[507/1459] Building C object esp-idf/sdmmc/CMakeFiles/__idf_sdmmc.dir/sdmmc_io.c.obj
[508/1459] Building C object esp-idf/esp_driver_sdmmc/CMakeFiles/__idf_esp_driver_sdmmc.dir/src/sdmmc_transaction.c.obj
[509/1459] Building C object esp-idf/esp_driver_rmt/CMakeFiles/__idf_esp_driver_rmt.dir/src/rmt_common.c.obj
[510/1459] Building C object esp-idf/esp_driver_sdspi/CMakeFiles/__idf_esp_driver_sdspi.dir/src/sdspi_transaction.c.obj
[511/1459] Building C object esp-idf/sdmmc/CMakeFiles/__idf_sdmmc.dir/sdmmc_sd.c.obj
[512/1459] Building C object esp-idf/esp_driver_sdspi/CMakeFiles/__idf_esp_driver_sdspi.dir/src/sdspi_host.c.obj
[513/1459] Building C object esp-idf/esp_driver_rmt/CMakeFiles/__idf_esp_driver_rmt.dir/src/rmt_encoder.c.obj
[514/1459] Building C object esp-idf/esp_driver_tsens/CMakeFiles/__idf_esp_driver_tsens.dir/src/temperature_sensor.c.obj
[515/1459] Building C object esp-idf/esp_driver_sdm/CMakeFiles/__idf_esp_driver_sdm.dir/src/sdm.c.obj
[516/1459] Building C object esp-idf/esp_driver_rmt/CMakeFiles/__idf_esp_driver_rmt.dir/src/rmt_rx.c.obj
[517/1459] Building C object esp-idf/esp_driver_sdmmc/CMakeFiles/__idf_esp_driver_sdmmc.dir/src/sdmmc_host.c.obj
[518/1459] Building C object esp-idf/esp_driver_i2c/CMakeFiles/__idf_esp_driver_i2c.dir/i2c_common.c.obj
[519/1459] Building C object esp-idf/esp_driver_i2c/CMakeFiles/__idf_esp_driver_i2c.dir/i2c_slave.c.obj
[520/1459] Building C object esp-idf/esp_driver_rmt/CMakeFiles/__idf_esp_driver_rmt.dir/src/rmt_tx.c.obj
[521/1459] Building C object esp-idf/esp_driver_usb_serial_jtag/CMakeFiles/__idf_esp_driver_usb_serial_jtag.dir/src/usb_serial_jtag_connection_monitor.c.obj
[522/1459] Building C object esp-idf/esp_driver_usb_serial_jtag/CMakeFiles/__idf_esp_driver_usb_serial_jtag.dir/src/usb_serial_jtag.c.obj
[523/1459] Building C object esp-idf/esp_driver_i2c/CMakeFiles/__idf_esp_driver_i2c.dir/i2c_master.c.obj
[524/1459] Building C object esp-idf/driver/CMakeFiles/__idf_driver.dir/deprecated/adc_dma_legacy.c.obj
[525/1459] Building C object esp-idf/esp_driver_usb_serial_jtag/CMakeFiles/__idf_esp_driver_usb_serial_jtag.dir/src/usb_serial_jtag_vfs.c.obj
[526/1459] Building C object esp-idf/driver/CMakeFiles/__idf_driver.dir/deprecated/adc_legacy.c.obj
[527/1459] Building C object esp-idf/esp_driver_ledc/CMakeFiles/__idf_esp_driver_ledc.dir/src/ledc.c.obj
[528/1459] Building C object esp-idf/driver/CMakeFiles/__idf_driver.dir/deprecated/timer_legacy.c.obj
[529/1459] Building C object esp-idf/driver/CMakeFiles/__idf_driver.dir/deprecated/pcnt_legacy.c.obj
[530/1459] Building C object esp-idf/driver/CMakeFiles/__idf_driver.dir/i2c/i2c.c.obj
[531/1459] Building C object esp-idf/driver/CMakeFiles/__idf_driver.dir/deprecated/sigma_delta_legacy.c.obj
[532/1459] Building C object esp-idf/driver/CMakeFiles/__idf_driver.dir/deprecated/rtc_temperature_legacy.c.obj
[533/1459] Building C object esp-idf/driver/CMakeFiles/__idf_driver.dir/deprecated/i2s_legacy.c.obj
[534/1459] Building C object esp-idf/driver/CMakeFiles/__idf_driver.dir/touch_sensor/touch_sensor_common.c.obj
[535/1459] Building C object esp-idf/esp_phy/CMakeFiles/__idf_esp_phy.dir/src/phy_override.c.obj
[536/1459] Building C object esp-idf/esp_phy/CMakeFiles/__idf_esp_phy.dir/src/lib_printf.c.obj
[537/1459] Building C object esp-idf/esp_phy/CMakeFiles/__idf_esp_phy.dir/src/phy_common.c.obj
[538/1459] Building C object esp-idf/driver/CMakeFiles/__idf_driver.dir/deprecated/mcpwm_legacy.c.obj
[539/1459] Building C object esp-idf/driver/CMakeFiles/__idf_driver.dir/twai/twai.c.obj
[540/1459] Building C object esp-idf/esp_phy/CMakeFiles/__idf_esp_phy.dir/esp32s3/phy_init_data.c.obj
[541/1459] Building C object esp-idf/esp_phy/CMakeFiles/__idf_esp_phy.dir/src/btbb_init.c.obj
[542/1459] Building C object esp-idf/esp_phy/CMakeFiles/__idf_esp_phy.dir/src/phy_init.c.obj
[543/1459] Building C object esp-idf/esp_vfs_console/CMakeFiles/__idf_esp_vfs_console.dir/vfs_console.c.obj
[544/1459] Building C object esp-idf/driver/CMakeFiles/__idf_driver.dir/touch_sensor/esp32s3/touch_sensor.c.obj
[545/1459] Building C object esp-idf/driver/CMakeFiles/__idf_driver.dir/deprecated/rmt_legacy.c.obj
[546/1459] Building C object esp-idf/vfs/CMakeFiles/__idf_vfs.dir/vfs_eventfd.c.obj
[547/1459] Building C object esp-idf/vfs/CMakeFiles/__idf_vfs.dir/nullfs.c.obj
[548/1459] Building C object esp-idf/lwip/CMakeFiles/__idf_lwip.dir/apps/sntp/sntp.c.obj
[549/1459] Building C object esp-idf/vfs/CMakeFiles/__idf_vfs.dir/vfs_semihost.c.obj
[550/1459] Building C object esp-idf/lwip/CMakeFiles/__idf_lwip.dir/lwip/src/api/err.c.obj
[551/1459] Building C object esp-idf/lwip/CMakeFiles/__idf_lwip.dir/lwip/src/api/api_lib.c.obj
[552/1459] Building C object esp-idf/lwip/CMakeFiles/__idf_lwip.dir/lwip/src/api/if_api.c.obj
[553/1459] Building C object esp-idf/lwip/CMakeFiles/__idf_lwip.dir/lwip/src/api/netbuf.c.obj
[554/1459] Building C object esp-idf/vfs/CMakeFiles/__idf_vfs.dir/vfs.c.obj
[555/1459] Building C object esp-idf/lwip/CMakeFiles/__idf_lwip.dir/lwip/src/api/netdb.c.obj
[556/1459] Building C object esp-idf/lwip/CMakeFiles/__idf_lwip.dir/lwip/src/api/api_msg.c.obj
[557/1459] Building C object esp-idf/lwip/CMakeFiles/__idf_lwip.dir/lwip/src/api/netifapi.c.obj
[558/1459] Building C object esp-idf/lwip/CMakeFiles/__idf_lwip.dir/lwip/src/apps/netbiosns/netbiosns.c.obj
[559/1459] Building C object esp-idf/lwip/CMakeFiles/__idf_lwip.dir/lwip/src/apps/sntp/sntp.c.obj
[560/1459] Building C object esp-idf/lwip/CMakeFiles/__idf_lwip.dir/lwip/src/core/def.c.obj
[561/1459] Building C object esp-idf/lwip/CMakeFiles/__idf_lwip.dir/lwip/src/api/tcpip.c.obj
[562/1459] Building C object esp-idf/lwip/CMakeFiles/__idf_lwip.dir/lwip/src/core/inet_chksum.c.obj
[563/1459] Building C object esp-idf/lwip/CMakeFiles/__idf_lwip.dir/lwip/src/core/ip.c.obj
[564/1459] Building C object esp-idf/lwip/CMakeFiles/__idf_lwip.dir/lwip/src/core/init.c.obj
[565/1459] Building C object esp-idf/lwip/CMakeFiles/__idf_lwip.dir/lwip/src/core/mem.c.obj
[566/1459] Building C object esp-idf/lwip/CMakeFiles/__idf_lwip.dir/lwip/src/core/memp.c.obj
[567/1459] Building C object esp-idf/lwip/CMakeFiles/__idf_lwip.dir/lwip/src/core/dns.c.obj
[568/1459] Building C object esp-idf/lwip/CMakeFiles/__idf_lwip.dir/lwip/src/core/sys.c.obj
[569/1459] Building C object esp-idf/lwip/CMakeFiles/__idf_lwip.dir/lwip/src/core/pbuf.c.obj
[570/1459] Building C object esp-idf/lwip/CMakeFiles/__idf_lwip.dir/lwip/src/core/stats.c.obj
[571/1459] Building C object esp-idf/lwip/CMakeFiles/__idf_lwip.dir/lwip/src/core/raw.c.obj
[572/1459] Building C object esp-idf/lwip/CMakeFiles/__idf_lwip.dir/lwip/src/core/netif.c.obj
[573/1459] Building C object esp-idf/lwip/CMakeFiles/__idf_lwip.dir/lwip/src/api/sockets.c.obj
[574/1459] Building C object esp-idf/lwip/CMakeFiles/__idf_lwip.dir/lwip/src/core/timeouts.c.obj
[575/1459] Building C object esp-idf/lwip/CMakeFiles/__idf_lwip.dir/lwip/src/core/ipv4/autoip.c.obj
[576/1459] Building C object esp-idf/lwip/CMakeFiles/__idf_lwip.dir/lwip/src/core/tcp_out.c.obj
[577/1459] Building C object esp-idf/lwip/CMakeFiles/__idf_lwip.dir/lwip/src/core/udp.c.obj
[578/1459] Building C object esp-idf/lwip/CMakeFiles/__idf_lwip.dir/lwip/src/core/tcp.c.obj
[579/1459] Building C object esp-idf/lwip/CMakeFiles/__idf_lwip.dir/lwip/src/core/tcp_in.c.obj
[580/1459] Building C object esp-idf/lwip/CMakeFiles/__idf_lwip.dir/lwip/src/core/ipv4/icmp.c.obj
[581/1459] Building C object esp-idf/lwip/CMakeFiles/__idf_lwip.dir/lwip/src/core/ipv4/ip4_napt.c.obj
[582/1459] Building C object esp-idf/lwip/CMakeFiles/__idf_lwip.dir/lwip/src/core/ipv4/etharp.c.obj
[583/1459] Building C object esp-idf/lwip/CMakeFiles/__idf_lwip.dir/lwip/src/core/ipv4/ip4.c.obj
[584/1459] Building C object esp-idf/lwip/CMakeFiles/__idf_lwip.dir/lwip/src/core/ipv4/dhcp.c.obj
[585/1459] Building C object esp-idf/lwip/CMakeFiles/__idf_lwip.dir/lwip/src/core/ipv4/ip4_frag.c.obj
[586/1459] Building C object esp-idf/lwip/CMakeFiles/__idf_lwip.dir/lwip/src/core/ipv4/igmp.c.obj
[587/1459] Building C object esp-idf/lwip/CMakeFiles/__idf_lwip.dir/lwip/src/core/ipv4/ip4_addr.c.obj
[588/1459] Building C object esp-idf/lwip/CMakeFiles/__idf_lwip.dir/lwip/src/core/ipv6/dhcp6.c.obj
[589/1459] Building C object esp-idf/lwip/CMakeFiles/__idf_lwip.dir/lwip/src/core/ipv6/ethip6.c.obj
[590/1459] Building C object esp-idf/lwip/CMakeFiles/__idf_lwip.dir/lwip/src/core/ipv6/inet6.c.obj
[591/1459] Building C object esp-idf/lwip/CMakeFiles/__idf_lwip.dir/lwip/src/core/ipv6/icmp6.c.obj
[592/1459] Building C object esp-idf/lwip/CMakeFiles/__idf_lwip.dir/lwip/src/core/ipv6/ip6_addr.c.obj
[593/1459] Building C object esp-idf/lwip/CMakeFiles/__idf_lwip.dir/lwip/src/core/ipv6/ip6_frag.c.obj
[594/1459] Building C object esp-idf/lwip/CMakeFiles/__idf_lwip.dir/lwip/src/netif/ethernet.c.obj
[595/1459] Building C object esp-idf/lwip/CMakeFiles/__idf_lwip.dir/lwip/src/core/ipv6/mld6.c.obj
[596/1459] Building C object esp-idf/lwip/CMakeFiles/__idf_lwip.dir/lwip/src/netif/bridgeif_fdb.c.obj
[597/1459] Building C object esp-idf/lwip/CMakeFiles/__idf_lwip.dir/lwip/src/netif/bridgeif.c.obj
[598/1459] Building C object esp-idf/lwip/CMakeFiles/__idf_lwip.dir/lwip/src/core/ipv6/ip6.c.obj
[599/1459] Building C object esp-idf/lwip/CMakeFiles/__idf_lwip.dir/lwip/src/netif/ppp/auth.c.obj
[600/1459] Building C object esp-idf/lwip/CMakeFiles/__idf_lwip.dir/lwip/src/netif/slipif.c.obj
[601/1459] Building C object esp-idf/lwip/CMakeFiles/__idf_lwip.dir/lwip/src/netif/ppp/chap-new.c.obj
[602/1459] Building C object esp-idf/lwip/CMakeFiles/__idf_lwip.dir/lwip/src/netif/ppp/ccp.c.obj
[603/1459] Building C object esp-idf/lwip/CMakeFiles/__idf_lwip.dir/lwip/src/netif/ppp/chap-md5.c.obj
[604/1459] Building C object esp-idf/lwip/CMakeFiles/__idf_lwip.dir/lwip/src/netif/ppp/demand.c.obj
[605/1459] Building C object esp-idf/lwip/CMakeFiles/__idf_lwip.dir/lwip/src/netif/ppp/ecp.c.obj
[606/1459] Building C object esp-idf/lwip/CMakeFiles/__idf_lwip.dir/lwip/src/netif/ppp/chap_ms.c.obj
[607/1459] Building C object esp-idf/lwip/CMakeFiles/__idf_lwip.dir/lwip/src/core/ipv6/nd6.c.obj
[608/1459] Building C object esp-idf/lwip/CMakeFiles/__idf_lwip.dir/lwip/src/netif/ppp/eui64.c.obj
[609/1459] Building C object esp-idf/lwip/CMakeFiles/__idf_lwip.dir/lwip/src/netif/ppp/eap.c.obj
[610/1459] Building C object esp-idf/lwip/CMakeFiles/__idf_lwip.dir/lwip/src/netif/ppp/ipcp.c.obj
[611/1459] Building C object esp-idf/lwip/CMakeFiles/__idf_lwip.dir/lwip/src/netif/ppp/lcp.c.obj
[612/1459] Building C object esp-idf/lwip/CMakeFiles/__idf_lwip.dir/lwip/src/netif/ppp/ipv6cp.c.obj
[613/1459] Building C object esp-idf/lwip/CMakeFiles/__idf_lwip.dir/lwip/src/netif/ppp/fsm.c.obj
[614/1459] Building C object esp-idf/lwip/CMakeFiles/__idf_lwip.dir/lwip/src/netif/ppp/mppe.c.obj
[615/1459] Building C object esp-idf/lwip/CMakeFiles/__idf_lwip.dir/lwip/src/netif/ppp/ppp.c.obj
[616/1459] Building C object esp-idf/lwip/CMakeFiles/__idf_lwip.dir/lwip/src/netif/ppp/multilink.c.obj
[617/1459] Building C object esp-idf/lwip/CMakeFiles/__idf_lwip.dir/lwip/src/netif/ppp/magic.c.obj
[618/1459] Building C object esp-idf/lwip/CMakeFiles/__idf_lwip.dir/lwip/src/netif/ppp/pppapi.c.obj
[619/1459] Building C object esp-idf/lwip/CMakeFiles/__idf_lwip.dir/lwip/src/netif/ppp/pppcrypt.c.obj
[620/1459] Building C object esp-idf/lwip/CMakeFiles/__idf_lwip.dir/lwip/src/netif/ppp/pppol2tp.c.obj
[621/1459] Building C object esp-idf/lwip/CMakeFiles/__idf_lwip.dir/lwip/src/netif/ppp/pppoe.c.obj
[622/1459] Building C object esp-idf/lwip/CMakeFiles/__idf_lwip.dir/lwip/src/netif/ppp/upap.c.obj
[623/1459] Building C object esp-idf/lwip/CMakeFiles/__idf_lwip.dir/lwip/src/netif/ppp/pppos.c.obj
[624/1459] Building C object esp-idf/lwip/CMakeFiles/__idf_lwip.dir/lwip/src/netif/ppp/utils.c.obj
[625/1459] Building C object esp-idf/lwip/CMakeFiles/__idf_lwip.dir/lwip/src/netif/ppp/vj.c.obj
[626/1459] Building C object esp-idf/lwip/CMakeFiles/__idf_lwip.dir/port/hooks/lwip_default_hooks.c.obj
[627/1459] Building C object esp-idf/lwip/CMakeFiles/__idf_lwip.dir/port/hooks/tcp_isn_default.c.obj
[628/1459] Building C object esp-idf/lwip/CMakeFiles/__idf_lwip.dir/port/sockets_ext.c.obj
[629/1459] Building C object esp-idf/lwip/CMakeFiles/__idf_lwip.dir/port/acd_dhcp_check.c.obj
[630/1459] Building C object esp-idf/lwip/CMakeFiles/__idf_lwip.dir/port/freertos/sys_arch.c.obj
[631/1459] Building C object esp-idf/lwip/CMakeFiles/__idf_lwip.dir/port/debug/lwip_debug.c.obj
[632/1459] Building C object esp-idf/lwip/CMakeFiles/__idf_lwip.dir/port/esp32xx/vfs_lwip.c.obj
[633/1459] Building C object esp-idf/lwip/CMakeFiles/__idf_lwip.dir/apps/ping/esp_ping.c.obj
[634/1459] Building C object esp-idf/lwip/CMakeFiles/__idf_lwip.dir/apps/ping/ping.c.obj
[635/1459] Building C object esp-idf/lwip/CMakeFiles/__idf_lwip.dir/lwip/src/netif/ppp/polarssl/des.c.obj
[636/1459] Building C object esp-idf/lwip/CMakeFiles/__idf_lwip.dir/lwip/src/netif/ppp/polarssl/arc4.c.obj
[637/1459] Building C object esp-idf/lwip/CMakeFiles/__idf_lwip.dir/lwip/src/netif/ppp/polarssl/md5.c.obj
[638/1459] Building C object esp-idf/lwip/CMakeFiles/__idf_lwip.dir/lwip/src/netif/ppp/polarssl/md4.c.obj
[639/1459] Building C object esp-idf/lwip/CMakeFiles/__idf_lwip.dir/lwip/src/netif/ppp/polarssl/sha1.c.obj
[640/1459] Building C object esp-idf/esp_netif/CMakeFiles/__idf_esp_netif.dir/esp_netif_objects.c.obj
[641/1459] Building C object esp-idf/esp_netif/CMakeFiles/__idf_esp_netif.dir/esp_netif_defaults.c.obj
[642/1459] Building C object esp-idf/lwip/CMakeFiles/__idf_lwip.dir/apps/ping/ping_sock.c.obj
[643/1459] Building C object esp-idf/esp_netif/CMakeFiles/__idf_esp_netif.dir/esp_netif_handlers.c.obj
[644/1459] Building C object esp-idf/esp_netif/CMakeFiles/__idf_esp_netif.dir/lwip/esp_netif_lwip_defaults.c.obj
[645/1459] Building C object esp-idf/esp_netif/CMakeFiles/__idf_esp_netif.dir/lwip/esp_netif_sntp.c.obj
[646/1459] Building C object esp-idf/lwip/CMakeFiles/__idf_lwip.dir/apps/dhcpserver/dhcpserver.c.obj
[647/1459] Building C object esp-idf/esp_netif/CMakeFiles/__idf_esp_netif.dir/lwip/netif/ethernetif.c.obj
[648/1459] Building C object esp-idf/esp_netif/CMakeFiles/__idf_esp_netif.dir/lwip/netif/esp_pbuf_ref.c.obj
[649/1459] Building C object esp-idf/esp_netif/CMakeFiles/__idf_esp_netif.dir/lwip/netif/wlanif.c.obj
[650/1459] Building C object esp-idf/wpa_supplicant/CMakeFiles/__idf_wpa_supplicant.dir/port/os_xtensa.c.obj
[651/1459] Building C object esp-idf/wpa_supplicant/CMakeFiles/__idf_wpa_supplicant.dir/port/eloop.c.obj
[652/1459] Building C object esp-idf/wpa_supplicant/CMakeFiles/__idf_wpa_supplicant.dir/src/ap/ieee802_1x.c.obj
[653/1459] Building C object esp-idf/wpa_supplicant/CMakeFiles/__idf_wpa_supplicant.dir/src/ap/ap_config.c.obj
[654/1459] Building C object esp-idf/wpa_supplicant/CMakeFiles/__idf_wpa_supplicant.dir/src/ap/wpa_auth_ie.c.obj
[655/1459] Building C object esp-idf/wpa_supplicant/CMakeFiles/__idf_wpa_supplicant.dir/src/ap/pmksa_cache_auth.c.obj
[656/1459] Building C object esp-idf/wpa_supplicant/CMakeFiles/__idf_wpa_supplicant.dir/src/ap/sta_info.c.obj
[657/1459] Building C object esp-idf/esp_netif/CMakeFiles/__idf_esp_netif.dir/lwip/esp_netif_lwip.c.obj
[658/1459] Building C object esp-idf/wpa_supplicant/CMakeFiles/__idf_wpa_supplicant.dir/src/ap/comeback_token.c.obj
[659/1459] Building C object esp-idf/wpa_supplicant/CMakeFiles/__idf_wpa_supplicant.dir/src/ap/ieee802_11.c.obj
[660/1459] Building C object esp-idf/wpa_supplicant/CMakeFiles/__idf_wpa_supplicant.dir/src/common/dragonfly.c.obj
[661/1459] Building C object esp-idf/wpa_supplicant/CMakeFiles/__idf_wpa_supplicant.dir/src/utils/bitfield.c.obj
[662/1459] Building C object esp-idf/wpa_supplicant/CMakeFiles/__idf_wpa_supplicant.dir/src/ap/wpa_auth.c.obj
[663/1459] Building C object esp-idf/wpa_supplicant/CMakeFiles/__idf_wpa_supplicant.dir/src/common/wpa_common.c.obj
[664/1459] Building C object esp-idf/wpa_supplicant/CMakeFiles/__idf_wpa_supplicant.dir/src/crypto/aes-siv.c.obj
[665/1459] Building C object esp-idf/wpa_supplicant/CMakeFiles/__idf_wpa_supplicant.dir/src/crypto/sha256-kdf.c.obj
[666/1459] Building C object esp-idf/wpa_supplicant/CMakeFiles/__idf_wpa_supplicant.dir/src/crypto/ccmp.c.obj
[667/1459] Building C object esp-idf/wpa_supplicant/CMakeFiles/__idf_wpa_supplicant.dir/src/crypto/crypto_ops.c.obj
[668/1459] Building C object esp-idf/wpa_supplicant/CMakeFiles/__idf_wpa_supplicant.dir/src/crypto/dh_groups.c.obj
[669/1459] Building C object esp-idf/wpa_supplicant/CMakeFiles/__idf_wpa_supplicant.dir/src/crypto/dh_group5.c.obj
[670/1459] Building C object esp-idf/wpa_supplicant/CMakeFiles/__idf_wpa_supplicant.dir/src/common/sae.c.obj
[671/1459] Building C object esp-idf/wpa_supplicant/CMakeFiles/__idf_wpa_supplicant.dir/src/crypto/sha256-tlsprf.c.obj
[672/1459] Building C object esp-idf/wpa_supplicant/CMakeFiles/__idf_wpa_supplicant.dir/src/crypto/aes-gcm.c.obj
[673/1459] Building C object esp-idf/wpa_supplicant/CMakeFiles/__idf_wpa_supplicant.dir/src/crypto/sha1-tlsprf.c.obj
[674/1459] Building C object esp-idf/wpa_supplicant/CMakeFiles/__idf_wpa_supplicant.dir/src/crypto/sha384-tlsprf.c.obj
[675/1459] Building C object esp-idf/wpa_supplicant/CMakeFiles/__idf_wpa_supplicant.dir/src/crypto/sha256-prf.c.obj
[676/1459] Building C object esp-idf/wpa_supplicant/CMakeFiles/__idf_wpa_supplicant.dir/src/crypto/ms_funcs.c.obj
[677/1459] Building C object esp-idf/wpa_supplicant/CMakeFiles/__idf_wpa_supplicant.dir/src/crypto/sha1-prf.c.obj
[678/1459] Building C object esp-idf/wpa_supplicant/CMakeFiles/__idf_wpa_supplicant.dir/src/crypto/sha384-prf.c.obj
[679/1459] Building C object esp-idf/wpa_supplicant/CMakeFiles/__idf_wpa_supplicant.dir/src/crypto/sha1-tprf.c.obj
[680/1459] Building C object esp-idf/wpa_supplicant/CMakeFiles/__idf_wpa_supplicant.dir/src/crypto/md4-internal.c.obj
[681/1459] Building C object esp-idf/wpa_supplicant/CMakeFiles/__idf_wpa_supplicant.dir/src/eap_peer/chap.c.obj
[682/1459] Building C object esp-idf/wpa_supplicant/CMakeFiles/__idf_wpa_supplicant.dir/src/eap_common/eap_wsc_common.c.obj
[683/1459] Building C object esp-idf/wpa_supplicant/CMakeFiles/__idf_wpa_supplicant.dir/src/eap_peer/eap_common.c.obj
[684/1459] Building C object esp-idf/wpa_supplicant/CMakeFiles/__idf_wpa_supplicant.dir/src/common/ieee802_11_common.c.obj
[685/1459] Building C object esp-idf/wpa_supplicant/CMakeFiles/__idf_wpa_supplicant.dir/src/eap_peer/eap.c.obj
[686/1459] Building C object esp-idf/wpa_supplicant/CMakeFiles/__idf_wpa_supplicant.dir/src/eap_peer/eap_peap_common.c.obj
[687/1459] Building C object esp-idf/wpa_supplicant/CMakeFiles/__idf_wpa_supplicant.dir/src/eap_peer/eap_mschapv2.c.obj
[688/1459] Building C object esp-idf/wpa_supplicant/CMakeFiles/__idf_wpa_supplicant.dir/src/eap_peer/eap_peap.c.obj
[689/1459] Building C object esp-idf/wpa_supplicant/CMakeFiles/__idf_wpa_supplicant.dir/src/eap_peer/eap_tls.c.obj
[690/1459] Building C object esp-idf/wpa_supplicant/CMakeFiles/__idf_wpa_supplicant.dir/src/eap_peer/mschapv2.c.obj
[691/1459] Building C object esp-idf/wpa_supplicant/CMakeFiles/__idf_wpa_supplicant.dir/src/eap_peer/eap_tls_common.c.obj
[692/1459] Building C object esp-idf/wpa_supplicant/CMakeFiles/__idf_wpa_supplicant.dir/src/eap_peer/eap_ttls.c.obj
[693/1459] Building C object esp-idf/wpa_supplicant/CMakeFiles/__idf_wpa_supplicant.dir/src/eap_peer/eap_fast_common.c.obj
[694/1459] Building C object esp-idf/wpa_supplicant/CMakeFiles/__idf_wpa_supplicant.dir/src/eap_peer/eap_fast_pac.c.obj
[695/1459] Building C object esp-idf/wpa_supplicant/CMakeFiles/__idf_wpa_supplicant.dir/src/rsn_supp/pmksa_cache.c.obj
[696/1459] Building C object esp-idf/wpa_supplicant/CMakeFiles/__idf_wpa_supplicant.dir/src/utils/base64.c.obj
[697/1459] Building C object esp-idf/wpa_supplicant/CMakeFiles/__idf_wpa_supplicant.dir/src/rsn_supp/wpa_ie.c.obj
[698/1459] Building C object esp-idf/wpa_supplicant/CMakeFiles/__idf_wpa_supplicant.dir/src/utils/uuid.c.obj
[699/1459] Building C object esp-idf/wpa_supplicant/CMakeFiles/__idf_wpa_supplicant.dir/src/utils/ext_password.c.obj
[700/1459] Building C object esp-idf/wpa_supplicant/CMakeFiles/__idf_wpa_supplicant.dir/src/utils/common.c.obj
[701/1459] Building C object esp-idf/wpa_supplicant/CMakeFiles/__idf_wpa_supplicant.dir/src/utils/wpa_debug.c.obj
[702/1459] Building C object esp-idf/wpa_supplicant/CMakeFiles/__idf_wpa_supplicant.dir/src/eap_peer/eap_fast.c.obj
[703/1459] Building C object esp-idf/wpa_supplicant/CMakeFiles/__idf_wpa_supplicant.dir/src/utils/wpabuf.c.obj
[704/1459] Building C object esp-idf/wpa_supplicant/CMakeFiles/__idf_wpa_supplicant.dir/src/wps/wps_attr_parse.c.obj
[705/1459] Building C object esp-idf/wpa_supplicant/CMakeFiles/__idf_wpa_supplicant.dir/src/wps/wps.c.obj
[706/1459] Building C object esp-idf/wpa_supplicant/CMakeFiles/__idf_wpa_supplicant.dir/src/wps/wps_attr_build.c.obj
[707/1459] Building C object esp-idf/wpa_supplicant/CMakeFiles/__idf_wpa_supplicant.dir/src/utils/json.c.obj
[708/1459] Building C object esp-idf/wpa_supplicant/CMakeFiles/__idf_wpa_supplicant.dir/src/wps/wps_attr_process.c.obj
[709/1459] Building C object esp-idf/wpa_supplicant/CMakeFiles/__idf_wpa_supplicant.dir/src/wps/wps_common.c.obj
[710/1459] Building C object esp-idf/wpa_supplicant/CMakeFiles/__idf_wpa_supplicant.dir/src/rsn_supp/wpa.c.obj
[711/1459] Building C object esp-idf/wpa_supplicant/CMakeFiles/__idf_wpa_supplicant.dir/esp_supplicant/src/esp_wpa2_api_port.c.obj
[712/1459] Building C object esp-idf/wpa_supplicant/CMakeFiles/__idf_wpa_supplicant.dir/src/wps/wps_dev_attr.c.obj
[713/1459] Building C object esp-idf/wpa_supplicant/CMakeFiles/__idf_wpa_supplicant.dir/src/wps/wps_enrollee.c.obj
[714/1459] Building C object esp-idf/wpa_supplicant/CMakeFiles/__idf_wpa_supplicant.dir/src/common/sae_pk.c.obj
[715/1459] Building C object esp-idf/wpa_supplicant/CMakeFiles/__idf_wpa_supplicant.dir/esp_supplicant/src/esp_eap_client.c.obj
[716/1459] Building C object esp-idf/wpa_supplicant/CMakeFiles/__idf_wpa_supplicant.dir/esp_supplicant/src/esp_wpa_main.c.obj
[717/1459] Building C object esp-idf/wpa_supplicant/CMakeFiles/__idf_wpa_supplicant.dir/esp_supplicant/src/esp_wpas_glue.c.obj
[718/1459] Building C object esp-idf/wpa_supplicant/CMakeFiles/__idf_wpa_supplicant.dir/esp_supplicant/src/esp_common.c.obj
[719/1459] Building C object esp-idf/wpa_supplicant/CMakeFiles/__idf_wpa_supplicant.dir/esp_supplicant/src/esp_owe.c.obj
[720/1459] Building C object esp-idf/wpa_supplicant/CMakeFiles/__idf_wpa_supplicant.dir/esp_supplicant/src/esp_hostap.c.obj
[721/1459] Building C object esp-idf/wpa_supplicant/CMakeFiles/__idf_wpa_supplicant.dir/esp_supplicant/src/esp_wpa3.c.obj
[722/1459] Building C object esp-idf/wpa_supplicant/CMakeFiles/__idf_wpa_supplicant.dir/esp_supplicant/src/crypto/fastpbkdf2.c.obj
[723/1459] Building C object esp-idf/wpa_supplicant/CMakeFiles/__idf_wpa_supplicant.dir/esp_supplicant/src/crypto/crypto_mbedtls.c.obj
[724/1459] Building C object esp-idf/wpa_supplicant/CMakeFiles/__idf_wpa_supplicant.dir/esp_supplicant/src/crypto/tls_mbedtls.c.obj
[725/1459] Building C object esp-idf/wpa_supplicant/CMakeFiles/__idf_wpa_supplicant.dir/esp_supplicant/src/crypto/crypto_mbedtls-bignum.c.obj
[726/1459] Building C object esp-idf/wpa_supplicant/CMakeFiles/__idf_wpa_supplicant.dir/src/crypto/rc4.c.obj
[727/1459] Building C object esp-idf/wpa_supplicant/CMakeFiles/__idf_wpa_supplicant.dir/src/crypto/aes-wrap.c.obj
[728/1459] Building C object esp-idf/wpa_supplicant/CMakeFiles/__idf_wpa_supplicant.dir/esp_supplicant/src/esp_wps.c.obj
[729/1459] Building C object esp-idf/wpa_supplicant/CMakeFiles/__idf_wpa_supplicant.dir/esp_supplicant/src/crypto/crypto_mbedtls-rsa.c.obj
[730/1459] Building C object esp-idf/esp_coex/CMakeFiles/__idf_esp_coex.dir/src/coexist.c.obj
[731/1459] Building C object esp-idf/wpa_supplicant/CMakeFiles/__idf_wpa_supplicant.dir/src/crypto/des-internal.c.obj
[732/1459] Building C object esp-idf/esp_coex/CMakeFiles/__idf_esp_coex.dir/src/lib_printf.c.obj
[733/1459] Building C object esp-idf/esp_coex/CMakeFiles/__idf_esp_coex.dir/src/coexist_debug_diagram.c.obj
[734/1459] Building C object esp-idf/wpa_supplicant/CMakeFiles/__idf_wpa_supplicant.dir/esp_supplicant/src/crypto/crypto_mbedtls-ec.c.obj
[735/1459] Building C object esp-idf/wpa_supplicant/CMakeFiles/__idf_wpa_supplicant.dir/src/crypto/aes-unwrap.c.obj
[736/1459] Building C object esp-idf/esp_coex/CMakeFiles/__idf_esp_coex.dir/src/coexist_debug.c.obj
[737/1459] Building C object esp-idf/esp_coex/CMakeFiles/__idf_esp_coex.dir/esp32s3/esp_coex_adapter.c.obj
[738/1459] Building C object esp-idf/wpa_supplicant/CMakeFiles/__idf_wpa_supplicant.dir/src/crypto/aes-ccm.c.obj
[739/1459] Building C object esp-idf/esp_wifi/CMakeFiles/__idf_esp_wifi.dir/src/lib_printf.c.obj
[740/1459] Building C object esp-idf/esp_wifi/CMakeFiles/__idf_esp_wifi.dir/src/mesh_event.c.obj
[741/1459] Building C object esp-idf/esp_wifi/CMakeFiles/__idf_esp_wifi.dir/src/wifi_default_ap.c.obj
[742/1459] Building C object esp-idf/esp_wifi/CMakeFiles/__idf_esp_wifi.dir/src/smartconfig.c.obj
[743/1459] Building C object esp-idf/esp_wifi/CMakeFiles/__idf_esp_wifi.dir/src/wifi_netif.c.obj
[744/1459] Building C object esp-idf/esp_wifi/CMakeFiles/__idf_esp_wifi.dir/src/wifi_init.c.obj
[745/1459] Building C object esp-idf/esp_wifi/CMakeFiles/__idf_esp_wifi.dir/src/wifi_default.c.obj
[746/1459] Building C object esp-idf/esp-tls/CMakeFiles/__idf_esp-tls.dir/esp-tls-crypto/esp_tls_crypto.c.obj
[747/1459] Building C object esp-idf/esp_wifi/CMakeFiles/__idf_esp_wifi.dir/esp32s3/esp_adapter.c.obj
[748/1459] Building C object esp-idf/esp-tls/CMakeFiles/__idf_esp-tls.dir/esp_tls_error_capture.c.obj
[749/1459] Building C object esp-idf/esp-tls/CMakeFiles/__idf_esp-tls.dir/esp_tls_platform_port.c.obj
[750/1459] Building C object esp-idf/esp_wifi/CMakeFiles/__idf_esp_wifi.dir/src/smartconfig_ack.c.obj
[751/1459] Building C object esp-idf/esp_adc/CMakeFiles/__idf_esp_adc.dir/adc_cali.c.obj
[752/1459] Building C object esp-idf/esp_adc/CMakeFiles/__idf_esp_adc.dir/adc_common.c.obj
[753/1459] Building C object esp-idf/esp-tls/CMakeFiles/__idf_esp-tls.dir/esp_tls.c.obj
[754/1459] Building C object esp-idf/esp_adc/CMakeFiles/__idf_esp_adc.dir/adc_cali_curve_fitting.c.obj
[755/1459] Building C object esp-idf/esp_adc/CMakeFiles/__idf_esp_adc.dir/deprecated/esp_adc_cal_common_legacy.c.obj
[756/1459] Building C object esp-idf/esp_adc/CMakeFiles/__idf_esp_adc.dir/adc_oneshot.c.obj
[757/1459] Building C object esp-idf/esp-tls/CMakeFiles/__idf_esp-tls.dir/esp_tls_mbedtls.c.obj
[758/1459] Building C object esp-idf/http_parser/CMakeFiles/__idf_http_parser.dir/http_parser.c.obj
[759/1459] Building C object esp-idf/esp_adc/CMakeFiles/__idf_esp_adc.dir/gdma/adc_dma.c.obj
[760/1459] Building C object esp-idf/esp_adc/CMakeFiles/__idf_esp_adc.dir/esp32s3/curve_fitting_coefficients.c.obj
[761/1459] Building C object esp-idf/esp_adc/CMakeFiles/__idf_esp_adc.dir/adc_continuous.c.obj
[762/1459] Building C object esp-idf/esp_adc/CMakeFiles/__idf_esp_adc.dir/adc_monitor.c.obj
[763/1459] Building C object esp-idf/esp_adc/CMakeFiles/__idf_esp_adc.dir/adc_filter.c.obj
[764/1459] Building C object esp-idf/esp_adc/CMakeFiles/__idf_esp_adc.dir/deprecated/esp32s3/esp_adc_cal_legacy.c.obj
[765/1459] Building C object esp-idf/esp_gdbstub/CMakeFiles/__idf_esp_gdbstub.dir/src/gdbstub_transport.c.obj
[766/1459] Building ASM object esp-idf/esp_gdbstub/CMakeFiles/__idf_esp_gdbstub.dir/src/port/xtensa/gdbstub-entry.S.obj
[767/1459] Building ASM object esp-idf/esp_gdbstub/CMakeFiles/__idf_esp_gdbstub.dir/src/port/xtensa/xt_debugexception.S.obj
[768/1459] Building C object esp-idf/esp_gdbstub/CMakeFiles/__idf_esp_gdbstub.dir/src/packet.c.obj
[769/1459] Building C object esp-idf/esp_gdbstub/CMakeFiles/__idf_esp_gdbstub.dir/src/port/xtensa/gdbstub_xtensa.c.obj
[770/1459] Building C object esp-idf/esp_gdbstub/CMakeFiles/__idf_esp_gdbstub.dir/src/gdbstub.c.obj
[771/1459] Building C object esp-idf/tcp_transport/CMakeFiles/__idf_tcp_transport.dir/transport_socks_proxy.c.obj
[772/1459] Building C object esp-idf/tcp_transport/CMakeFiles/__idf_tcp_transport.dir/transport_internal.c.obj
[773/1459] Building C object esp-idf/tcp_transport/CMakeFiles/__idf_tcp_transport.dir/transport.c.obj
[774/1459] Building C object esp-idf/tcp_transport/CMakeFiles/__idf_tcp_transport.dir/transport_ssl.c.obj
[775/1459] Building C object esp-idf/esp_http_client/CMakeFiles/__idf_esp_http_client.dir/lib/http_auth.c.obj
[776/1459] Building C object esp-idf/esp_http_client/CMakeFiles/__idf_esp_http_client.dir/lib/http_header.c.obj
[777/1459] Building C object esp-idf/esp_http_client/CMakeFiles/__idf_esp_http_client.dir/lib/http_utils.c.obj
[778/1459] Building C object esp-idf/tcp_transport/CMakeFiles/__idf_tcp_transport.dir/transport_ws.c.obj
[779/1459] Building C object esp-idf/esp_http_server/CMakeFiles/__idf_esp_http_server.dir/src/httpd_parse.c.obj
[780/1459] Building C object esp-idf/esp_http_client/CMakeFiles/__idf_esp_http_client.dir/esp_http_client.c.obj
[781/1459] Building C object esp-idf/esp_http_server/CMakeFiles/__idf_esp_http_server.dir/src/httpd_main.c.obj
[782/1459] Building C object esp-idf/esp_http_server/CMakeFiles/__idf_esp_http_server.dir/src/httpd_sess.c.obj
[783/1459] Building C object esp-idf/esp_http_server/CMakeFiles/__idf_esp_http_server.dir/src/httpd_txrx.c.obj
[784/1459] Building C object esp-idf/esp_http_server/CMakeFiles/__idf_esp_http_server.dir/src/httpd_ws.c.obj
[785/1459] Building C object esp-idf/esp_http_server/CMakeFiles/__idf_esp_http_server.dir/src/httpd_uri.c.obj
[786/1459] Building C object esp-idf/esp_http_server/CMakeFiles/__idf_esp_http_server.dir/src/util/ctrl_sock.c.obj
[787/1459] Building C object esp-idf/esp_https_ota/CMakeFiles/__idf_esp_https_ota.dir/src/esp_https_ota.c.obj
[788/1459] Linking C static library esp-idf/esp_https_ota/libesp_https_ota.a
[789/1459] Linking C static library esp-idf/esp_http_server/libesp_http_server.a
[790/1459] Linking C static library esp-idf/esp_http_client/libesp_http_client.a
[791/1459] Linking C static library esp-idf/tcp_transport/libtcp_transport.a
[792/1459] Linking C static library esp-idf/esp_gdbstub/libesp_gdbstub.a
[793/1459] Linking C static library esp-idf/esp_adc/libesp_adc.a
[794/1459] Linking C static library esp-idf/esp-tls/libesp-tls.a
[795/1459] Linking C static library esp-idf/http_parser/libhttp_parser.a
[796/1459] Linking C static library esp-idf/esp_wifi/libesp_wifi.a
[797/1459] Linking C static library esp-idf/esp_coex/libesp_coex.a
[798/1459] Linking C static library esp-idf/wpa_supplicant/libwpa_supplicant.a
[799/1459] Linking C static library esp-idf/esp_netif/libesp_netif.a
[800/1459] Linking C static library esp-idf/lwip/liblwip.a
[801/1459] Linking C static library esp-idf/vfs/libvfs.a
[802/1459] Linking C static library esp-idf/esp_vfs_console/libesp_vfs_console.a
[803/1459] Linking C static library esp-idf/esp_phy/libesp_phy.a
[804/1459] Linking C static library esp-idf/driver/libdriver.a
[805/1459] Linking C static library esp-idf/esp_driver_usb_serial_jtag/libesp_driver_usb_serial_jtag.a
[806/1459] Linking C static library esp-idf/esp_driver_ledc/libesp_driver_ledc.a
[807/1459] Linking C static library esp-idf/esp_driver_i2c/libesp_driver_i2c.a
[808/1459] Linking C static library esp-idf/esp_driver_sdm/libesp_driver_sdm.a
[809/1459] Linking C static library esp-idf/esp_driver_tsens/libesp_driver_tsens.a
[810/1459] Linking C static library esp-idf/esp_driver_rmt/libesp_driver_rmt.a
[811/1459] Linking C static library esp-idf/esp_driver_sdspi/libesp_driver_sdspi.a
[812/1459] Linking C static library esp-idf/esp_driver_sdmmc/libesp_driver_sdmmc.a
[813/1459] Linking C static library esp-idf/sdmmc/libsdmmc.a
[814/1459] Linking C static library esp-idf/esp_driver_i2s/libesp_driver_i2s.a
[815/1459] Linking C static library esp-idf/esp_driver_mcpwm/libesp_driver_mcpwm.a
[816/1459] Linking C static library esp-idf/esp_driver_spi/libesp_driver_spi.a
[817/1459] Linking C static library esp-idf/esp_driver_pcnt/libesp_driver_pcnt.a
[818/1459] Linking C static library esp-idf/nvs_flash/libnvs_flash.a
[819/1459] Linking C static library esp-idf/esp_event/libesp_event.a
[820/1459] Linking C static library esp-idf/esp_driver_uart/libesp_driver_uart.a
[821/1459] Linking C static library esp-idf/esp_ringbuf/libesp_ringbuf.a
[822/1459] Linking C static library esp-idf/esp_driver_gptimer/libesp_driver_gptimer.a
[823/1459] Linking C static library esp-idf/esp_timer/libesp_timer.a
[824/1459] Linking C static library esp-idf/cxx/libcxx.a
[825/1459] Linking C static library esp-idf/pthread/libpthread.a
[826/1459] Linking C static library esp-idf/newlib/libnewlib.a
[827/1459] Linking C static library esp-idf/freertos/libfreertos.a
[828/1459] Linking C static library esp-idf/esp_hw_support/libesp_hw_support.a
[829/1459] Linking C static library esp-idf/esp_security/libesp_security.a
[830/1459] Linking C static library esp-idf/soc/libsoc.a
[831/1459] Linking C static library esp-idf/heap/libheap.a
[832/1459] Linking C static library esp-idf/log/liblog.a
[833/1459] Linking C static library esp-idf/hal/libhal.a
[834/1459] Linking C static library esp-idf/esp_rom/libesp_rom.a
[835/1459] Linking C static library esp-idf/esp_common/libesp_common.a
[836/1459] Linking C static library esp-idf/esp_system/libesp_system.a
[837/1459] Linking C static library esp-idf/spi_flash/libspi_flash.a
[838/1459] Linking C static library esp-idf/esp_mm/libesp_mm.a
[839/1459] Linking C static library esp-idf/bootloader_support/libbootloader_support.a
[840/1459] Linking C static library esp-idf/efuse/libefuse.a
[841/1459] Linking C static library esp-idf/esp_partition/libesp_partition.a
[842/1459] Linking C static library esp-idf/app_update/libapp_update.a
[843/1459] Linking C static library esp-idf/esp_bootloader_format/libesp_bootloader_format.a
[844/1459] Linking C static library esp-idf/esp_app_format/libesp_app_format.a
[845/1459] Linking CXX static library esp-idf/mbedtls/mbedtls/library/libmbedtls.a
[846/1459] Linking CXX static library esp-idf/mbedtls/mbedtls/library/libmbedx509.a
[847/1459] Linking CXX static library esp-idf/mbedtls/mbedtls/library/libmbedcrypto.a
[848/1459] Linking CXX static library esp-idf/mbedtls/mbedtls/3rdparty/p256-m/libp256m.a
[849/1459] Linking CXX static library esp-idf/mbedtls/mbedtls/3rdparty/everest/libeverest.a
[850/1459] Generating x509_crt_bundle
[851/1459] Generating ../../x509_crt_bundle.S
[852/1459] Building C object esp-idf/xtensa/CMakeFiles/__idf_xtensa.dir/eri.c.obj
[853/1459] Building ASM object esp-idf/xtensa/CMakeFiles/__idf_xtensa.dir/xtensa_context.S.obj
[854/1459] Building ASM object esp-idf/xtensa/CMakeFiles/__idf_xtensa.dir/xtensa_intr_asm.S.obj
[855/1459] Building ASM object esp-idf/xtensa/CMakeFiles/__idf_xtensa.dir/xtensa_vectors.S.obj
[856/1459] Building C object esp-idf/xtensa/CMakeFiles/__idf_xtensa.dir/xt_trax.c.obj
[857/1459] Building C object esp-idf/xtensa/CMakeFiles/__idf_xtensa.dir/xtensa_intr.c.obj
[858/1459] Building C object esp-idf/esp_driver_gpio/CMakeFiles/__idf_esp_driver_gpio.dir/src/gpio_glitch_filter_ops.c.obj
[859/1459] Building C object esp-idf/esp_pm/CMakeFiles/__idf_esp_pm.dir/pm_trace.c.obj
[860/1459] Building C object esp-idf/esp_driver_gpio/CMakeFiles/__idf_esp_driver_gpio.dir/src/gpio_pin_glitch_filter.c.obj
[861/1459] Building C object esp-idf/esp_pm/CMakeFiles/__idf_esp_pm.dir/pm_locks.c.obj
[862/1459] Building C object esp-idf/esp_driver_gpio/CMakeFiles/__idf_esp_driver_gpio.dir/src/dedic_gpio.c.obj
[863/1459] Building C object esp-idf/esp_driver_gpio/CMakeFiles/__idf_esp_driver_gpio.dir/src/rtc_io.c.obj
[864/1459] Building C object esp-idf/mbedtls/CMakeFiles/__idf_mbedtls.dir/esp_crt_bundle/esp_crt_bundle.c.obj
[865/1459] Building ASM object esp-idf/mbedtls/CMakeFiles/__idf_mbedtls.dir/__/__/x509_crt_bundle.S.obj
[866/1459] Linking C static library esp-idf/mbedtls/libmbedtls.a
[867/1459] Building C object esp-idf/esp_pm/CMakeFiles/__idf_esp_pm.dir/pm_impl.c.obj
[868/1459] Building C object esp-idf/app_trace/CMakeFiles/__idf_app_trace.dir/host_file_io.c.obj
[869/1459] Linking C static library esp-idf/esp_pm/libesp_pm.a
[870/1459] Building C object esp-idf/app_trace/CMakeFiles/__idf_app_trace.dir/app_trace_util.c.obj
[871/1459] Building C object esp-idf/app_trace/CMakeFiles/__idf_app_trace.dir/app_trace.c.obj
[872/1459] Building C object esp-idf/app_trace/CMakeFiles/__idf_app_trace.dir/port/port_uart.c.obj
[873/1459] Building C object esp-idf/esp_driver_gpio/CMakeFiles/__idf_esp_driver_gpio.dir/src/gpio.c.obj
[874/1459] Building C object esp-idf/bt/CMakeFiles/__idf_bt.dir/common/btc/core/btc_alarm.c.obj
[875/1459] Linking C static library esp-idf/esp_driver_gpio/libesp_driver_gpio.a
[876/1459] Building C object esp-idf/bt/CMakeFiles/__idf_bt.dir/common/hci_log/bt_hci_log.c.obj
[877/1459] Building C object esp-idf/bt/CMakeFiles/__idf_bt.dir/common/api/esp_blufi_api.c.obj
[878/1459] Linking C static library esp-idf/xtensa/libxtensa.a
[879/1459] Linking C static library esp-idf/app_trace/libapp_trace.a
[880/1459] Building C object esp-idf/bt/CMakeFiles/__idf_bt.dir/common/btc/core/btc_manage.c.obj
[881/1459] Building C object esp-idf/bt/CMakeFiles/__idf_bt.dir/controller/esp32c3/bt.c.obj
[882/1459] Building C object esp-idf/bt/CMakeFiles/__idf_bt.dir/common/osi/allocator.c.obj
[883/1459] Building C object esp-idf/bt/CMakeFiles/__idf_bt.dir/common/btc/profile/esp/blufi/blufi_protocol.c.obj
[884/1459] Building C object esp-idf/bt/CMakeFiles/__idf_bt.dir/common/osi/buffer.c.obj
[885/1459] Building C object esp-idf/bt/CMakeFiles/__idf_bt.dir/common/btc/profile/esp/blufi/blufi_prf.c.obj
[886/1459] Building C object esp-idf/bt/CMakeFiles/__idf_bt.dir/common/osi/alarm.c.obj
[887/1459] Building C object esp-idf/bt/CMakeFiles/__idf_bt.dir/common/btc/core/btc_task.c.obj
[888/1459] Building C object esp-idf/bt/CMakeFiles/__idf_bt.dir/common/osi/hash_functions.c.obj
[889/1459] Building C object esp-idf/bt/CMakeFiles/__idf_bt.dir/common/osi/fixed_pkt_queue.c.obj
[890/1459] Building C object esp-idf/bt/CMakeFiles/__idf_bt.dir/common/osi/fixed_queue.c.obj
[891/1459] Building C object esp-idf/bt/CMakeFiles/__idf_bt.dir/common/osi/pkt_queue.c.obj
[892/1459] Building C object esp-idf/bt/CMakeFiles/__idf_bt.dir/common/osi/future.c.obj
[893/1459] Building C object esp-idf/bt/CMakeFiles/__idf_bt.dir/common/osi/config.c.obj
[894/1459] Building C object esp-idf/bt/CMakeFiles/__idf_bt.dir/common/osi/hash_map.c.obj
[895/1459] Building C object esp-idf/bt/CMakeFiles/__idf_bt.dir/common/osi/mutex.c.obj
[896/1459] Building C object esp-idf/bt/CMakeFiles/__idf_bt.dir/common/osi/osi.c.obj
[897/1459] Building C object esp-idf/bt/CMakeFiles/__idf_bt.dir/common/osi/list.c.obj
[898/1459] Building C object esp-idf/bt/CMakeFiles/__idf_bt.dir/common/osi/thread.c.obj
[899/1459] Building C object esp-idf/bt/CMakeFiles/__idf_bt.dir/porting/mem/bt_osi_mem.c.obj
[900/1459] Building C object esp-idf/bt/CMakeFiles/__idf_bt.dir/common/osi/semaphore.c.obj
[901/1459] Building C object esp-idf/bt/CMakeFiles/__idf_bt.dir/common/ble_log/ble_log_spi_out.c.obj
[902/1459] Building C object esp-idf/bt/CMakeFiles/__idf_bt.dir/host/bluedroid/api/esp_a2dp_api.c.obj
[903/1459] Building C object esp-idf/bt/CMakeFiles/__idf_bt.dir/host/bluedroid/api/esp_bluedroid_hci.c.obj
[904/1459] Building C object esp-idf/bt/CMakeFiles/__idf_bt.dir/host/bluedroid/api/esp_bt_device.c.obj
[905/1459] Building C object esp-idf/bt/CMakeFiles/__idf_bt.dir/host/bluedroid/api/esp_avrc_api.c.obj
[906/1459] Building C object esp-idf/bt/CMakeFiles/__idf_bt.dir/host/bluedroid/api/esp_bt_main.c.obj
[907/1459] Building C object esp-idf/bt/CMakeFiles/__idf_bt.dir/host/bluedroid/api/esp_gap_bt_api.c.obj
[908/1459] Building C object esp-idf/bt/CMakeFiles/__idf_bt.dir/host/bluedroid/api/esp_hidd_api.c.obj
[909/1459] Building C object esp-idf/bt/CMakeFiles/__idf_bt.dir/host/bluedroid/api/esp_gattc_api.c.obj
[910/1459] Building C object esp-idf/bt/CMakeFiles/__idf_bt.dir/host/bluedroid/api/esp_gatt_common_api.c.obj
[911/1459] Building C object esp-idf/bt/CMakeFiles/__idf_bt.dir/host/bluedroid/api/esp_gatts_api.c.obj
[912/1459] Building C object esp-idf/bt/CMakeFiles/__idf_bt.dir/host/bluedroid/api/esp_hidh_api.c.obj
[913/1459] Building C object esp-idf/bt/CMakeFiles/__idf_bt.dir/host/bluedroid/api/esp_hf_client_api.c.obj
[914/1459] Building C object esp-idf/bt/CMakeFiles/__idf_bt.dir/host/bluedroid/api/esp_spp_api.c.obj
[915/1459] Building C object esp-idf/bt/CMakeFiles/__idf_bt.dir/host/bluedroid/api/esp_gap_ble_api.c.obj
[916/1459] Building C object esp-idf/bt/CMakeFiles/__idf_bt.dir/host/bluedroid/api/esp_hf_ag_api.c.obj
[917/1459] Building C object esp-idf/bt/CMakeFiles/__idf_bt.dir/host/bluedroid/api/esp_sdp_api.c.obj
[918/1459] Building C object esp-idf/bt/CMakeFiles/__idf_bt.dir/host/bluedroid/bta/av/bta_av_act.c.obj
[919/1459] Building C object esp-idf/bt/CMakeFiles/__idf_bt.dir/host/bluedroid/bta/ar/bta_ar.c.obj
[920/1459] Building C object esp-idf/bt/CMakeFiles/__idf_bt.dir/host/bluedroid/api/esp_l2cap_bt_api.c.obj
[921/1459] Building C object esp-idf/bt/CMakeFiles/__idf_bt.dir/host/bluedroid/bta/av/bta_av_aact.c.obj
[922/1459] Building C object esp-idf/bt/CMakeFiles/__idf_bt.dir/host/bluedroid/bta/av/bta_av_ca_act.c.obj
[923/1459] Building C object esp-idf/bt/CMakeFiles/__idf_bt.dir/host/bluedroid/bta/av/bta_av_api.c.obj
[924/1459] Building C object esp-idf/bt/CMakeFiles/__idf_bt.dir/host/bluedroid/bta/av/bta_av_ca_sm.c.obj
[925/1459] Building C object esp-idf/bt/CMakeFiles/__idf_bt.dir/host/bluedroid/bta/av/bta_av_ssm.c.obj
[926/1459] Building C object esp-idf/bt/CMakeFiles/__idf_bt.dir/host/bluedroid/bta/av/bta_av_cfg.c.obj
[927/1459] Building C object esp-idf/bt/CMakeFiles/__idf_bt.dir/host/bluedroid/bta/av/bta_av_main.c.obj
[928/1459] Building C object esp-idf/bt/CMakeFiles/__idf_bt.dir/host/bluedroid/bta/av/bta_av_ci.c.obj
[929/1459] Building C object esp-idf/bt/CMakeFiles/__idf_bt.dir/host/bluedroid/bta/av/bta_av_sbc.c.obj
[930/1459] Building C object esp-idf/bt/CMakeFiles/__idf_bt.dir/host/bluedroid/bta/dm/bta_dm_cfg.c.obj
[931/1459] Building C object esp-idf/bt/CMakeFiles/__idf_bt.dir/host/bluedroid/bta/dm/bta_dm_main.c.obj
[932/1459] Building C object esp-idf/bt/CMakeFiles/__idf_bt.dir/host/bluedroid/bta/dm/bta_dm_ci.c.obj
[933/1459] Building C object esp-idf/bt/CMakeFiles/__idf_bt.dir/host/bluedroid/bta/dm/bta_dm_co.c.obj
[934/1459] Building C object esp-idf/bt/CMakeFiles/__idf_bt.dir/host/bluedroid/bta/dm/bta_dm_qos.c.obj
[935/1459] Building C object esp-idf/bt/CMakeFiles/__idf_bt.dir/host/bluedroid/bta/dm/bta_dm_pm.c.obj
[936/1459] Building C object esp-idf/bt/CMakeFiles/__idf_bt.dir/host/bluedroid/bta/dm/bta_dm_sco.c.obj
[937/1459] Building C object esp-idf/bt/CMakeFiles/__idf_bt.dir/host/bluedroid/bta/dm/bta_dm_api.c.obj
[938/1459] Building C object esp-idf/bt/CMakeFiles/__idf_bt.dir/host/bluedroid/bta/gatt/bta_gatt_common.c.obj
[939/1459] Building C object esp-idf/bt/CMakeFiles/__idf_bt.dir/host/bluedroid/bta/gatt/bta_gattc_api.c.obj
[940/1459] Building C object esp-idf/bt/CMakeFiles/__idf_bt.dir/host/bluedroid/bta/gatt/bta_gattc_cache.c.obj
[941/1459] Building C object esp-idf/bt/CMakeFiles/__idf_bt.dir/host/bluedroid/bta/dm/bta_dm_act.c.obj
[942/1459] Building C object esp-idf/bt/CMakeFiles/__idf_bt.dir/host/bluedroid/bta/gatt/bta_gattc_ci.c.obj
[943/1459] Building C object esp-idf/bt/CMakeFiles/__idf_bt.dir/host/bluedroid/bta/gatt/bta_gattc_main.c.obj
[944/1459] Building C object esp-idf/bt/CMakeFiles/__idf_bt.dir/host/bluedroid/bta/gatt/bta_gattc_act.c.obj
[945/1459] Building C object esp-idf/bt/CMakeFiles/__idf_bt.dir/host/bluedroid/bta/gatt/bta_gattc_co.c.obj
[946/1459] Building C object esp-idf/bt/CMakeFiles/__idf_bt.dir/host/bluedroid/bta/gatt/bta_gattc_utils.c.obj
[947/1459] Building C object esp-idf/bt/CMakeFiles/__idf_bt.dir/host/bluedroid/bta/gatt/bta_gatts_main.c.obj
[948/1459] Building C object esp-idf/bt/CMakeFiles/__idf_bt.dir/host/bluedroid/bta/hd/bta_hd_api.c.obj
[949/1459] Building C object esp-idf/bt/CMakeFiles/__idf_bt.dir/host/bluedroid/bta/gatt/bta_gatts_utils.c.obj
[950/1459] Building C object esp-idf/bt/CMakeFiles/__idf_bt.dir/host/bluedroid/bta/gatt/bta_gatts_api.c.obj
[951/1459] Building C object esp-idf/bt/CMakeFiles/__idf_bt.dir/host/bluedroid/bta/hd/bta_hd_act.c.obj
[952/1459] Building C object esp-idf/bt/CMakeFiles/__idf_bt.dir/host/bluedroid/bta/gatt/bta_gatts_co.c.obj
[953/1459] Building C object esp-idf/bt/CMakeFiles/__idf_bt.dir/host/bluedroid/bta/hh/bta_hh_act.c.obj
[954/1459] Building C object esp-idf/bt/CMakeFiles/__idf_bt.dir/host/bluedroid/bta/hd/bta_hd_main.c.obj
[955/1459] Building C object esp-idf/bt/CMakeFiles/__idf_bt.dir/host/bluedroid/bta/gatt/bta_gatts_act.c.obj
[956/1459] Building C object esp-idf/bt/CMakeFiles/__idf_bt.dir/host/bluedroid/bta/hh/bta_hh_api.c.obj
[957/1459] Building C object esp-idf/bt/CMakeFiles/__idf_bt.dir/host/bluedroid/bta/hh/bta_hh_cfg.c.obj
[958/1459] Building C object esp-idf/bt/CMakeFiles/__idf_bt.dir/host/bluedroid/bta/hh/bta_hh_main.c.obj
[959/1459] Building C object esp-idf/bt/CMakeFiles/__idf_bt.dir/host/bluedroid/bta/jv/bta_jv_api.c.obj
[960/1459] Building C object esp-idf/bt/CMakeFiles/__idf_bt.dir/host/bluedroid/bta/hh/bta_hh_utils.c.obj
[961/1459] Building C object esp-idf/bt/CMakeFiles/__idf_bt.dir/host/bluedroid/bta/jv/bta_jv_act.c.obj
[962/1459] Building C object esp-idf/bt/CMakeFiles/__idf_bt.dir/host/bluedroid/bta/hh/bta_hh_le.c.obj
[963/1459] Building C object esp-idf/bt/CMakeFiles/__idf_bt.dir/host/bluedroid/bta/jv/bta_jv_cfg.c.obj
[964/1459] Building C object esp-idf/bt/CMakeFiles/__idf_bt.dir/host/bluedroid/bta/jv/bta_jv_main.c.obj
[965/1459] Building C object esp-idf/bt/CMakeFiles/__idf_bt.dir/host/bluedroid/bta/hf_ag/bta_ag_at.c.obj
[966/1459] Building C object esp-idf/bt/CMakeFiles/__idf_bt.dir/host/bluedroid/bta/hf_ag/bta_ag_act.c.obj
[967/1459] Building C object esp-idf/bt/CMakeFiles/__idf_bt.dir/host/bluedroid/bta/hf_ag/bta_ag_cfg.c.obj
[968/1459] Building C object esp-idf/bt/CMakeFiles/__idf_bt.dir/host/bluedroid/bta/hf_ag/bta_ag_api.c.obj
[969/1459] Building C object esp-idf/bt/CMakeFiles/__idf_bt.dir/host/bluedroid/bta/hf_ag/bta_ag_cmd.c.obj
[970/1459] Building C object esp-idf/bt/CMakeFiles/__idf_bt.dir/host/bluedroid/bta/hf_ag/bta_ag_sco.c.obj
[971/1459] Building C object esp-idf/bt/CMakeFiles/__idf_bt.dir/host/bluedroid/bta/hf_ag/bta_ag_rfc.c.obj
[972/1459] Building C object esp-idf/bt/CMakeFiles/__idf_bt.dir/host/bluedroid/bta/hf_ag/bta_ag_main.c.obj
[973/1459] Building C object esp-idf/bt/CMakeFiles/__idf_bt.dir/host/bluedroid/bta/hf_client/bta_hf_client_act.c.obj
[974/1459] Building C object esp-idf/bt/CMakeFiles/__idf_bt.dir/host/bluedroid/bta/hf_ag/bta_ag_sdp.c.obj
[975/1459] Building C object esp-idf/bt/CMakeFiles/__idf_bt.dir/host/bluedroid/bta/hf_client/bta_hf_client_api.c.obj
[976/1459] Building C object esp-idf/bt/CMakeFiles/__idf_bt.dir/host/bluedroid/bta/hf_client/bta_hf_client_at.c.obj
[977/1459] Building C object esp-idf/bt/CMakeFiles/__idf_bt.dir/host/bluedroid/bta/hf_client/bta_hf_client_main.c.obj
[978/1459] Building C object esp-idf/bt/CMakeFiles/__idf_bt.dir/host/bluedroid/bta/hf_client/bta_hf_client_cmd.c.obj
[979/1459] Building C object esp-idf/bt/CMakeFiles/__idf_bt.dir/host/bluedroid/bta/hf_client/bta_hf_client_sco.c.obj
[980/1459] Building C object esp-idf/bt/CMakeFiles/__idf_bt.dir/host/bluedroid/bta/hf_client/bta_hf_client_rfc.c.obj
[981/1459] Building C object esp-idf/bt/CMakeFiles/__idf_bt.dir/host/bluedroid/bta/hf_client/bta_hf_client_sdp.c.obj
[982/1459] Building C object esp-idf/bt/CMakeFiles/__idf_bt.dir/host/bluedroid/bta/sdp/bta_sdp_act.c.obj
[983/1459] Building C object esp-idf/bt/CMakeFiles/__idf_bt.dir/host/bluedroid/bta/sdp/bta_sdp_cfg.c.obj
[984/1459] Building C object esp-idf/bt/CMakeFiles/__idf_bt.dir/host/bluedroid/bta/sdp/bta_sdp.c.obj
[985/1459] Building C object esp-idf/bt/CMakeFiles/__idf_bt.dir/host/bluedroid/bta/sdp/bta_sdp_api.c.obj
[986/1459] Building C object esp-idf/bt/CMakeFiles/__idf_bt.dir/host/bluedroid/bta/sys/bta_sys_conn.c.obj
[987/1459] Building C object esp-idf/bt/CMakeFiles/__idf_bt.dir/host/bluedroid/bta/sys/utl.c.obj
[988/1459] Building C object esp-idf/bt/CMakeFiles/__idf_bt.dir/host/bluedroid/bta/sys/bta_sys_main.c.obj
[989/1459] Building C object esp-idf/bt/CMakeFiles/__idf_bt.dir/host/bluedroid/btc/core/btc_config.c.obj
[990/1459] Building C object esp-idf/bt/CMakeFiles/__idf_bt.dir/host/bluedroid/btc/core/btc_sec.c.obj
[991/1459] Building C object esp-idf/bt/CMakeFiles/__idf_bt.dir/host/bluedroid/btc/core/btc_profile_queue.c.obj
[992/1459] Building C object esp-idf/bt/CMakeFiles/__idf_bt.dir/host/bluedroid/btc/core/btc_dev.c.obj
[993/1459] Building C object esp-idf/bt/CMakeFiles/__idf_bt.dir/host/bluedroid/btc/core/btc_main.c.obj
[994/1459] Building C object esp-idf/bt/CMakeFiles/__idf_bt.dir/host/bluedroid/btc/core/btc_dm.c.obj
[995/1459] Building C object esp-idf/bt/CMakeFiles/__idf_bt.dir/host/bluedroid/btc/core/btc_sm.c.obj
[996/1459] Building C object esp-idf/bt/CMakeFiles/__idf_bt.dir/host/bluedroid/btc/core/btc_ble_storage.c.obj
[997/1459] Building C object esp-idf/bt/CMakeFiles/__idf_bt.dir/host/bluedroid/btc/profile/std/a2dp/btc_a2dp.c.obj
[998/1459] Building C object esp-idf/bt/CMakeFiles/__idf_bt.dir/host/bluedroid/btc/profile/std/a2dp/btc_a2dp_control.c.obj
[999/1459] Building C object esp-idf/bt/CMakeFiles/__idf_bt.dir/host/bluedroid/btc/core/btc_util.c.obj
[1000/1459] Building C object esp-idf/bt/CMakeFiles/__idf_bt.dir/host/bluedroid/btc/profile/std/a2dp/bta_av_co.c.obj
[1001/1459] Building C object esp-idf/bt/CMakeFiles/__idf_bt.dir/host/bluedroid/btc/core/btc_storage.c.obj
[1002/1459] Building C object esp-idf/bt/CMakeFiles/__idf_bt.dir/host/bluedroid/btc/profile/std/a2dp/btc_a2dp_sink.c.obj
[1003/1459] Building C object esp-idf/bt/CMakeFiles/__idf_bt.dir/host/bluedroid/btc/profile/std/avrc/btc_avrc.c.obj
[1004/1459] Building C object esp-idf/bt/CMakeFiles/__idf_bt.dir/host/bluedroid/btc/profile/std/avrc/bta_avrc_co.c.obj
[1005/1459] Building C object esp-idf/bt/CMakeFiles/__idf_bt.dir/host/bluedroid/btc/profile/std/a2dp/btc_a2dp_source.c.obj
[1006/1459] Building C object esp-idf/bt/CMakeFiles/__idf_bt.dir/host/bluedroid/btc/profile/std/a2dp/btc_av.c.obj
[1007/1459] Building C object esp-idf/bt/CMakeFiles/__idf_bt.dir/host/bluedroid/btc/profile/std/hf_ag/bta_ag_co.c.obj
[1008/1459] Building C object esp-idf/bt/CMakeFiles/__idf_bt.dir/host/bluedroid/btc/profile/std/hf_client/btc_hf_client.c.obj
[1009/1459] Building C object esp-idf/bt/CMakeFiles/__idf_bt.dir/host/bluedroid/btc/profile/std/hf_ag/btc_hf_ag.c.obj
[1010/1459] Building C object esp-idf/bt/CMakeFiles/__idf_bt.dir/host/bluedroid/btc/profile/std/hf_client/bta_hf_client_co.c.obj
[1011/1459] Building C object esp-idf/bt/CMakeFiles/__idf_bt.dir/host/bluedroid/btc/profile/std/hid/btc_hh.c.obj
[1012/1459] Building C object esp-idf/bt/CMakeFiles/__idf_bt.dir/host/bluedroid/btc/profile/std/hid/btc_hd.c.obj
[1013/1459] Building C object esp-idf/bt/CMakeFiles/__idf_bt.dir/host/bluedroid/btc/profile/std/gap/bta_gap_bt_co.c.obj
[1014/1459] Building C object esp-idf/bt/CMakeFiles/__idf_bt.dir/host/bluedroid/btc/profile/std/hid/bta_hh_co.c.obj
[1015/1459] Building C object esp-idf/bt/CMakeFiles/__idf_bt.dir/host/bluedroid/btc/profile/std/gap/btc_gap_bt.c.obj
[1016/1459] Building C object esp-idf/bt/CMakeFiles/__idf_bt.dir/host/bluedroid/btc/profile/std/gatt/btc_gatt_common.c.obj
[1017/1459] Building C object esp-idf/bt/CMakeFiles/__idf_bt.dir/host/bluedroid/btc/profile/std/gatt/btc_gatt_util.c.obj
[1018/1459] Building C object esp-idf/bt/CMakeFiles/__idf_bt.dir/host/bluedroid/btc/profile/std/gatt/btc_gattc.c.obj
[1019/1459] Building C object esp-idf/bt/CMakeFiles/__idf_bt.dir/host/bluedroid/btc/profile/std/spp/btc_spp.c.obj
[1020/1459] Building C object esp-idf/bt/CMakeFiles/__idf_bt.dir/host/bluedroid/device/bdaddr.c.obj
[1021/1459] Building C object esp-idf/bt/CMakeFiles/__idf_bt.dir/host/bluedroid/btc/profile/std/sdp/btc_sdp.c.obj
[1022/1459] Building C object esp-idf/bt/CMakeFiles/__idf_bt.dir/host/bluedroid/btc/profile/std/gatt/btc_gatts.c.obj
[1023/1459] Building C object esp-idf/bt/CMakeFiles/__idf_bt.dir/host/bluedroid/btc/profile/std/gap/btc_gap_ble.c.obj
[1024/1459] Building C object esp-idf/bt/CMakeFiles/__idf_bt.dir/host/bluedroid/btc/profile/std/l2cap/btc_l2cap.c.obj
[1025/1459] Building C object esp-idf/bt/CMakeFiles/__idf_bt.dir/host/bluedroid/external/sbc/decoder/srce/bitalloc-sbc.c.obj
[1026/1459] Building C object esp-idf/bt/CMakeFiles/__idf_bt.dir/host/bluedroid/external/sbc/decoder/srce/bitalloc.c.obj
[1027/1459] Building C object esp-idf/bt/CMakeFiles/__idf_bt.dir/host/bluedroid/external/sbc/decoder/srce/alloc.c.obj
[1028/1459] Building C object esp-idf/bt/CMakeFiles/__idf_bt.dir/host/bluedroid/external/sbc/decoder/srce/bitstream-decode.c.obj
[1029/1459] Building C object esp-idf/bt/CMakeFiles/__idf_bt.dir/host/bluedroid/device/interop.c.obj
[1030/1459] Building C object esp-idf/bt/CMakeFiles/__idf_bt.dir/host/bluedroid/external/sbc/decoder/srce/decoder-oina.c.obj
[1031/1459] Building C object esp-idf/bt/CMakeFiles/__idf_bt.dir/host/bluedroid/device/controller.c.obj
[1032/1459] Building C object esp-idf/bt/CMakeFiles/__idf_bt.dir/host/bluedroid/external/sbc/decoder/srce/dequant.c.obj
[1033/1459] Building C object esp-idf/bt/CMakeFiles/__idf_bt.dir/host/bluedroid/external/sbc/decoder/srce/decoder-private.c.obj
[1034/1459] Building C object esp-idf/bt/CMakeFiles/__idf_bt.dir/host/bluedroid/external/sbc/decoder/srce/decoder-sbc.c.obj
[1035/1459] Building C object esp-idf/bt/CMakeFiles/__idf_bt.dir/host/bluedroid/external/sbc/decoder/srce/framing-sbc.c.obj
[1036/1459] Building C object esp-idf/bt/CMakeFiles/__idf_bt.dir/host/bluedroid/external/sbc/decoder/srce/synthesis-8-generated.c.obj
[1037/1459] Building C object esp-idf/bt/CMakeFiles/__idf_bt.dir/host/bluedroid/external/sbc/decoder/srce/oi_codec_version.c.obj
[1038/1459] Building C object esp-idf/bt/CMakeFiles/__idf_bt.dir/host/bluedroid/external/sbc/decoder/srce/framing.c.obj
[1039/1459] Building C object esp-idf/bt/CMakeFiles/__idf_bt.dir/host/bluedroid/external/sbc/decoder/srce/synthesis-dct8.c.obj
[1040/1459] Building C object esp-idf/bt/CMakeFiles/__idf_bt.dir/host/bluedroid/external/sbc/decoder/srce/synthesis-sbc.c.obj
[1041/1459] Building C object esp-idf/bt/CMakeFiles/__idf_bt.dir/host/bluedroid/external/sbc/encoder/srce/sbc_analysis.c.obj
[1042/1459] Building C object esp-idf/bt/CMakeFiles/__idf_bt.dir/host/bluedroid/external/sbc/encoder/srce/sbc_dct.c.obj
[1043/1459] Building C object esp-idf/bt/CMakeFiles/__idf_bt.dir/host/bluedroid/external/sbc/encoder/srce/sbc_enc_bit_alloc_ste.c.obj
[1044/1459] Building C object esp-idf/bt/CMakeFiles/__idf_bt.dir/host/bluedroid/external/sbc/encoder/srce/sbc_dct_coeffs.c.obj
[1045/1459] Building C object esp-idf/bt/CMakeFiles/__idf_bt.dir/host/bluedroid/external/sbc/encoder/srce/sbc_enc_coeffs.c.obj
[1046/1459] Building C object esp-idf/bt/CMakeFiles/__idf_bt.dir/host/bluedroid/external/sbc/encoder/srce/sbc_enc_bit_alloc_mono.c.obj
[1047/1459] Building C object esp-idf/bt/CMakeFiles/__idf_bt.dir/host/bluedroid/external/sbc/encoder/srce/sbc_packing.c.obj
[1048/1459] Building C object esp-idf/bt/CMakeFiles/__idf_bt.dir/host/bluedroid/hci/hci_audio.c.obj
[1049/1459] Building C object esp-idf/bt/CMakeFiles/__idf_bt.dir/host/bluedroid/external/sbc/encoder/srce/sbc_encoder.c.obj
[1050/1459] Building C object esp-idf/bt/CMakeFiles/__idf_bt.dir/host/bluedroid/external/sbc/plc/sbc_plc.c.obj
[1051/1459] Building C object esp-idf/bt/CMakeFiles/__idf_bt.dir/host/bluedroid/hci/hci_packet_parser.c.obj
[1052/1459] Building C object esp-idf/bt/CMakeFiles/__idf_bt.dir/host/bluedroid/hci/packet_fragmenter.c.obj
[1053/1459] Building C object esp-idf/bt/CMakeFiles/__idf_bt.dir/host/bluedroid/hci/hci_hal_h4.c.obj
[1054/1459] Building C object esp-idf/bt/CMakeFiles/__idf_bt.dir/host/bluedroid/main/bte_init.c.obj
[1055/1459] Building C object esp-idf/bt/CMakeFiles/__idf_bt.dir/host/bluedroid/hci/hci_packet_factory.c.obj
[1056/1459] Building C object esp-idf/bt/CMakeFiles/__idf_bt.dir/host/bluedroid/hci/hci_layer.c.obj
[1057/1459] Building C object esp-idf/bt/CMakeFiles/__idf_bt.dir/host/bluedroid/stack/a2dp/a2d_api.c.obj
[1058/1459] Building C object esp-idf/bt/CMakeFiles/__idf_bt.dir/host/bluedroid/main/bte_main.c.obj
[1059/1459] Building C object esp-idf/bt/CMakeFiles/__idf_bt.dir/host/bluedroid/stack/avct/avct_ccb.c.obj
[1060/1459] Building C object esp-idf/bt/CMakeFiles/__idf_bt.dir/host/bluedroid/stack/avct/avct_api.c.obj
[1061/1459] Building C object esp-idf/bt/CMakeFiles/__idf_bt.dir/host/bluedroid/stack/a2dp/a2d_sbc.c.obj
[1062/1459] Building C object esp-idf/bt/CMakeFiles/__idf_bt.dir/host/bluedroid/stack/avct/avct_l2c.c.obj
[1063/1459] Building C object esp-idf/bt/CMakeFiles/__idf_bt.dir/host/bluedroid/stack/avct/avct_lcb_act.c.obj
[1064/1459] Building C object esp-idf/bt/CMakeFiles/__idf_bt.dir/host/bluedroid/stack/avct/avct_lcb.c.obj
[1065/1459] Building C object esp-idf/bt/CMakeFiles/__idf_bt.dir/host/bluedroid/stack/avdt/avdt_ad.c.obj
[1066/1459] Building C object esp-idf/bt/CMakeFiles/__idf_bt.dir/host/bluedroid/stack/avdt/avdt_ccb.c.obj
[1067/1459] Building C object esp-idf/bt/CMakeFiles/__idf_bt.dir/host/bluedroid/stack/avdt/avdt_api.c.obj
[1068/1459] Building C object esp-idf/bt/CMakeFiles/__idf_bt.dir/host/bluedroid/stack/avdt/avdt_ccb_act.c.obj
[1069/1459] Building C object esp-idf/bt/CMakeFiles/__idf_bt.dir/host/bluedroid/stack/avdt/avdt_msg.c.obj
[1070/1459] Building C object esp-idf/bt/CMakeFiles/__idf_bt.dir/host/bluedroid/stack/avrc/avrc_api.c.obj
[1071/1459] Building C object esp-idf/bt/CMakeFiles/__idf_bt.dir/host/bluedroid/stack/avdt/avdt_l2c.c.obj
[1072/1459] Building C object esp-idf/bt/CMakeFiles/__idf_bt.dir/host/bluedroid/stack/avdt/avdt_scb.c.obj
[1073/1459] Building C object esp-idf/bt/CMakeFiles/__idf_bt.dir/host/bluedroid/stack/avrc/avrc_bld_ct.c.obj
[1074/1459] Building C object esp-idf/bt/CMakeFiles/__idf_bt.dir/host/bluedroid/stack/avdt/avdt_scb_act.c.obj
[1075/1459] Building C object esp-idf/bt/CMakeFiles/__idf_bt.dir/host/bluedroid/stack/avrc/avrc_bld_tg.c.obj
[1076/1459] Building C object esp-idf/bt/CMakeFiles/__idf_bt.dir/host/bluedroid/stack/avrc/avrc_opt.c.obj
[1077/1459] Building C object esp-idf/bt/CMakeFiles/__idf_bt.dir/host/bluedroid/stack/avrc/avrc_sdp.c.obj
[1078/1459] Building C object esp-idf/bt/CMakeFiles/__idf_bt.dir/host/bluedroid/stack/avrc/avrc_pars_tg.c.obj
[1079/1459] Building C object esp-idf/bt/CMakeFiles/__idf_bt.dir/host/bluedroid/stack/avrc/avrc_pars_ct.c.obj
[1080/1459] Building C object esp-idf/bt/CMakeFiles/__idf_bt.dir/host/bluedroid/stack/avrc/avrc_utils.c.obj
[1081/1459] Building C object esp-idf/bt/CMakeFiles/__idf_bt.dir/host/bluedroid/stack/hid/hidd_conn.c.obj
[1082/1459] Building C object esp-idf/bt/CMakeFiles/__idf_bt.dir/host/bluedroid/stack/hid/hidd_api.c.obj
[1083/1459] Building C object esp-idf/bt/CMakeFiles/__idf_bt.dir/host/bluedroid/stack/hid/hidh_api.c.obj
[1084/1459] Building C object esp-idf/bt/CMakeFiles/__idf_bt.dir/host/bluedroid/stack/hid/hidh_conn.c.obj
[1085/1459] Building C object esp-idf/bt/CMakeFiles/__idf_bt.dir/host/bluedroid/stack/btm/btm_ble_addr.c.obj
[1086/1459] Building C object esp-idf/bt/CMakeFiles/__idf_bt.dir/host/bluedroid/stack/btm/btm_ble_adv_filter.c.obj
[1087/1459] Building C object esp-idf/bt/CMakeFiles/__idf_bt.dir/host/bluedroid/stack/btm/btm_ble.c.obj
[1088/1459] Building C object esp-idf/bt/CMakeFiles/__idf_bt.dir/host/bluedroid/stack/btm/btm_acl.c.obj
[1089/1459] Building C object esp-idf/bt/CMakeFiles/__idf_bt.dir/host/bluedroid/stack/btm/btm_ble_bgconn.c.obj
[1090/1459] Building C object esp-idf/bt/CMakeFiles/__idf_bt.dir/host/bluedroid/stack/btm/btm_ble_batchscan.c.obj
[1091/1459] Building C object esp-idf/bt/CMakeFiles/__idf_bt.dir/host/bluedroid/stack/btm/btm_ble_cont_energy.c.obj
[1092/1459] Building C object esp-idf/bt/CMakeFiles/__idf_bt.dir/host/bluedroid/stack/btm/btm_dev.c.obj
[1093/1459] Building C object esp-idf/bt/CMakeFiles/__idf_bt.dir/host/bluedroid/stack/btm/btm_ble_multi_adv.c.obj
[1094/1459] Building C object esp-idf/bt/CMakeFiles/__idf_bt.dir/host/bluedroid/stack/btm/btm_main.c.obj
[1095/1459] Building C object esp-idf/bt/CMakeFiles/__idf_bt.dir/host/bluedroid/stack/btm/btm_devctl.c.obj
[1096/1459] Building C object esp-idf/bt/CMakeFiles/__idf_bt.dir/host/bluedroid/stack/btm/btm_ble_5_gap.c.obj
[1097/1459] Building C object esp-idf/bt/CMakeFiles/__idf_bt.dir/host/bluedroid/stack/btm/btm_ble_privacy.c.obj
[1098/1459] Building C object esp-idf/bt/CMakeFiles/__idf_bt.dir/host/bluedroid/stack/btm/btm_sco.c.obj
[1099/1459] Building C object esp-idf/bt/CMakeFiles/__idf_bt.dir/host/bluedroid/stack/btm/btm_ble_gap.c.obj
[1100/1459] Building C object esp-idf/bt/CMakeFiles/__idf_bt.dir/host/bluedroid/stack/btm/btm_pm.c.obj
[1101/1459] Building C object esp-idf/bt/CMakeFiles/__idf_bt.dir/host/bluedroid/stack/btm/btm_inq.c.obj
[1102/1459] Building C object esp-idf/bt/CMakeFiles/__idf_bt.dir/host/bluedroid/stack/btu/btu_init.c.obj
[1103/1459] Building C object esp-idf/bt/CMakeFiles/__idf_bt.dir/host/bluedroid/stack/btu/btu_task.c.obj
[1104/1459] Building C object esp-idf/bt/CMakeFiles/__idf_bt.dir/host/bluedroid/stack/gap/gap_api.c.obj
[1105/1459] Building C object esp-idf/bt/CMakeFiles/__idf_bt.dir/host/bluedroid/stack/btu/btu_hcif.c.obj
[1106/1459] Building C object esp-idf/bt/CMakeFiles/__idf_bt.dir/host/bluedroid/stack/gap/gap_utils.c.obj
[1107/1459] Building C object esp-idf/bt/CMakeFiles/__idf_bt.dir/host/bluedroid/stack/gap/gap_conn.c.obj
[1108/1459] Building C object esp-idf/bt/CMakeFiles/__idf_bt.dir/host/bluedroid/stack/btm/btm_sec.c.obj
[1109/1459] Building C object esp-idf/bt/CMakeFiles/__idf_bt.dir/host/bluedroid/stack/gap/gap_ble.c.obj
[1110/1459] Building C object esp-idf/bt/CMakeFiles/__idf_bt.dir/host/bluedroid/stack/gatt/att_protocol.c.obj
[1111/1459] Building C object esp-idf/bt/CMakeFiles/__idf_bt.dir/host/bluedroid/stack/gatt/gatt_attr.c.obj
[1112/1459] Building C object esp-idf/bt/CMakeFiles/__idf_bt.dir/host/bluedroid/stack/gatt/gatt_cl.c.obj
[1113/1459] Building C object esp-idf/bt/CMakeFiles/__idf_bt.dir/host/bluedroid/stack/gatt/gatt_api.c.obj
[1114/1459] Building C object esp-idf/bt/CMakeFiles/__idf_bt.dir/host/bluedroid/stack/gatt/gatt_auth.c.obj
[1115/1459] Building C object esp-idf/bt/CMakeFiles/__idf_bt.dir/host/bluedroid/stack/gatt/gatt_sr_hash.c.obj
[1116/1459] Building C object esp-idf/bt/CMakeFiles/__idf_bt.dir/host/bluedroid/stack/goep/goepc_api.c.obj
[1117/1459] Building C object esp-idf/bt/CMakeFiles/__idf_bt.dir/host/bluedroid/stack/gatt/gatt_db.c.obj
[1118/1459] Building C object esp-idf/bt/CMakeFiles/__idf_bt.dir/host/bluedroid/stack/gatt/gatt_main.c.obj
[1119/1459] Building C object esp-idf/bt/CMakeFiles/__idf_bt.dir/host/bluedroid/stack/gatt/gatt_sr.c.obj
[1120/1459] Building C object esp-idf/bt/CMakeFiles/__idf_bt.dir/host/bluedroid/stack/goep/goepc_main.c.obj
[1121/1459] Building C object esp-idf/bt/CMakeFiles/__idf_bt.dir/host/bluedroid/stack/l2cap/l2c_csm.c.obj
[1122/1459] Building C object esp-idf/bt/CMakeFiles/__idf_bt.dir/host/bluedroid/stack/l2cap/l2c_api.c.obj
[1123/1459] Building C object esp-idf/bt/CMakeFiles/__idf_bt.dir/host/bluedroid/stack/gatt/gatt_utils.c.obj
[1124/1459] Building C object esp-idf/bt/CMakeFiles/__idf_bt.dir/host/bluedroid/stack/hcic/hciblecmds.c.obj
[1125/1459] Building C object esp-idf/bt/CMakeFiles/__idf_bt.dir/host/bluedroid/stack/hcic/hcicmds.c.obj
[1126/1459] Building C object esp-idf/bt/CMakeFiles/__idf_bt.dir/host/bluedroid/stack/l2cap/l2c_ble.c.obj
[1127/1459] Building C object esp-idf/bt/CMakeFiles/__idf_bt.dir/host/bluedroid/stack/l2cap/l2c_ucd.c.obj
[1128/1459] Building C object esp-idf/bt/CMakeFiles/__idf_bt.dir/host/bluedroid/stack/l2cap/l2c_fcr.c.obj
[1129/1459] Building C object esp-idf/bt/CMakeFiles/__idf_bt.dir/host/bluedroid/stack/l2cap/l2cap_client.c.obj
[1130/1459] Building C object esp-idf/bt/CMakeFiles/__idf_bt.dir/host/bluedroid/stack/l2cap/l2c_main.c.obj
[1131/1459] Building C object esp-idf/bt/CMakeFiles/__idf_bt.dir/host/bluedroid/stack/obex/obex_main.c.obj
[1132/1459] Building C object esp-idf/bt/CMakeFiles/__idf_bt.dir/host/bluedroid/stack/obex/obex_api.c.obj
[1133/1459] Building C object esp-idf/bt/CMakeFiles/__idf_bt.dir/host/bluedroid/stack/obex/obex_tl_l2cap.c.obj
[1134/1459] Building C object esp-idf/bt/CMakeFiles/__idf_bt.dir/host/bluedroid/stack/rfcomm/port_api.c.obj
[1135/1459] Building C object esp-idf/bt/CMakeFiles/__idf_bt.dir/host/bluedroid/stack/l2cap/l2c_link.c.obj
[1136/1459] Building C object esp-idf/bt/CMakeFiles/__idf_bt.dir/host/bluedroid/stack/rfcomm/port_rfc.c.obj
[1137/1459] Building C object esp-idf/bt/CMakeFiles/__idf_bt.dir/host/bluedroid/stack/rfcomm/port_utils.c.obj
[1138/1459] Building C object esp-idf/bt/CMakeFiles/__idf_bt.dir/host/bluedroid/stack/rfcomm/rfc_l2cap_if.c.obj
[1139/1459] Building C object esp-idf/bt/CMakeFiles/__idf_bt.dir/host/bluedroid/stack/rfcomm/rfc_port_fsm.c.obj
[1140/1459] Building C object esp-idf/bt/CMakeFiles/__idf_bt.dir/host/bluedroid/stack/rfcomm/rfc_mx_fsm.c.obj
[1141/1459] Building C object esp-idf/bt/CMakeFiles/__idf_bt.dir/host/bluedroid/stack/l2cap/l2c_utils.c.obj
[1142/1459] Building C object esp-idf/bt/CMakeFiles/__idf_bt.dir/host/bluedroid/stack/rfcomm/rfc_ts_frames.c.obj
[1143/1459] Building C object esp-idf/bt/CMakeFiles/__idf_bt.dir/host/bluedroid/stack/rfcomm/rfc_port_if.c.obj
[1144/1459] Building C object esp-idf/bt/CMakeFiles/__idf_bt.dir/host/bluedroid/stack/rfcomm/rfc_utils.c.obj
[1145/1459] Building C object esp-idf/bt/CMakeFiles/__idf_bt.dir/host/bluedroid/stack/sdp/sdp_api.c.obj
[1146/1459] Building C object esp-idf/bt/CMakeFiles/__idf_bt.dir/host/bluedroid/stack/sdp/sdp_db.c.obj
[1147/1459] Building C object esp-idf/bt/CMakeFiles/__idf_bt.dir/host/bluedroid/stack/sdp/sdp_discovery.c.obj
[1148/1459] Building C object esp-idf/bt/CMakeFiles/__idf_bt.dir/host/bluedroid/stack/smp/p_256_curvepara.c.obj
[1149/1459] Building C object esp-idf/bt/CMakeFiles/__idf_bt.dir/host/bluedroid/stack/sdp/sdp_server.c.obj
[1150/1459] Building C object esp-idf/bt/CMakeFiles/__idf_bt.dir/host/bluedroid/stack/sdp/sdp_main.c.obj
[1151/1459] Building C object esp-idf/bt/CMakeFiles/__idf_bt.dir/host/bluedroid/stack/sdp/sdp_utils.c.obj
[1152/1459] Building C object esp-idf/bt/CMakeFiles/__idf_bt.dir/host/bluedroid/stack/smp/p_256_ecc_pp.c.obj
[1153/1459] Building C object esp-idf/bt/CMakeFiles/__idf_bt.dir/host/bluedroid/stack/smp/aes.c.obj
[1154/1459] Building C object esp-idf/bt/CMakeFiles/__idf_bt.dir/host/bluedroid/stack/smp/smp_api.c.obj
[1155/1459] Building C object esp-idf/bt/CMakeFiles/__idf_bt.dir/host/bluedroid/stack/smp/p_256_multprecision.c.obj
[1156/1459] Building C object esp-idf/bt/CMakeFiles/__idf_bt.dir/host/bluedroid/stack/smp/smp_br_main.c.obj
[1157/1459] Building C object esp-idf/bt/CMakeFiles/__idf_bt.dir/host/bluedroid/stack/smp/smp_cmac.c.obj
[1158/1459] Building C object esp-idf/bt/CMakeFiles/__idf_bt.dir/host/bluedroid/stack/smp/smp_act.c.obj
[1159/1459] Building C object esp-idf/bt/CMakeFiles/__idf_bt.dir/host/bluedroid/config/stack_config.c.obj
[1160/1459] Building C object esp-idf/bt/CMakeFiles/__idf_bt.dir/host/bluedroid/stack/smp/smp_l2c.c.obj
[1161/1459] Building C object esp-idf/bt/CMakeFiles/__idf_bt.dir/host/bluedroid/stack/smp/smp_main.c.obj
[1162/1459] Building C object esp-idf/bt/CMakeFiles/__idf_bt.dir/porting/ext/tinycrypt/src/utils.c.obj
[1163/1459] Building C object esp-idf/bt/CMakeFiles/__idf_bt.dir/host/bluedroid/stack/smp/smp_keys.c.obj
[1164/1459] Building C object esp-idf/bt/CMakeFiles/__idf_bt.dir/porting/ext/tinycrypt/src/sha256.c.obj
[1165/1459] Building C object esp-idf/bt/CMakeFiles/__idf_bt.dir/porting/ext/tinycrypt/src/ctr_mode.c.obj
[1166/1459] Building C object esp-idf/bt/CMakeFiles/__idf_bt.dir/host/bluedroid/stack/smp/smp_utils.c.obj
[1167/1459] Building C object esp-idf/bt/CMakeFiles/__idf_bt.dir/porting/ext/tinycrypt/src/ctr_prng.c.obj
[1168/1459] Building C object esp-idf/bt/CMakeFiles/__idf_bt.dir/common/btc/profile/esp/blufi/bluedroid_host/esp_blufi.c.obj
[1169/1459] Building C object esp-idf/bt/CMakeFiles/__idf_bt.dir/porting/ext/tinycrypt/src/aes_encrypt.c.obj
[1170/1459] Building C object esp-idf/bt/CMakeFiles/__idf_bt.dir/porting/ext/tinycrypt/src/aes_decrypt.c.obj
[1171/1459] Building C object esp-idf/bt/CMakeFiles/__idf_bt.dir/porting/ext/tinycrypt/src/cmac_mode.c.obj
[1172/1459] Building C object esp-idf/bt/CMakeFiles/__idf_bt.dir/porting/ext/tinycrypt/src/ccm_mode.c.obj
[1173/1459] Building C object esp-idf/bt/CMakeFiles/__idf_bt.dir/porting/ext/tinycrypt/src/ecc_dsa.c.obj
[1174/1459] Building C object esp-idf/bt/CMakeFiles/__idf_bt.dir/porting/ext/tinycrypt/src/ecc_platform_specific.c.obj
[1175/1459] Building C object esp-idf/bt/CMakeFiles/__idf_bt.dir/porting/ext/tinycrypt/src/ecc_dh.c.obj
[1176/1459] Building C object esp-idf/bt/CMakeFiles/__idf_bt.dir/porting/ext/tinycrypt/src/hmac_prng.c.obj
[1177/1459] Building C object esp-idf/bt/CMakeFiles/__idf_bt.dir/porting/ext/tinycrypt/src/hmac.c.obj
[1178/1459] Building C object esp-idf/bt/CMakeFiles/__idf_bt.dir/porting/ext/tinycrypt/src/ecc.c.obj
[1179/1459] Building C object esp-idf/unity/CMakeFiles/__idf_unity.dir/unity_compat.c.obj
[1180/1459] Building C object esp-idf/bt/CMakeFiles/__idf_bt.dir/porting/ext/tinycrypt/src/cbc_mode.c.obj
[1181/1459] Building C object esp-idf/unity/CMakeFiles/__idf_unity.dir/unity_runner.c.obj
[1182/1459] Building C object esp-idf/unity/CMakeFiles/__idf_unity.dir/unity_utils_cache.c.obj
[1183/1459] Building C object esp-idf/unity/CMakeFiles/__idf_unity.dir/unity_utils_memory.c.obj
[1184/1459] Building C object esp-idf/unity/CMakeFiles/__idf_unity.dir/unity_utils_freertos.c.obj
[1185/1459] Building C object esp-idf/cmock/CMakeFiles/__idf_cmock.dir/CMock/src/cmock.c.obj
[1186/1459] Building C object esp-idf/unity/CMakeFiles/__idf_unity.dir/unity_port_esp32.c.obj
[1187/1459] Building C object esp-idf/unity/CMakeFiles/__idf_unity.dir/port/esp/unity_utils_memory_esp.c.obj
[1188/1459] Building C object esp-idf/console/CMakeFiles/__idf_console.dir/split_argv.c.obj
[1189/1459] Building C object esp-idf/console/CMakeFiles/__idf_console.dir/commands.c.obj
[1190/1459] Building C object esp-idf/console/CMakeFiles/__idf_console.dir/esp_console_common.c.obj
[1191/1459] Building C object esp-idf/unity/CMakeFiles/__idf_unity.dir/unity/src/unity.c.obj
[1192/1459] Building C object esp-idf/console/CMakeFiles/__idf_console.dir/esp_console_repl_chip.c.obj
[1193/1459] Linking C static library esp-idf/unity/libunity.a
[1194/1459] Building C object esp-idf/console/CMakeFiles/__idf_console.dir/argtable3/arg_cmd.c.obj
[1195/1459] Linking C static library esp-idf/cmock/libcmock.a
[1196/1459] Building C object esp-idf/console/CMakeFiles/__idf_console.dir/argtable3/arg_dbl.c.obj
[1197/1459] Building C object esp-idf/console/CMakeFiles/__idf_console.dir/argtable3/arg_date.c.obj
[1198/1459] Building C object esp-idf/console/CMakeFiles/__idf_console.dir/linenoise/linenoise.c.obj
[1199/1459] Linking C static library esp-idf/bt/libbt.a
[1200/1459] Building C object esp-idf/console/CMakeFiles/__idf_console.dir/argtable3/arg_dstr.c.obj
[1201/1459] Building C object esp-idf/console/CMakeFiles/__idf_console.dir/argtable3/arg_end.c.obj
[1202/1459] Building C object esp-idf/console/CMakeFiles/__idf_console.dir/argtable3/arg_file.c.obj
[1203/1459] Building C object esp-idf/console/CMakeFiles/__idf_console.dir/argtable3/arg_rem.c.obj
[1204/1459] Building C object esp-idf/console/CMakeFiles/__idf_console.dir/argtable3/arg_hashtable.c.obj
[1205/1459] Building C object esp-idf/console/CMakeFiles/__idf_console.dir/argtable3/arg_int.c.obj
[1206/1459] Building C object esp-idf/console/CMakeFiles/__idf_console.dir/argtable3/arg_lit.c.obj
[1207/1459] Building C object esp-idf/esp_driver_cam/CMakeFiles/__idf_esp_driver_cam.dir/esp_cam_ctlr.c.obj
[1208/1459] Building C object esp-idf/console/CMakeFiles/__idf_console.dir/argtable3/arg_str.c.obj
[1209/1459] Building C object esp-idf/console/CMakeFiles/__idf_console.dir/argtable3/arg_utils.c.obj
[1210/1459] Building C object esp-idf/esp_driver_cam/CMakeFiles/__idf_esp_driver_cam.dir/dvp_share_ctrl.c.obj
[1211/1459] Linking C static library esp-idf/esp_driver_cam/libesp_driver_cam.a
[1212/1459] Building C object esp-idf/console/CMakeFiles/__idf_console.dir/argtable3/arg_rex.c.obj
[1213/1459] Building C object esp-idf/esp_eth/CMakeFiles/__idf_esp_eth.dir/src/esp_eth_netif_glue.c.obj
[1214/1459] Building C object esp-idf/console/CMakeFiles/__idf_console.dir/argtable3/argtable3.c.obj
[1215/1459] Building C object esp-idf/esp_hid/CMakeFiles/__idf_esp_hid.dir/src/esp_hidd.c.obj
[1216/1459] Building C object esp-idf/esp_eth/CMakeFiles/__idf_esp_eth.dir/src/esp_eth.c.obj
[1217/1459] Linking C static library esp-idf/console/libconsole.a
[1218/1459] Building C object esp-idf/esp_hid/CMakeFiles/__idf_esp_hid.dir/src/ble_hidh.c.obj
[1219/1459] Building C object esp-idf/esp_hid/CMakeFiles/__idf_esp_hid.dir/src/esp_hid_common.c.obj
[1220/1459] Building C object esp-idf/esp_hid/CMakeFiles/__idf_esp_hid.dir/src/esp_hidh.c.obj
[1221/1459] Building C object esp-idf/esp_hid/CMakeFiles/__idf_esp_hid.dir/src/bt_hidh.c.obj
[1222/1459] Building C object esp-idf/esp_eth/CMakeFiles/__idf_esp_eth.dir/src/phy/esp_eth_phy_802_3.c.obj
[1223/1459] Linking C static library esp-idf/esp_eth/libesp_eth.a
[1224/1459] Building C object esp-idf/esp_hid/CMakeFiles/__idf_esp_hid.dir/src/bt_hidd.c.obj
[1225/1459] Building C object esp-idf/esp_lcd/CMakeFiles/__idf_esp_lcd.dir/src/esp_lcd_panel_io.c.obj
[1226/1459] Building C object esp-idf/esp_lcd/CMakeFiles/__idf_esp_lcd.dir/src/esp_lcd_common.c.obj
[1227/1459] Building C object esp-idf/esp_https_server/CMakeFiles/__idf_esp_https_server.dir/src/https_server.c.obj
[1228/1459] Building C object esp-idf/esp_hid/CMakeFiles/__idf_esp_hid.dir/src/ble_hidd.c.obj
[1229/1459] Linking C static library esp-idf/esp_https_server/libesp_https_server.a
[1230/1459] Building C object esp-idf/esp_lcd/CMakeFiles/__idf_esp_lcd.dir/src/esp_lcd_panel_ops.c.obj
[1231/1459] Linking C static library esp-idf/esp_hid/libesp_hid.a
[1232/1459] Building C object esp-idf/esp_lcd/CMakeFiles/__idf_esp_lcd.dir/src/esp_lcd_panel_ssd1306.c.obj
[1233/1459] Building C object esp-idf/esp_lcd/CMakeFiles/__idf_esp_lcd.dir/src/esp_lcd_panel_nt35510.c.obj
[1234/1459] Building C object esp-idf/esp_lcd/CMakeFiles/__idf_esp_lcd.dir/src/esp_lcd_panel_st7789.c.obj
[1235/1459] Building C object esp-idf/esp_lcd/CMakeFiles/__idf_esp_lcd.dir/i2c/esp_lcd_panel_io_i2c_v1.c.obj
[1236/1459] Building C object esp-idf/esp_lcd/CMakeFiles/__idf_esp_lcd.dir/i2c/esp_lcd_panel_io_i2c_v2.c.obj
[1237/1459] Building C object esp-idf/esp_lcd/CMakeFiles/__idf_esp_lcd.dir/spi/esp_lcd_panel_io_spi.c.obj
[1238/1459] Building C object esp-idf/protocomm/CMakeFiles/__idf_protocomm.dir/proto-c/constants.pb-c.c.obj
[1239/1459] Building C object esp-idf/esp_lcd/CMakeFiles/__idf_esp_lcd.dir/i80/esp_lcd_panel_io_i80.c.obj
[1240/1459] Building C object esp-idf/protocomm/CMakeFiles/__idf_protocomm.dir/proto-c/sec0.pb-c.c.obj
[1241/1459] Building C object esp-idf/protocomm/CMakeFiles/__idf_protocomm.dir/proto-c/sec1.pb-c.c.obj
[1242/1459] Building C object esp-idf/protocomm/CMakeFiles/__idf_protocomm.dir/src/common/protocomm.c.obj
[1243/1459] Building C object esp-idf/protocomm/CMakeFiles/__idf_protocomm.dir/proto-c/session.pb-c.c.obj
[1244/1459] Building C object esp-idf/protocomm/CMakeFiles/__idf_protocomm.dir/proto-c/sec2.pb-c.c.obj
[1245/1459] Building C object esp-idf/esp_lcd/CMakeFiles/__idf_esp_lcd.dir/rgb/esp_lcd_panel_rgb.c.obj
[1246/1459] Building C object esp-idf/protocomm/CMakeFiles/__idf_protocomm.dir/src/security/security0.c.obj
[1247/1459] Linking C static library esp-idf/esp_lcd/libesp_lcd.a
[1248/1459] Building C object esp-idf/protocomm/CMakeFiles/__idf_protocomm.dir/src/transports/protocomm_console.c.obj
[1249/1459] Building C object esp-idf/protocomm/CMakeFiles/__idf_protocomm.dir/src/transports/protocomm_httpd.c.obj
[1250/1459] Building C object esp-idf/protocomm/CMakeFiles/__idf_protocomm.dir/src/crypto/srp6a/esp_srp_mpi.c.obj
[1251/1459] Building C object esp-idf/protocomm/CMakeFiles/__idf_protocomm.dir/src/crypto/srp6a/esp_srp.c.obj
[1252/1459] Building C object esp-idf/protobuf-c/CMakeFiles/__idf_protobuf-c.dir/protobuf-c/protobuf-c/protobuf-c.c.obj
[1253/1459] Building C object esp-idf/protocomm/CMakeFiles/__idf_protocomm.dir/src/security/security1.c.obj
[1254/1459] Linking C static library esp-idf/protobuf-c/libprotobuf-c.a
[1255/1459] Building C object esp-idf/protocomm/CMakeFiles/__idf_protocomm.dir/src/security/security2.c.obj
[1256/1459] Building C object esp-idf/protocomm/CMakeFiles/__idf_protocomm.dir/src/simple_ble/simple_ble.c.obj
[1257/1459] Building C object esp-idf/esp_local_ctrl/CMakeFiles/__idf_esp_local_ctrl.dir/src/esp_local_ctrl_transport_httpd.c.obj
[1258/1459] Building C object esp-idf/espcoredump/CMakeFiles/__idf_espcoredump.dir/src/core_dump_init.c.obj
[1259/1459] Building C object esp-idf/protocomm/CMakeFiles/__idf_protocomm.dir/src/transports/protocomm_ble.c.obj
[1260/1459] Building C object esp-idf/esp_local_ctrl/CMakeFiles/__idf_esp_local_ctrl.dir/src/esp_local_ctrl_handler.c.obj
[1261/1459] Building C object esp-idf/esp_local_ctrl/CMakeFiles/__idf_esp_local_ctrl.dir/proto-c/esp_local_ctrl.pb-c.c.obj
[1262/1459] Building C object esp-idf/espcoredump/CMakeFiles/__idf_espcoredump.dir/src/core_dump_common.c.obj
[1263/1459] Building C object esp-idf/esp_local_ctrl/CMakeFiles/__idf_esp_local_ctrl.dir/src/esp_local_ctrl.c.obj
[1264/1459] Building C object esp-idf/esp_local_ctrl/CMakeFiles/__idf_esp_local_ctrl.dir/src/esp_local_ctrl_transport_ble.c.obj
[1265/1459] Linking C static library esp-idf/protocomm/libprotocomm.a
[1266/1459] Building C object esp-idf/espcoredump/CMakeFiles/__idf_espcoredump.dir/src/core_dump_sha.c.obj
[1267/1459] Building C object esp-idf/espcoredump/CMakeFiles/__idf_espcoredump.dir/src/core_dump_crc.c.obj
[1268/1459] Linking C static library esp-idf/esp_local_ctrl/libesp_local_ctrl.a
[1269/1459] Building C object esp-idf/espcoredump/CMakeFiles/__idf_espcoredump.dir/src/core_dump_elf.c.obj
[1270/1459] Building C object esp-idf/espcoredump/CMakeFiles/__idf_espcoredump.dir/src/core_dump_flash.c.obj
[1271/1459] Building C object esp-idf/espcoredump/CMakeFiles/__idf_espcoredump.dir/src/port/xtensa/core_dump_port.c.obj
[1272/1459] Building C object esp-idf/espcoredump/CMakeFiles/__idf_espcoredump.dir/src/core_dump_uart.c.obj
[1273/1459] Building C object esp-idf/espcoredump/CMakeFiles/__idf_espcoredump.dir/src/core_dump_binary.c.obj
[1274/1459] Building CXX object esp-idf/wear_levelling/CMakeFiles/__idf_wear_levelling.dir/Partition.cpp.obj
[1275/1459] Linking C static library esp-idf/espcoredump/libespcoredump.a
[1276/1459] Building CXX object esp-idf/wear_levelling/CMakeFiles/__idf_wear_levelling.dir/crc32.cpp.obj
[1277/1459] Building CXX object esp-idf/wear_levelling/CMakeFiles/__idf_wear_levelling.dir/SPI_Flash.cpp.obj
[1278/1459] Building CXX object esp-idf/wear_levelling/CMakeFiles/__idf_wear_levelling.dir/WL_Ext_Safe.cpp.obj
[1279/1459] Building CXX object esp-idf/wear_levelling/CMakeFiles/__idf_wear_levelling.dir/WL_Ext_Perf.cpp.obj
[1280/1459] Building CXX object esp-idf/wear_levelling/CMakeFiles/__idf_wear_levelling.dir/wear_levelling.cpp.obj
[1281/1459] Building C object esp-idf/fatfs/CMakeFiles/__idf_fatfs.dir/diskio/diskio.c.obj
[1282/1459] Building C object esp-idf/fatfs/CMakeFiles/__idf_fatfs.dir/diskio/diskio_wl.c.obj
[1283/1459] Building C object esp-idf/fatfs/CMakeFiles/__idf_fatfs.dir/diskio/diskio_rawflash.c.obj
[1284/1459] Building CXX object esp-idf/wear_levelling/CMakeFiles/__idf_wear_levelling.dir/WL_Flash.cpp.obj
[1285/1459] Building C object esp-idf/fatfs/CMakeFiles/__idf_fatfs.dir/src/ffunicode.c.obj
[1286/1459] Linking C static library esp-idf/wear_levelling/libwear_levelling.a
[1287/1459] Building C object esp-idf/fatfs/CMakeFiles/__idf_fatfs.dir/port/freertos/ffsystem.c.obj
[1288/1459] Building C object esp-idf/fatfs/CMakeFiles/__idf_fatfs.dir/diskio/diskio_sdmmc.c.obj
[1289/1459] Building C object esp-idf/fatfs/CMakeFiles/__idf_fatfs.dir/vfs/vfs_fat_sdmmc.c.obj
[1290/1459] Building C object esp-idf/fatfs/CMakeFiles/__idf_fatfs.dir/vfs/vfs_fat_spiflash.c.obj
[1291/1459] Building C object esp-idf/json/CMakeFiles/__idf_json.dir/cJSON/cJSON_Utils.c.obj
[1292/1459] Building C object esp-idf/fatfs/CMakeFiles/__idf_fatfs.dir/vfs/vfs_fat.c.obj
[1293/1459] Building C object esp-idf/fatfs/CMakeFiles/__idf_fatfs.dir/src/ff.c.obj
[1294/1459] Building C object esp-idf/mqtt/CMakeFiles/__idf_mqtt.dir/esp-mqtt/lib/mqtt_msg.c.obj
[1295/1459] Linking C static library esp-idf/fatfs/libfatfs.a
[1296/1459] Building C object esp-idf/mqtt/CMakeFiles/__idf_mqtt.dir/esp-mqtt/lib/mqtt_outbox.c.obj
[1297/1459] Building C object esp-idf/perfmon/CMakeFiles/__idf_perfmon.dir/xtensa_perfmon_access.c.obj
[1298/1459] Building C object esp-idf/nvs_sec_provider/CMakeFiles/__idf_nvs_sec_provider.dir/nvs_sec_provider.c.obj
[1299/1459] Building C object esp-idf/mqtt/CMakeFiles/__idf_mqtt.dir/esp-mqtt/lib/platform_esp32_idf.c.obj
[1300/1459] Building C object esp-idf/perfmon/CMakeFiles/__idf_perfmon.dir/xtensa_perfmon_masks.c.obj
[1301/1459] Building C object esp-idf/json/CMakeFiles/__idf_json.dir/cJSON/cJSON.c.obj
[1302/1459] Linking C static library esp-idf/nvs_sec_provider/libnvs_sec_provider.a
[1303/1459] Building C object esp-idf/perfmon/CMakeFiles/__idf_perfmon.dir/xtensa_perfmon_apis.c.obj
[1304/1459] Linking C static library esp-idf/json/libjson.a
[1305/1459] Linking C static library esp-idf/perfmon/libperfmon.a
[1306/1459] Building C object esp-idf/rt/CMakeFiles/__idf_rt.dir/FreeRTOS_POSIX_utils.c.obj
[1307/1459] Building C object esp-idf/rt/CMakeFiles/__idf_rt.dir/FreeRTOS_POSIX_mqueue.c.obj
[1308/1459] Building C object esp-idf/spiffs/CMakeFiles/__idf_spiffs.dir/spiffs_api.c.obj
[1309/1459] Linking C static library esp-idf/rt/librt.a
[1310/1459] Building C object esp-idf/spiffs/CMakeFiles/__idf_spiffs.dir/spiffs/src/spiffs_cache.c.obj
[1311/1459] Building C object esp-idf/mqtt/CMakeFiles/__idf_mqtt.dir/esp-mqtt/mqtt_client.c.obj
[1312/1459] Linking C static library esp-idf/mqtt/libmqtt.a
[1313/1459] Building C object esp-idf/spiffs/CMakeFiles/__idf_spiffs.dir/spiffs/src/spiffs_gc.c.obj
[1314/1459] Building C object esp-idf/spiffs/CMakeFiles/__idf_spiffs.dir/spiffs/src/spiffs_check.c.obj
[1315/1459] Building C object esp-idf/touch_element/CMakeFiles/__idf_touch_element.dir/touch_button.c.obj
[1316/1459] Building C object esp-idf/spiffs/CMakeFiles/__idf_spiffs.dir/spiffs/src/spiffs_hydrogen.c.obj
[1317/1459] Building C object esp-idf/spiffs/CMakeFiles/__idf_spiffs.dir/esp_spiffs.c.obj
[1318/1459] Building C object esp-idf/touch_element/CMakeFiles/__idf_touch_element.dir/touch_slider.c.obj
[1319/1459] Building C object esp-idf/touch_element/CMakeFiles/__idf_touch_element.dir/touch_element.c.obj
[1320/1459] Building C object esp-idf/touch_element/CMakeFiles/__idf_touch_element.dir/touch_matrix.c.obj
[1321/1459] Building C object esp-idf/spiffs/CMakeFiles/__idf_spiffs.dir/spiffs/src/spiffs_nucleus.c.obj
[1322/1459] Linking C static library esp-idf/touch_element/libtouch_element.a
[1323/1459] Linking C static library esp-idf/spiffs/libspiffs.a
[1324/1459] Building C object esp-idf/usb/CMakeFiles/__idf_usb.dir/usb_helpers.c.obj
[1325/1459] Building C object esp-idf/usb/CMakeFiles/__idf_usb.dir/enum.c.obj
[1326/1459] Building C object esp-idf/usb/CMakeFiles/__idf_usb.dir/hub.c.obj
[1327/1459] Building C object esp-idf/usb/CMakeFiles/__idf_usb.dir/usb_private.c.obj
[1328/1459] Building C object esp-idf/usb/CMakeFiles/__idf_usb.dir/usb_phy.c.obj
[1329/1459] Building C object esp-idf/usb/CMakeFiles/__idf_usb.dir/hcd_dwc.c.obj
[1330/1459] Building C object esp-idf/usb/CMakeFiles/__idf_usb.dir/usb_host.c.obj
[1331/1459] Building C object esp-idf/wifi_provisioning/CMakeFiles/__idf_wifi_provisioning.dir/src/wifi_config.c.obj
[1332/1459] Building C object esp-idf/usb/CMakeFiles/__idf_usb.dir/usbh.c.obj
[1333/1459] Building C object esp-idf/usb/CMakeFiles/__idf_usb.dir/ext_port.c.obj
[1334/1459] Building C object esp-idf/wifi_provisioning/CMakeFiles/__idf_wifi_provisioning.dir/src/wifi_scan.c.obj
[1335/1459] Building C object esp-idf/wifi_provisioning/CMakeFiles/__idf_wifi_provisioning.dir/src/wifi_ctrl.c.obj
[1336/1459] Building C object esp-idf/wifi_provisioning/CMakeFiles/__idf_wifi_provisioning.dir/src/handlers.c.obj
[1337/1459] Building C object esp-idf/wifi_provisioning/CMakeFiles/__idf_wifi_provisioning.dir/src/scheme_console.c.obj
[1338/1459] Building C object esp-idf/usb/CMakeFiles/__idf_usb.dir/ext_hub.c.obj
[1339/1459] Linking C static library esp-idf/usb/libusb.a
[1340/1459] Building C object esp-idf/wifi_provisioning/CMakeFiles/__idf_wifi_provisioning.dir/proto-c/wifi_scan.pb-c.c.obj
[1341/1459] Building C object esp-idf/wifi_provisioning/CMakeFiles/__idf_wifi_provisioning.dir/proto-c/wifi_config.pb-c.c.obj
[1342/1459] Building C object esp-idf/wifi_provisioning/CMakeFiles/__idf_wifi_provisioning.dir/proto-c/wifi_constants.pb-c.c.obj
[1343/1459] Building C object esp-idf/wifi_provisioning/CMakeFiles/__idf_wifi_provisioning.dir/proto-c/wifi_ctrl.pb-c.c.obj
[1344/1459] Building C object esp-idf/wifi_provisioning/CMakeFiles/__idf_wifi_provisioning.dir/src/scheme_softap.c.obj
[1345/1459] Building C object esp-idf/espressif__usb_host_msc/CMakeFiles/__idf_espressif__usb_host_msc.dir/src/msc_scsi_bot.c.obj
[1346/1459] Building CXX object esp-idf/jgromes__radiolib/CMakeFiles/__idf_jgromes__radiolib.dir/src/Hal.cpp.obj
[1347/1459] Building C object esp-idf/espressif__usb_host_msc/CMakeFiles/__idf_espressif__usb_host_msc.dir/src/diskio_usb.c.obj
[1348/1459] Building C object esp-idf/wifi_provisioning/CMakeFiles/__idf_wifi_provisioning.dir/src/scheme_ble.c.obj
[1349/1459] Building C object esp-idf/espressif__usb_host_msc/CMakeFiles/__idf_espressif__usb_host_msc.dir/src/msc_host_vfs.c.obj
[1350/1459] Building C object esp-idf/wifi_provisioning/CMakeFiles/__idf_wifi_provisioning.dir/src/manager.c.obj
[1351/1459] Linking C static library esp-idf/wifi_provisioning/libwifi_provisioning.a
[1352/1459] Building C object esp-idf/espressif__usb_host_msc/CMakeFiles/__idf_espressif__usb_host_msc.dir/src/msc_host.c.obj
[1353/1459] Building CXX object esp-idf/jgromes__radiolib/CMakeFiles/__idf_jgromes__radiolib.dir/src/modules/LLCC68/LLCC68.cpp.obj
[1354/1459] Linking C static library esp-idf/espressif__usb_host_msc/libespressif__usb_host_msc.a
[1355/1459] Building CXX object esp-idf/jgromes__radiolib/CMakeFiles/__idf_jgromes__radiolib.dir/src/Module.cpp.obj
[1356/1459] Building CXX object esp-idf/jgromes__radiolib/CMakeFiles/__idf_jgromes__radiolib.dir/src/modules/LR11x0/LR1121.cpp.obj
[1357/1459] Building CXX object esp-idf/jgromes__radiolib/CMakeFiles/__idf_jgromes__radiolib.dir/src/modules/LR11x0/LR1110.cpp.obj
[1358/1459] Building CXX object esp-idf/jgromes__radiolib/CMakeFiles/__idf_jgromes__radiolib.dir/src/modules/LR11x0/LR11x0_crypto.cpp.obj
[1359/1459] Building CXX object esp-idf/jgromes__radiolib/CMakeFiles/__idf_jgromes__radiolib.dir/src/modules/LR11x0/LR11x0_gnss.cpp.obj
[1360/1459] Building CXX object esp-idf/jgromes__radiolib/CMakeFiles/__idf_jgromes__radiolib.dir/src/modules/LR11x0/LR1120.cpp.obj
[1361/1459] Building CXX object esp-idf/jgromes__radiolib/CMakeFiles/__idf_jgromes__radiolib.dir/src/modules/CC1101/CC1101.cpp.obj
[1362/1459] Building CXX object esp-idf/jgromes__radiolib/CMakeFiles/__idf_jgromes__radiolib.dir/src/modules/LR11x0/LR11x0_wifi.cpp.obj
[1363/1459] Building CXX object esp-idf/jgromes__radiolib/CMakeFiles/__idf_jgromes__radiolib.dir/src/modules/LR11x0/LR_common.cpp.obj
[1364/1459] Building CXX object esp-idf/jgromes__radiolib/CMakeFiles/__idf_jgromes__radiolib.dir/src/modules/LR11x0/LR11x0.cpp.obj
[1365/1459] Building CXX object esp-idf/jgromes__radiolib/CMakeFiles/__idf_jgromes__radiolib.dir/src/modules/LR11x0/LR11x0_commands.cpp.obj
[1366/1459] Building CXX object esp-idf/jgromes__radiolib/CMakeFiles/__idf_jgromes__radiolib.dir/src/modules/LR2021/LR2021_cmds_flrc.cpp.obj
[1367/1459] Building CXX object esp-idf/jgromes__radiolib/CMakeFiles/__idf_jgromes__radiolib.dir/src/modules/LR2021/LR2021_cmds_chip_control.cpp.obj
[1368/1459] Building CXX object esp-idf/jgromes__radiolib/CMakeFiles/__idf_jgromes__radiolib.dir/src/modules/LR2021/LR2021_cmds_gfsk.cpp.obj
[1369/1459] Building CXX object esp-idf/jgromes__radiolib/CMakeFiles/__idf_jgromes__radiolib.dir/src/modules/LR2021/LR2021.cpp.obj
[1370/1459] Building CXX object esp-idf/jgromes__radiolib/CMakeFiles/__idf_jgromes__radiolib.dir/src/modules/LR2021/LR2021_cmds_lora.cpp.obj
[1371/1459] Building CXX object esp-idf/jgromes__radiolib/CMakeFiles/__idf_jgromes__radiolib.dir/src/modules/LR2021/LR2021_cmds_misc.cpp.obj
[1372/1459] Building CXX object esp-idf/jgromes__radiolib/CMakeFiles/__idf_jgromes__radiolib.dir/src/modules/LR2021/LR2021_cmds_oqpsk.cpp.obj
[1373/1459] Building CXX object esp-idf/jgromes__radiolib/CMakeFiles/__idf_jgromes__radiolib.dir/src/modules/LR2021/LR2021_cmds_ook.cpp.obj
[1374/1459] Building CXX object esp-idf/jgromes__radiolib/CMakeFiles/__idf_jgromes__radiolib.dir/src/modules/SX123x/SX1231.cpp.obj
[1375/1459] Building CXX object esp-idf/jgromes__radiolib/CMakeFiles/__idf_jgromes__radiolib.dir/src/modules/LR2021/LR2021_cmds_ranging.cpp.obj
[1376/1459] Building CXX object esp-idf/jgromes__radiolib/CMakeFiles/__idf_jgromes__radiolib.dir/src/modules/SX126x/STM32WLx.cpp.obj
[1377/1459] Building CXX object esp-idf/jgromes__radiolib/CMakeFiles/__idf_jgromes__radiolib.dir/src/modules/SX126x/SX1261.cpp.obj
[1378/1459] Building CXX object esp-idf/jgromes__radiolib/CMakeFiles/__idf_jgromes__radiolib.dir/src/modules/LR2021/LR2021_cmds_radio.cpp.obj
[1379/1459] Building CXX object esp-idf/jgromes__radiolib/CMakeFiles/__idf_jgromes__radiolib.dir/src/modules/SX123x/SX1233.cpp.obj
[1380/1459] Building CXX object esp-idf/jgromes__radiolib/CMakeFiles/__idf_jgromes__radiolib.dir/src/modules/LR2021/LR2021_config.cpp.obj
[1381/1459] Building CXX object esp-idf/jgromes__radiolib/CMakeFiles/__idf_jgromes__radiolib.dir/src/modules/SX126x/SX1268.cpp.obj
[1382/1459] Building CXX object esp-idf/jgromes__radiolib/CMakeFiles/__idf_jgromes__radiolib.dir/src/modules/SX126x/SX1262.cpp.obj
[1383/1459] Building CXX object esp-idf/jgromes__radiolib/CMakeFiles/__idf_jgromes__radiolib.dir/src/modules/SX126x/SX126x_commands.cpp.obj
[1384/1459] Building CXX object esp-idf/jgromes__radiolib/CMakeFiles/__idf_jgromes__radiolib.dir/src/modules/SX126x/SX126x_LR_FHSS.cpp.obj
[1385/1459] Building CXX object esp-idf/jgromes__radiolib/CMakeFiles/__idf_jgromes__radiolib.dir/src/modules/SX127x/SX1273.cpp.obj
[1386/1459] Building CXX object esp-idf/jgromes__radiolib/CMakeFiles/__idf_jgromes__radiolib.dir/src/modules/RF69/RF69.cpp.obj
[1387/1459] Building CXX object esp-idf/jgromes__radiolib/CMakeFiles/__idf_jgromes__radiolib.dir/src/modules/SX127x/SX1277.cpp.obj
[1388/1459] Building CXX object esp-idf/jgromes__radiolib/CMakeFiles/__idf_jgromes__radiolib.dir/src/modules/SX127x/SX1276.cpp.obj
[1389/1459] Building CXX object esp-idf/jgromes__radiolib/CMakeFiles/__idf_jgromes__radiolib.dir/src/modules/SX127x/SX1272.cpp.obj
[1390/1459] Building CXX object esp-idf/jgromes__radiolib/CMakeFiles/__idf_jgromes__radiolib.dir/src/modules/SX127x/SX1279.cpp.obj
[1391/1459] Building CXX object esp-idf/jgromes__radiolib/CMakeFiles/__idf_jgromes__radiolib.dir/src/modules/SX126x/SX126x.cpp.obj
[1392/1459] Building CXX object esp-idf/jgromes__radiolib/CMakeFiles/__idf_jgromes__radiolib.dir/src/modules/SX126x/SX126x_config.cpp.obj
[1393/1459] Building CXX object esp-idf/jgromes__radiolib/CMakeFiles/__idf_jgromes__radiolib.dir/src/modules/SX128x/SX1280.cpp.obj
[1394/1459] Building CXX object esp-idf/jgromes__radiolib/CMakeFiles/__idf_jgromes__radiolib.dir/src/modules/SX128x/SX1281.cpp.obj
[1395/1459] Building CXX object esp-idf/jgromes__radiolib/CMakeFiles/__idf_jgromes__radiolib.dir/src/modules/SX128x/SX1282.cpp.obj
[1396/1459] Building CXX object esp-idf/jgromes__radiolib/CMakeFiles/__idf_jgromes__radiolib.dir/src/modules/Si443x/Si4430.cpp.obj
[1397/1459] Building CXX object esp-idf/jgromes__radiolib/CMakeFiles/__idf_jgromes__radiolib.dir/src/modules/Si443x/Si4431.cpp.obj
[1398/1459] Building CXX object esp-idf/jgromes__radiolib/CMakeFiles/__idf_jgromes__radiolib.dir/src/modules/Si443x/Si4432.cpp.obj
[1399/1459] Building CXX object esp-idf/jgromes__radiolib/CMakeFiles/__idf_jgromes__radiolib.dir/src/modules/SX127x/SX1278.cpp.obj
[1400/1459] Building CXX object esp-idf/jgromes__radiolib/CMakeFiles/__idf_jgromes__radiolib.dir/src/modules/nRF24/nRF24.cpp.obj
[1401/1459] Building CXX object esp-idf/jgromes__radiolib/CMakeFiles/__idf_jgromes__radiolib.dir/src/protocols/AFSK/AFSK.cpp.obj
[1402/1459] Building CXX object esp-idf/jgromes__radiolib/CMakeFiles/__idf_jgromes__radiolib.dir/src/protocols/APRS/APRS.cpp.obj
[1403/1459] Building CXX object esp-idf/jgromes__radiolib/CMakeFiles/__idf_jgromes__radiolib.dir/src/protocols/BellModem/BellModem.cpp.obj
[1404/1459] Building CXX object esp-idf/jgromes__radiolib/CMakeFiles/__idf_jgromes__radiolib.dir/src/protocols/AX25/AX25.cpp.obj
[1405/1459] Building CXX object esp-idf/jgromes__radiolib/CMakeFiles/__idf_jgromes__radiolib.dir/src/protocols/ADSB/ADSB.cpp.obj
[1406/1459] Building CXX object esp-idf/jgromes__radiolib/CMakeFiles/__idf_jgromes__radiolib.dir/src/modules/Si443x/Si443x.cpp.obj
[1407/1459] Building CXX object esp-idf/jgromes__radiolib/CMakeFiles/__idf_jgromes__radiolib.dir/src/protocols/Hellschreiber/Hellschreiber.cpp.obj
[1408/1459] Building CXX object esp-idf/jgromes__radiolib/CMakeFiles/__idf_jgromes__radiolib.dir/src/protocols/ExternalRadio/ExternalRadio.cpp.obj
[1409/1459] Building CXX object esp-idf/jgromes__radiolib/CMakeFiles/__idf_jgromes__radiolib.dir/src/modules/SX127x/SX127x.cpp.obj
[1410/1459] Building CXX object esp-idf/jgromes__radiolib/CMakeFiles/__idf_jgromes__radiolib.dir/src/protocols/LoRaWAN/LoRaWANBands.cpp.obj
[1411/1459] Building CXX object esp-idf/jgromes__radiolib/CMakeFiles/__idf_jgromes__radiolib.dir/src/protocols/LoRaWAN/LoRaWANPacMan.cpp.obj
[1412/1459] Building CXX object esp-idf/jgromes__radiolib/CMakeFiles/__idf_jgromes__radiolib.dir/src/modules/SX128x/SX128x.cpp.obj
[1413/1459] Building CXX object esp-idf/jgromes__radiolib/CMakeFiles/__idf_jgromes__radiolib.dir/src/protocols/LoRaWAN/LoRaWANPackageTS003.cpp.obj
[1414/1459] Building CXX object esp-idf/jgromes__radiolib/CMakeFiles/__idf_jgromes__radiolib.dir/src/protocols/LoRaWAN/LoRaWANPackageTS009.cpp.obj
[1415/1459] Building CXX object esp-idf/jgromes__radiolib/CMakeFiles/__idf_jgromes__radiolib.dir/src/protocols/Morse/Morse.cpp.obj
[1416/1459] Building CXX object esp-idf/jgromes__radiolib/CMakeFiles/__idf_jgromes__radiolib.dir/src/protocols/FSK4/FSK4.cpp.obj
[1417/1459] Building CXX object esp-idf/jgromes__radiolib/CMakeFiles/__idf_jgromes__radiolib.dir/src/protocols/PhysicalLayer/PhysicalLayer.cpp.obj
[1418/1459] Building CXX object esp-idf/jgromes__radiolib/CMakeFiles/__idf_jgromes__radiolib.dir/src/protocols/Print/ITA2String.cpp.obj
[1419/1459] Building CXX object esp-idf/jgromes__radiolib/CMakeFiles/__idf_jgromes__radiolib.dir/src/protocols/SSTV/SSTV.cpp.obj
[1420/1459] Building CXX object esp-idf/jgromes__radiolib/CMakeFiles/__idf_jgromes__radiolib.dir/src/utils/BCH.cpp.obj
[1421/1459] Building CXX object esp-idf/jgromes__radiolib/CMakeFiles/__idf_jgromes__radiolib.dir/src/utils/CRC.cpp.obj
[1422/1459] Building CXX object esp-idf/jgromes__radiolib/CMakeFiles/__idf_jgromes__radiolib.dir/src/protocols/Pager/Pager.cpp.obj
[1423/1459] Building CXX object esp-idf/jgromes__radiolib/CMakeFiles/__idf_jgromes__radiolib.dir/src/utils/ConvCode.cpp.obj
[1424/1459] Building CXX object esp-idf/jgromes__radiolib/CMakeFiles/__idf_jgromes__radiolib.dir/src/protocols/Print/Print.cpp.obj
[1425/1459] Building CXX object esp-idf/jgromes__radiolib/CMakeFiles/__idf_jgromes__radiolib.dir/src/utils/Utils.cpp.obj
[1426/1459] Building CXX object esp-idf/jgromes__radiolib/CMakeFiles/__idf_jgromes__radiolib.dir/src/protocols/RTTY/RTTY.cpp.obj
[1427/1459] Building CXX object esp-idf/jgromes__radiolib/CMakeFiles/__idf_jgromes__radiolib.dir/src/utils/Cryptography.cpp.obj
[1428/1459] Building CXX object esp-idf/jgromes__radiolib/CMakeFiles/__idf_jgromes__radiolib.dir/src/protocols/LoRaWAN/LoRaWAN.cpp.obj
[1429/1459] Building CXX object esp-idf/sqlite3/CMakeFiles/__idf_sqlite3.dir/esp32.cpp.obj
[1430/1459] Building C object esp-idf/espressif__cjson/CMakeFiles/__idf_espressif__cjson.dir/cJSON/cJSON_Utils.c.obj
[1431/1459] Building CXX object esp-idf/sqlite3/CMakeFiles/__idf_sqlite3.dir/shox96_0_2.cpp.obj
[1432/1459] Building C object esp-idf/espressif__cjson/CMakeFiles/__idf_espressif__cjson.dir/cJSON/cJSON.c.obj
[1433/1459] Linking C static library esp-idf/jgromes__radiolib/libjgromes__radiolib.a
[1434/1459] Linking C static library esp-idf/espressif__cjson/libespressif__cjson.a
[1435/1459] Building C object esp-idf/espressif__led_strip/CMakeFiles/__idf_espressif__led_strip.dir/src/led_strip_rmt_dev.c.obj
[1436/1459] Building C object esp-idf/espressif__led_strip/CMakeFiles/__idf_espressif__led_strip.dir/src/led_strip_api.c.obj
[1437/1459] Building C object esp-idf/espressif__led_strip/CMakeFiles/__idf_espressif__led_strip.dir/src/led_strip_rmt_encoder.c.obj
[1438/1459] Building C object esp-idf/sqlite3/CMakeFiles/__idf_sqlite3.dir/unishox1.c.obj
[1439/1459] Building C object esp-idf/espressif__led_strip/CMakeFiles/__idf_espressif__led_strip.dir/src/led_strip_spi_dev.c.obj
[1440/1459] Linking C static library esp-idf/espressif__led_strip/libespressif__led_strip.a
[1441/1459] Building C object esp-idf/main/CMakeFiles/__idf_main.dir/dns_server.c.obj
[1442/1459] Building C object esp-idf/main/CMakeFiles/__idf_main.dir/bulletin_board.c.obj
[1443/1459] Building C object esp-idf/espressif__usb_host_hid/CMakeFiles/__idf_espressif__usb_host_hid.dir/hid_host.c.obj
[1444/1459] Building C object esp-idf/main/CMakeFiles/__idf_main.dir/bulletin_api.c.obj
[1445/1459] Linking C static library esp-idf/espressif__usb_host_hid/libespressif__usb_host_hid.a
[1446/1459] Building C object esp-idf/main/CMakeFiles/__idf_main.dir/audio_api.c.obj
/app/main/audio_api.c:8:20: warning: 'TAG' defined but not used [-Wunused-variable]
    8 | static const char *TAG = "AUDIO_API";
      |                    ^~~
[1447/1459] Building C object esp-idf/main/CMakeFiles/__idf_main.dir/reticulum.c.obj
[1448/1459] Building C object esp-idf/main/CMakeFiles/__idf_main.dir/lxmf.c.obj
[1449/1459] Building CXX object esp-idf/main/CMakeFiles/__idf_main.dir/lorawan.cpp.obj
[1450/1459] Building C object esp-idf/main/CMakeFiles/__idf_main.dir/lxmf_nomadnet.c.obj
[1451/1459] Building C object esp-idf/main/CMakeFiles/__idf_main.dir/main.c.obj
[1452/1459] Building C object esp-idf/sqlite3/CMakeFiles/__idf_sqlite3.dir/sqlite3.c.obj
[1453/1459] Linking C static library esp-idf/sqlite3/libsqlite3.a
[1454/1459] Linking C static library esp-idf/main/libmain.a
[1455/1459] Generating ld/sections.ld
[1456/1459] Building C object CMakeFiles/app.elf.dir/project_elf_src_esp32s3.c.obj
[1457/1459] Linking CXX executable app.elf
[1458/1459] Generating binary image from built executable
esptool.py v4.12.0
Creating esp32s3 image...
Merged 3 ELF sections
Successfully created esp32s3 image.
Generated /app/build/app.bin
[1459/1459] cd /app/build/esp-idf/esptool_py && /home/jules/.espressif/python_env/idf5.4_py3.12_env/bin/python /home/jules/esp/esp-idf/components/partition_table/check_sizes.py --offset 0x8000 partition --type app /app/build/partition_table/partition-table.bin /app/build/app.bin
app.bin binary size 0x1dd860 bytes. Smallest app partition is 0x300000 bytes. 0x1227a0 bytes (38%) free.

Project build complete. To flash, run:
 idf.py flash
or
 idf.py -p PORT flash
or
 python -m esptool --chip esp32s3 -b 460800 --before default_reset --after hard_reset write_flash --flash_mode dio --flash_size 8MB --flash_freq 80m 0x0 build/bootloader/bootloader.bin 0x8000 build/partition_table/partition-table.bin 0x12000 build/ota_data_initial.bin 0x20000 build/app.bin
or from the "/app/build" directory
 python -m esptool --chip esp32s3 -b 460800 --before default_reset --after hard_reset write_flash "@flash_args"
Firmware compiled successfully!
